=== Sandcastle cycle 1/10 ===
Running 1 issue pipeline(s):
  #14: Implement server-created rooms and join confirmation -> sandcastle/issue-14
[1m[implement-14][22m Started on branch sandcastle/issue-14
[2m  tail -f .sandcastle\logs\sandcastle-issue-14-implement-14.log[22m
[1m[review-14][22m Started on branch sandcastle/issue-14
[2m  tail -f .sandcastle\logs\sandcastle-issue-14-review-14.log[22m
[1m[merge-completed-issues][22m Started on branch main
[2m  tail -f .sandcastle\logs\main-merge-completed-issues.log[22m
=== Sandcastle cycle 2/10 ===
Running 1 issue pipeline(s):
  #14: Implement server-created rooms and join confirmation -> sandcastle/issue-14
[1m[implement-14][22m Started on branch sandcastle/issue-14
[2m  tail -f .sandcastle\logs\sandcastle-issue-14-implement-14.log[22m
[1m[review-14][22m Started on branch sandcastle/issue-14
[2m  tail -f .sandcastle\logs\sandcastle-issue-14-review-14.log[22m
[1m[merge-completed-issues][22m Started on branch main
[2m  tail -f .sandcastle\logs\main-merge-completed-issues.log[22m
=== Sandcastle cycle 3/10 ===
No unblocked issues ready for agent work.
=== Sandcastle cycle 4/10 ===
No unblocked issues ready for agent work.
=== Sandcastle cycle 5/10 ===
No unblocked issues ready for agent work.
=== Sandcastle cycle 6/10 ===
No unblocked issues ready for agent work.
=== Sandcastle cycle 7/10 ===
No unblocked issues ready for agent work.
=== Sandcastle cycle 8/10 ===
No unblocked issues ready for agent work.
=== Sandcastle cycle 9/10 ===
No unblocked issues ready for agent work.
=== Sandcastle cycle 10/10 ===
No unblocked issues ready for agent work.
