
--- Run started: 2026-08-08T15:14:04.657Z ---
Iteration 1/1
Setting up sandbox
Setting up sandbox done (0.4s)
Agent started
I’ll inspect the target branch’s commits and working tree first, then compare the implementation against the domain contracts and coding standards before deciding whether any fixes are warranted.
todowrite({"todos":[{"content":"Inspect branch commits, diff, and repository state","status":"in_progress","priority":"high"},{"content":"Read CONTEXT, relevant ADRs, and coding standards","status":"pending","priority":"high"},{"content":"Review changed code and tests for regressions","status":"pending","priority":"high"},{"content":"Apply necessary fixes and run verification","status":"pending","priority":"high"},{"content":"Report review outcome with completion marker","status":"pending","priority":"medium"}]})
glob({"pattern":"docs/adr/*","path":"/home/agent/workspace"})
glob({"pattern":".sandcastle/CODING_STANDARDS.md","path":"/home/agent/workspace"})
bash(git diff --stat sandcastle/issue-9~1..sandcastle/issue-9 && git diff --name-status sandcastle/issue-9~1..sandcastle/issue-9)
bash(git status --short --branch && git log --oneline --decorate -10)
read({"filePath":"/home/agent/workspace/CONTEXT.md"})
read({"filePath":"/home/agent/workspace/.sandcastle/CODING_STANDARDS.md"})
read({"filePath":"/home/agent/workspace/docs/adr/0003-pseudonymous-progress.md"})
read({"filePath":"/home/agent/workspace/docs/adr/0005-deployment-and-migrations.md"})
read({"filePath":"/home/agent/workspace/docs/adr/0001-live-game-authority.md"})
bash(git diff --no-ext-diff --unified=80 sandcastle/issue-9~1..sandcastle/issue-9 -- src/app/api/agents/rankings/route.ts src/app/api/me/detection-progress/route.ts src/lib/agent-statistics.ts src/lib/match-persistence.ts supabase/migrations/20260808010000_match_persistence.sql supabase/migrations/20260808020000_agent_statistics.sql)
The branch adds durable Agent statistics, public rankings, and authenticated personal progress. The main review risk is the SQL/RPC boundary: statistics are derived from a trusted completion payload, so I’m checking idempotency, authorization, metric semantics, and whether the new routes expose only the intended aggregate data.
todowrite({"todos":[{"content":"Inspect branch commits, diff, and repository state","status":"completed","priority":"high"},{"content":"Read CONTEXT, relevant ADRs, and coding standards","status":"completed","priority":"high"},{"content":"Review changed code and tests for regressions","status":"in_progress","priority":"high"},{"content":"Apply necessary fixes and run verification","status":"pending","priority":"high"},{"content":"Report review outcome with completion marker","status":"pending","priority":"medium"}]})
read({"filePath":"/home/agent/workspace/src/lib/match-persistence-contract.test.ts"})
read({"filePath":"/home/agent/workspace/src/lib/portal-room.ts"})
read({"filePath":"/home/agent/workspace/src/lib/agent-statistics.test.ts"})
act.test.ts"})
read({"filePath":"/home/agent/workspace/src/lib/auth-policy.ts"})
read({"filePath":"/home/agent/workspace/supabase/migrations/20260808010000_match_persistence.sql"})
read({"filePath":"/home/agent/workspace/src/app/api/portal/token/route.ts"})
glob({"pattern":"supabase/migrations/*.sql","path":"/home/agent/workspace"})
grep({"pattern":"player_progress|ai_detection_attempts|impostor_attempts|record_agent_statistics|agent_match_statistics","path":"/home/agent/workspace","include":"*.{sql,ts,tsx}"})
read({"filePath":"/home/agent/workspace/src/lib/server-env-config.ts"})
read({"filePath":"/home/agent/workspace/src/lib/supabase/server.ts"})
read({"filePath":"/home/agent/workspace/src/app/api/me/detection-progress/route.ts"})
bash(git show --stat --oneline 92cae6b && git show --format=fuller --no-ext-diff --unified=20 92cae6b --)
read({"filePath":"/home/agent/workspace/supabase/migrations/20260808000000_guest_progress.sql"})
grep({"pattern":"persistCompletedMatch|player_progress|ai_detection_successes|detection-progress|agent_rankings","path":"/home/agent/workspace/src","include":"*.{ts,tsx}"})
bash(bun run test)
bash(bun run lint)
bash(bun run typecheck)
I found two concrete issues worth fixing on the branch: the new raw per-match statistics table is publicly readable despite the contract allowing only aggregate public Agent statistics, and guest-history migration drops the newly added progress counters instead of carrying them forward. I’m tightening the RLS surface and preserving those counters, with contract tests for both.
apply_patch({"patchText":"*** Begin Patch\n*** Update File: /home/agent/workspace/supabase/migrations/20260808020000_agent_statistics.sql\n@@\n alter table public.agent_match_statistics enable row level security;\n-\n-create policy \"Anyone can read competitive Agent statistics\"\n-  on public.agent_match_statistics for select using (true);\n \n create or replace view public.agent_rankings as\n*** Update File: /home/agent/workspace/supabase/migrations/20260808000000_guest_progress.sql\n@@\n-  insert into public.player_progress (player_id, rounds_played, ai_detections, impostor_detections)\n-  select destination_player_id, rounds_played, ai_detections, impostor_detections\n+  insert into public.player_progress (\n+    player_id, rounds_played, ai_detections, impostor_detections,\n+    ai_detection_attempts, ai_detection_successes, impostor_attempts,\n+    impostor_successes\n+  )\n+  select destination_player_id, rounds_played, ai_detections, impostor_detections,\n+    ai_detection_attempts, ai_detection_successes, impostor_attempts,\n+    impostor_successes\n   from public.player_progress\n   where player_id = source_guest_id\n   on conflict (player_id) do update set\n     rounds_played = player_progress.rounds_played + excluded.rounds_played,\n     ai_detections = player_progress.ai_detections + excluded.ai_detections,\n     impostor_detections = player_progress.impostor_detections + excluded.impostor_detections,\n+    ai_detection_attempts = player_progress.ai_detection_attempts + excluded.ai_detection_attempts,\n+    ai_detection_successes = player_progress.ai_detection_successes + excluded.ai_detection_successes,\n+    impostor_attempts = player_progress.impostor_attempts + excluded.impostor_attempts,\n+    impostor_successes = player_progress.impostor_successes + excluded.impostor_successes,\n     updated_at = now();\n*** Update File: /home/agent/workspace/src/lib/match-persistence-contract.test.ts\n@@\n   expect(statisticsMigration).toContain(\"grant select on public.agent_rankings\");\n   expect(statisticsMigration).toContain(\"player_progress\");\n+  expect(statisticsMigration).not.toContain(\n+    'create policy \"Anyone can read competitive Agent statistics\"',\n+  );\n+  expect(migration).toContain(\"ai_detection_attempts = player_progress.ai_detection_attempts + excluded.ai_detection_attempts\");\n+  expect(migration).toContain(\"impostor_successes = player_progress.impostor_successes + excluded.impostor_successes\");\n });\n*** End Patch"})
apply_patch({"patchText":"*** Begin Patch\n*** Update File: /home/agent/workspace/supabase/migrations/20260808000000_guest_progress.sql\n@@\n-  insert into public.player_progress (\n-    player_id, rounds_played, ai_detections, impostor_detections,\n-    ai_detection_attempts, ai_detection_successes, impostor_attempts,\n-    impostor_successes\n-  )\n-  select destination_player_id, rounds_played, ai_detections, impostor_detections,\n-    ai_detection_attempts, ai_detection_successes, impostor_attempts,\n-    impostor_successes\n+  insert into public.player_progress (player_id, rounds_played, ai_detections, impostor_detections)\n+  select destination_player_id, rounds_played, ai_detections, impostor_detections\n   from public.player_progress\n   where player_id = source_guest_id\n   on conflict (player_id) do update set\n     rounds_played = player_progress.rounds_played + excluded.rounds_played,\n     ai_detections = player_progress.ai_detections + excluded.ai_detections,\n     impostor_detections = player_progress.impostor_detections + excluded.impostor_detections,\n-    ai_detection_attempts = player_progress.ai_detection_attempts + excluded.ai_detection_attempts,\n-    ai_detection_successes = player_progress.ai_detection_successes + excluded.ai_detection_successes,\n-    impostor_attempts = player_progress.impostor_attempts + excluded.impostor_attempts,\n-    impostor_successes = player_progress.impostor_successes + excluded.impostor_successes,\n     updated_at = now();\n*** Update File: /home/agent/workspace/supabase/migrations/20260808020000_agent_statistics.sql\n@@\n alter table public.player_progress\n   add column ai_detection_attempts integer not null default 0 check (ai_detection_attempts >= 0),\n   add column ai_detection_successes integer not null default 0 check (ai_detection_successes >= 0),\n   add column impostor_attempts integer not null default 0 check (impostor_attempts >= 0),\n   add column impostor_successes integer not null default 0 check (impostor_successes >= 0);\n+\n+create or replace function public.migrate_guest_progress(\n+  source_guest_id uuid,\n+  destination_player_id uuid\n+)\n+returns table (migrated_matches integer)\n+language plpgsql\n+security definer\n+set search_path = public\n+as $$\n+declare\n+  moved integer;\n+begin\n+  if not exists (\n+    select 1 from auth.users\n+    where id = destination_player_id and is_anonymous = false\n+  ) then\n+    raise exception 'A persistent account is required';\n+  end if;\n+\n+  if not exists (\n+    select 1 from auth.users\n+    where id = source_guest_id and is_anonymous = true\n+  ) then\n+    raise exception 'The source must be a Guest session';\n+  end if;\n+\n+  if source_guest_id = destination_player_id then\n+    raise exception 'A Guest session cannot migrate to itself';\n+  end if;\n+\n+  insert into public.guest_progress_migrations (guest_player_id, persistent_player_id)\n+  values (source_guest_id, destination_player_id);\n+\n+  delete from public.player_match_history source_history\n+  where source_history.player_id = source_guest_id\n+    and exists (\n+      select 1 from public.player_match_history destination_history\n+      where destination_history.player_id = destination_player_id\n+        and destination_history.match_id = source_history.match_id\n+    );\n+\n+  update public.player_match_history\n+  set player_id = destination_player_id\n+  where player_id = source_guest_id;\n+  get diagnostics moved = row_count;\n+\n+  insert into public.player_progress (\n+    player_id, rounds_played, ai_detections, impostor_detections,\n+    ai_detection_attempts, ai_detection_successes, impostor_attempts,\n+    impostor_successes\n+  )\n+  select destination_player_id, rounds_played, ai_detections, impostor_detections,\n+    ai_detection_attempts, ai_detection_successes, impostor_attempts,\n+    impostor_successes\n+  from public.player_progress\n+  where player_id = source_guest_id\n+  on conflict (player_id) do update set\n+    rounds_played = player_progress.rounds_played + excluded.rounds_played,\n+    ai_detections = player_progress.ai_detections + excluded.ai_detections,\n+    impostor_detections = player_progress.impostor_detections + excluded.impostor_detections,\n+    ai_detection_attempts = player_progress.ai_detection_attempts + excluded.ai_detection_attempts,\n+    ai_detection_successes = player_progress.ai_detection_successes + excluded.ai_detection_successes,\n+    impostor_attempts = player_progress.impostor_attempts + excluded.impostor_attempts,\n+    impostor_successes = player_progress.impostor_successes + excluded.impostor_successes,\n+    updated_at = now();\n+\n+  delete from public.player_progress where player_id = source_guest_id;\n+  return query select moved;\n+end;\n+$$;\n \n create table public.agent_match_statistics (\n*** Update File: /home/agent/workspace/src/lib/match-persistence-contract.test.ts\n@@\n-  expect(migration).toContain(\"ai_detection_attempts = player_progress.ai_detection_attempts + excluded.ai_detection_attempts\");\n-  expect(migration).toContain(\"impostor_successes = player_progress.impostor_successes + excluded.impostor_successes\");\n+  expect(statisticsMigration).toContain(\n+    \"ai_detection_attempts = player_progress.ai_detection_attempts + excluded.ai_detection_attempts\",\n+  );\n+  expect(statisticsMigration).toContain(\n+    \"impostor_successes = player_progress.impostor_successes + excluded.impostor_successes\",\n+  );\n*** End Patch"})
bash(bun test src/lib/agent-statistics.test.ts src/lib/match-persistence-contract.test.ts)
bash(git diff --no-ext-diff sandcastle/issue-9 -- supabase/migrations/20260808000000_guest_progress.sql supabase/migrations/20260808020000_agent_statistics.sql src/lib/match-persistence-contract.test.ts)
bash(git status --short)
The migration fix is now isolated to the new statistics migration, so already-deployed migration history is not rewritten. Targeted tests pass; I’m checking the final branch diff and running the full verification suite before committing only the review fixes, leaving the pre-existing worktree changes untouched.
bash(git diff --no-ext-diff --check sandcastle/issue-9 -- supabase/migrations/20260808020000_agent_statistics.sql src/lib/match-persistence-contract.test.ts)
bash(bun run test)
bash(bun run typecheck)
Agent idle for 1 minute
bash(bun run build)
bash(git add supabase/migrations/20260808020000_agent_statistics.sql src/lib/match-persistence-contract.test.ts && git diff --cached --stat && git diff --cached --check && git diff --cached --no-ext-diff)
bash(git commit -m "fix: protect agent statistics and guest progress")
All functional checks pass, including build and typecheck. The repository has no configured Git identity, so the first commit attempt was rejected; I’ll retry with one-shot commit author environment variables, without changing repository or global Git configuration.
bash(GIT_AUTHOR_NAME='OpenCode' GIT_AUTHOR_EMAIL='opencode@users.noreply.github.com' GIT_COMMITTER_NAME='OpenCode' GIT_COMMITTER_EMAIL='opencode@users.noreply.github.com' git commit -m "fix: protect agent statistics and guest progress")
todowrite({"todos":[{"content":"Inspect branch commits, diff, and repository state","status":"completed","priority":"high"},{"content":"Read CONTEXT, relevant ADRs, and coding standards","status":"completed","priority":"high"},{"content":"Review changed code and tests for regressions","status":"completed","priority":"high"},{"content":"Apply necessary fixes and run verification","status":"completed","priority":"high"},{"content":"Report review outcome with completion marker","status":"completed","priority":"medium"}]})
bash(git show --stat --oneline aa88e9b)
bash(git status --short --branch && git log --oneline -3)
Review completed. Fixed and committed as `aa88e9b`:

- Restricted raw Agent statistics from public access.
- Preserved new progress counters during Guest migration.
- Added regression contract tests.

Verification: tests, typecheck, and build pass. Lint is blocked by pre-existing formatting changes in the dirty worktree.

<promise>COMPLETE</promise>
Agent stopped
Syncing 1 commit to host
Syncing 1 commit to host done (0.0s)
Collecting commits
Collecting commits done (0.1s)
Agent signaled completion after 1 iteration(s).
Run complete: agent finished after 1 iteration(s).

--- Run started: 2026-08-08T15:32:54.135Z ---
Iteration 1/1
Setting up sandbox
Setting up sandbox done (0.4s)
Agent started
I’ll inspect the branch history and diff first, then cross-check the affected paths against the domain docs and run the relevant verification commands. I’ll only edit and commit if the review reveals a concrete issue.
todowrite({"todos":[{"content":"Inspect branch commits, diff, and worktree state","status":"in_progress","priority":"high"},{"content":"Read CONTEXT, ADRs, and coding standards relevant to changes","status":"pending","priority":"high"},{"content":"Review implementation and tests for security and correctness gaps","status":"pending","priority":"high"},{"content":"Apply fixes if needed and run verification","status":"pending","priority":"high"},{"content":"Report findings and completion status","status":"pending","priority":"medium"}]})
glob({"pattern":"docs/adr/**","path":"/home/agent/workspace"})
read({"filePath":"/home/agent/workspace/CONTEXT.md"})
read({"filePath":"/home/agent/workspace/.sandcastle/CODING_STANDARDS.md"})
bash(git diff --stat sandcastle/issue-9^..sandcastle/issue-9 && git diff --name-status sandcastle/issue-9^..sandcastle/issue-9)
bash(git status --short --branch && git log --oneline --decorate -10)
The branch tip contains a single review-scope change (`src/lib/agent-statistics.test.ts`), while the worktree has broad pre-existing modifications unrelated to that commit. I’ll keep those untouched and review the branch commit against its parent, with the agent-statistics implementation and persistence contracts as the focus.
glob({"pattern":"src/lib/agent-statistics*","path":"/home/agent/workspace"})
grep({"pattern":"statistics|inconclusive|Impostor win|camouflage|agent","path":"/home/agent/workspace/src/lib","include":"*.ts"})
read({"filePath":"/home/agent/workspace/docs/adr/0005-deployment-and-migrations.md"})
read({"filePath":"/home/agent/workspace/docs/adr/0001-live-game-authority.md"})
read({"filePath":"/home/agent/workspace/docs/adr/0003-pseudonymous-progress.md"})
read({"filePath":"/home/agent/workspace/docs/adr/0002-independent-hidden-roles.md"})
read({"filePath":"/home/agent/workspace/docs/adr/0004-agent-runtime-and-benchmarking.md"})
bash(git show --stat --oneline 37d1906 && git show --format=fuller --find-renames 37d1906 -- src/lib/agent-statistics.test.ts)
bash(git diff 108dc2a..sandcastle/issue-9 -- src/lib/agent-statistics.ts src/lib/agent-statistics.test.ts src/app/api/agents/rankings/route.ts supabase/migrations/20260808020000_agent_statistics.sql src/lib/agent-statistics-route-contract.test.ts src/lib/match-persistence.ts)
bash(git show sandcastle/issue-9:src/lib/agent-statistics.test.ts && git show sandcastle/issue-9:src/lib/agent-statistics-route-contract.test.ts && git show sandcastle/issue-9:src/lib/match-persistence.ts)
bash(git show sandcastle/issue-9:src/lib/agent-statistics.ts && git show sandcastle/issue-9:src/app/api/agents/rankings/route.ts && git show sandcastle/issue-9:supabase/migrations/20260808020000_agent_statistics.sql)
bash(git log --oneline --reverse 108dc2a..sandcastle/issue-9 && git diff --stat 108dc2a..sandcastle/issue-9 && git diff --name-status 108dc2a..sandcastle/issue-9)
grep({"pattern":"record_agent_statistics|persist_completed_match|statistics_payload|ai_detection_attempts","path":"/home/agent/workspace","include":"*.{ts,sql}"})
bash(git show sandcastle/issue-9:supabase/migrations/20260808010000_match_persistence.sql && git show sandcastle/issue-9:supabase/migrations/20260808000000_guest_progress.sql)
bash(git show sandcastle/issue-9:src/app/api/me/detection-progress/route.ts && git show sandcastle/issue-9:src/app/api/auth/migrate/route.ts && git show sandcastle/issue-9:src/app/api/agents/rankings/route.ts)
bash(git diff --check 108dc2a..sandcastle/issue-9 && git status --short)
grep({"pattern":"statistics\\s*:|aiDetection|impostorWin|responseTimeMs|fallback_match","path":"/home/agent/workspace/src","include":"*.ts*"})
bash(git grep -n -E 'statistics:|aiDetection|impostorWin|responseTimeMs|fallback_match' sandcastle/issue-9 -- 'src/**')
bash(git log --format='%H %s' 108dc2a..sandcastle/issue-9 && git diff --unified=80 92cae6b^..aa88e9b -- supabase/migrations/20260808020000_agent_statistics.sql src/app/api/me/detection-progress/route.ts)
todowrite({"todos":[{"content":"Inspect branch commits, diff, and worktree state","status":"completed","priority":"high"},{"content":"Read CONTEXT, ADRs, and coding standards relevant to changes","status":"completed","priority":"high"},{"content":"Review implementation and tests for security and correctness gaps","status":"in_progress","priority":"high"},{"content":"Apply fixes if needed and run verification","status":"pending","priority":"high"},{"content":"Report findings and completion status","status":"pending","priority":"medium"}]})
grep({"pattern":"persistCompletedMatch|createMatchPersistence|CompletedMatchPayload","path":"/home/agent/workspace","include":"*.ts*"})
bash(git show sandcastle/issue-9:package.json && git show sandcastle/issue-9:src/lib/match-persistence-contract.test.ts)
bash(git grep -n -E 'persistCompletedMatch|createMatchPersistence|CompletedMatchPayload' sandcastle/issue-9 -- ':!src/lib/match-persistence.ts')
The review found no secret or client-authority exposure in the issue commits. The persistence path invokes the statistics recorder server-side, the public view contains aggregate Agent metrics only, and guest migration remains service-role gated. I’m running the repository checks now to distinguish implementation defects from test-contract gaps.
bash(bun run test)
bash(bun run lint)
bash(bun run typecheck)
Tests and typechecking pass. `bun run lint` is blocked by the pre-existing dirty worktree’s CRLF/formatting differences across unrelated files; the issue-9 files themselves are clean in the branch diff. I’ll perform a targeted formatting check and final diff/status review without touching those unrelated edits.
bash(git diff --numstat 108dc2a..sandcastle/issue-9)
bash(git show --check --oneline 92cae6b aa88e9b 37d1906)
bash(bunx biome check src/app/api/agents/rankings/route.ts src/app/api/me/detection-progress/route.ts src/lib/agent-statistics.ts src/lib/agent-statistics.test.ts src/lib/agent-statistics-route-contract.test.ts src/lib/match-persistence.ts src/lib/match-persistence-contract.test.ts)
bash(git diff --check 108dc2a..sandcastle/issue-9 && git diff --stat 108dc2a..sandcastle/issue-9 && git status --short --branch)
The targeted check found one issue-9 formatting violation in `src/lib/match-persistence-contract.test.ts`; it is independent of the unrelated worktree failures and is a direct coding-standards fix. I’ll make that minimal formatting correction, rerun the focused checks, and commit only that file.
apply_patch({"patchText":"*** Begin Patch\n*** Update File: /home/agent/workspace/src/lib/match-persistence-contract.test.ts\n@@\n-  expect(statisticsMigration).toContain(\"create or replace view public.agent_rankings\");\n+  expect(statisticsMigration).toContain(\n+    \"create or replace view public.agent_rankings\",\n+  );\n@@\n-  expect(statisticsMigration).toContain(\"grant select on public.agent_rankings\");\n+  expect(statisticsMigration).toContain(\n+    \"grant select on public.agent_rankings\",\n+  );\n*** End Patch"})
bash(bun test src/lib/agent-statistics.test.ts src/lib/agent-statistics-route-contract.test.ts src/lib/match-persistence-contract.test.ts)
bash(bunx biome check src/app/api/agents/rankings/route.ts src/app/api/me/detection-progress/route.ts src/lib/agent-statistics.ts src/lib/agent-statistics.test.ts src/lib/agent-statistics-route-contract.test.ts src/lib/match-persistence.ts src/lib/match-persistence-contract.test.ts)
bash(git status --short && git diff -- src/lib/match-persistence-contract.test.ts && git diff --check)
bash(git status --short && git diff -- src/lib/match-persistence-contract.test.ts && git log --oneline -10)
bash(git add src/lib/match-persistence-contract.test.ts && git commit -m "style: format statistics contract assertions")
The focused checks now pass. The first commit attempt was blocked because this workspace has no Git author identity configured; I’ll commit using one-command author metadata only, without changing repository or global Git configuration.
bash(GIT_AUTHOR_NAME="OpenCode" GIT_AUTHOR_EMAIL="opencode@users.noreply.github.com" GIT_COMMITTER_NAME="OpenCode" GIT_COMMITTER_EMAIL="opencode@users.noreply.github.com" git commit -m "style: format statistics contract assertions")
bash(git log --oneline --decorate -5)
bash(git status --short --branch && git show --stat --oneline HEAD && git diff --check 108dc2a..HEAD -- src/app src/lib supabase)
bash(bun run test && bun run typecheck)
todowrite({"todos":[{"content":"Inspect branch commits, diff, and worktree state","status":"completed","priority":"high"},{"content":"Read CONTEXT, ADRs, and coding standards relevant to changes","status":"completed","priority":"high"},{"content":"Review implementation and tests for security and correctness gaps","status":"completed","priority":"high"},{"content":"Apply fixes if needed and run verification","status":"completed","priority":"high"},{"content":"Report findings and completion status","status":"completed","priority":"medium"}]})
Review complete. No security or correctness findings in issue-9 changes.

- Fixed formatting in `src/lib/match-persistence-contract.test.ts`
- Committed as `e9c5af4`
- Tests and typecheck pass
- Full lint remains blocked by unrelated pre-existing worktree formatting changes

<promise>COMPLETE</promise>
Agent stopped
Syncing 1 commit to host
Syncing 1 commit to host done (0.0s)
Collecting commits
Collecting commits done (0.1s)
Agent signaled completion after 1 iteration(s).
Run complete: agent finished after 1 iteration(s).
