
--- Run started: 2026-08-08T12:11:59.171Z ---
Iteration 1/1
Setting up sandbox
Setting up sandbox done (0.4s)
Agent started
I’ll inspect the target branch history and diff against its base, then cross-check the changed paths against the project contracts and run the relevant verification commands. I’ll only modify the branch if the review finds a concrete issue.
todowrite({"todos":[{"content":"Inspect branch commits, diff, and worktree state","status":"in_progress","priority":"high"},{"content":"Read project context, ADRs, and coding standards","status":"pending","priority":"high"},{"content":"Review changed code for correctness and security risks","status":"pending","priority":"high"},{"content":"Run tests and checks for reviewed changes","status":"pending","priority":"medium"},{"content":"Apply and commit necessary fixes, or report no changes","status":"pending","priority":"high"}]})
glob({"pattern":"docs/adr/*","path":"/home/agent/workspace"})
glob({"pattern":"**/*","path":"/home/agent/workspace"})
bash(git status --short --branch && git log --oneline --decorate -10 && git branch --show-current && git diff --stat)
bash(git diff --name-status 5791878..HEAD && git diff --stat 5791878..HEAD && git show --format=fuller --stat --summary HEAD)
read({"filePath":"/home/agent/workspace/CONTEXT.md"})
read({"filePath":"/home/agent/workspace/.sandcastle/CODING_STANDARDS.md"})
read({"filePath":"/home/agent/workspace/docs/adr/0001-live-game-authority.md"})
read({"filePath":"/home/agent/workspace/docs/adr/0002-independent-hidden-roles.md"})
read({"filePath":"/home/agent/workspace/docs/adr/0004-agent-runtime-and-benchmarking.md"})
read({"filePath":"/home/agent/workspace/docs/adr/0005-deployment-and-migrations.md"})
read({"filePath":"/home/agent/workspace/package.json"})
read({"filePath":"/home/agent/workspace/.env.example"})
read({"filePath":"/home/agent/workspace/src/lib/env.test.ts"})
read({"filePath":"/home/agent/workspace/src/lib/env/server.ts"})
read({"filePath":"/home/agent/workspace/src/lib/env/server-config.ts"})
read({"filePath":"/home/agent/workspace/src/lib/env/public.ts"})
bash(git diff 5791878..HEAD -- package.json src/lib/env/public.ts src/lib/env/server-config.ts src/lib/env/server.ts src/lib/env.test.ts)
bash(bun run test)
bash(bun run typecheck)
bash(bun run lint)
bash(git diff --check 5791878..HEAD && git status --short)
read({"filePath":"/home/agent/workspace/tsconfig.json"})
read({"filePath":"/home/agent/workspace/portal.config.ts"})
read({"filePath":"/home/agent/workspace/next.config.ts"})
bash(ls node_modules/.bin && node --version && npm --version)
bash(git show --format= --name-only HEAD && git show HEAD^:package.json)
todowrite({"todos":[{"content":"Inspect branch commits, diff, and worktree state","status":"completed","priority":"high"},{"content":"Read project context, ADRs, and coding standards","status":"completed","priority":"high"},{"content":"Review changed code for correctness and security risks","status":"in_progress","priority":"high"},{"content":"Run tests and checks for reviewed changes","status":"pending","priority":"medium"},{"content":"Apply and commit necessary fixes, or report no changes","status":"pending","priority":"high"}]})
grep({"pattern":"getPublicEnv|getServerEnv|server-config|NEXT_PUBLIC_|SUPABASE_SECRET_KEY|PORTAL_SECRET|OPENCODE_ZEN","path":"/home/agent/workspace","include":"*.{ts,tsx,js,mjs,json}"})
bash(node_modules/.bin/biome check src/lib/env.test.ts src/lib/env/public.ts src/lib/env/server-config.ts src/lib/env/server.ts package.json)
bash(node_modules/.bin/tsc --noEmit)
Agent idle for 1 minute
bash(node_modules/.bin/next build)

--- Run started: 2026-08-08T12:29:58.057Z ---
Iteration 1/1
Setting up sandbox
Setting up sandbox done (0.4s)
Agent started
I’ll inspect the branch history and working tree first, then compare the implementation against the domain docs and coding standards before deciding whether any changes are warranted.
todowrite({"todos":[{"content":"Inspect branch commits, diff, and repository guidance","status":"in_progress","priority":"high"},{"content":"Review changed code for correctness, security, and coverage","status":"pending","priority":"high"},{"content":"Apply focused fixes if required and run verification","status":"pending","priority":"high"},{"content":"Report review outcome and completion marker","status":"pending","priority":"medium"}]})
