
--- Run started: 2026-08-08T18:58:03.085Z ---
Iteration 1/100
Setting up sandbox
Setting up sandbox done (0.4s)
Agent started
I’ll inspect issue 13, the current branch/worktree, domain context, and existing RoundRoom/live-flow tests before making focused changes.
todowrite({"todos":[{"content":"Read issue 13, context, ADRs, and worktree state","status":"in_progress","priority":"high"},{"content":"Inspect RoundRoom and live match flow tests/patterns","status":"pending","priority":"high"},{"content":"Implement issue 13 with focused behavior tests","status":"pending","priority":"high"},{"content":"Run focused and required verification commands","status":"pending","priority":"high"},{"content":"Review diff and commit on issue branch","status":"pending","priority":"high"}]})
read({"filePath":"/home/agent/workspace/CONTEXT.md"})
glob({"pattern":"docs/adr/**/*","path":"/home/agent/workspace"})
glob({"pattern":"**/*RoundRoom*","path":"/home/agent/workspace"})
glob({"pattern":"**/*round*room*","path":"/home/agent/workspace"})
bash(gh issue view 13 --repo Atypical-Playworks/impostoi --comments)
bash(git status --short --branch)
read({"filePath":"/home/agent/workspace/docs/adr/0001-live-game-authority.md"})
read({"filePath":"/home/agent/workspace/src/lib/round-ui.ts"})
read({"filePath":"/home/agent/workspace/src/app/round-room.tsx"})
read({"filePath":"/home/agent/workspace/docs/adr/0002-independent-hidden-roles.md"})
read({"filePath":"/home/agent/workspace/src/lib/round-ui.test.ts"})
read({"filePath":"/home/agent/workspace/src/lib/portal-room.ts"})
read({"filePath":"/home/agent/workspace/src/lib/portal-room.test.ts"})
bash(gh issue view 13 --repo Atypical-Playworks/impostoi --comments)
glob({"pattern":"src/**/*.test.{ts,tsx}","path":"/home/agent/workspace"})
grep({"pattern":"Portal|portal|RoundRoom|round-room|roomId|snapshot","path":"/home/agent/workspace/src","include":"*.{ts,tsx}"})
bash(git diff -- src/app/round-room.tsx src/lib/portal-room.ts src/lib/game-state.ts)
read({"filePath":"/home/agent/workspace/src/lib/game-state.ts"})
read({"filePath":"/home/agent/workspace/src/app/page.tsx"})
bash(gh --version)
read({"filePath":"/home/agent/workspace/package.json"})
bash(git log --oneline -10)
read({"filePath":"/home/agent/workspace/src/app/api/portal/token/route.ts"})
bash(gh api repos/Atypical-Playworks/impostoi/issues/13)
read({"filePath":"/home/agent/workspace/src/lib/public-env.ts"})
grep({"pattern":"@portalsdk|PortalProvider|usePortal|Portal","path":"/home/agent/workspace","include":"*.{ts,tsx,md}"})
read({"filePath":"/home/agent/workspace/.env.example"})
read({"filePath":"/home/agent/workspace/src/lib/supabase/browser.ts"})
read({"filePath":"/home/agent/workspace/src/lib/auth-route-contract.test.ts"})
read({"filePath":"/home/agent/workspace/src/app/api/auth/guest/route.ts"})
Issue 13 requires replacing the demo-only state while keeping a deterministic fallback when live configuration is absent. The existing server contracts already provide guest auth and scoped Portal tokens; I’m now checking the installed Portal client API and the existing game-state action surface so the component can submit server-authorized actions without duplicating authority.
glob({"pattern":"node_modules/@portalsdk/**/*.{d.ts,ts,js}","path":"/home/agent/workspace"})
read({"filePath":"/home/agent/workspace/portal.config.ts"})
read({"filePath":"/home/agent/workspace/README.md","offset":1,"limit":70})
glob({"pattern":"src/app/api/**/*","path":"/home/agent/workspace"})
read({"filePath":"/home/agent/workspace/src/lib/game-state.test.ts"})
bash(ls node_modules/@portalsdk)
bash(bun pm ls @portalsdk/react @portalsdk/core)
bash(git show HEAD:src/app/round-room.tsx | sed -n '1,90p')
glob({"pattern":"node_modules/@portalsdk/core/*","path":"/home/agent/workspace"})
glob({"pattern":"node_modules/@portalsdk/react/*","path":"/home/agent/workspace"})
glob({"pattern":"node_modules/@portalsdk/react/**/*","path":"/home/agent/workspace"})
bash(ls node_modules/@portalsdk/react)
bash(ls node_modules/@portalsdk/core)
bash(ls node_modules/@portalsdk/react/dist)
read({"filePath":"/home/agent/workspace/node_modules/@portalsdk/react/README.md"})
read({"filePath":"/home/agent/workspace/node_modules/@portalsdk/react/package.json"})
read({"filePath":"/home/agent/workspace/node_modules/@portalsdk/react/dist/index.d.ts"})
read({"filePath":"/home/agent/workspace/node_modules/@portalsdk/core/dist/index.d.ts"})
apply_patch({"patchText":"*** Begin Patch\n*** Add File: /home/agent/workspace/src/lib/live-match.ts\n+import type { PrivateGameView } from \"./game-state\";\n+\n+export type LiveMatchEvent =\n+  | { type: \"snapshot\"; view: PrivateGameView }\n+  | { type: \"state\"; view: PrivateGameView };\n+\n+export function readLiveMatchView(value: unknown): PrivateGameView | null {\n+  if (!isRecord(value)) return null;\n+  const event = value as Partial<LiveMatchEvent>;\n+  if (event.type !== \"snapshot\" && event.type !== \"state\") return null;\n+  if (!isPrivateGameView(event.view)) return null;\n+  return event.view;\n+}\n+\n+export function liveAction(\n+  action: string,\n+  payload: Record<string, unknown> = {},\n+) {\n+  return { type: \"action\", action, ...payload };\n+}\n+\n+function isRecord(value: unknown): value is Record<string, unknown> {\n+  return typeof value === \"object\" && value !== null;\n+}\n+\n+function isPrivateGameView(value: unknown): value is PrivateGameView {\n+  if (!isRecord(value)) return false;\n+  return (\n+    typeof value.matchId === \"string\" &&\n+    typeof value.roundNumber === \"number\" &&\n+    typeof value.phase === \"string\" &&\n+    Array.isArray(value.participants) &&\n+    typeof value.category === \"string\" &&\n+    Array.isArray(value.clues) &&\n+    typeof value.discussion === \"string\" &&\n+    (value.role === \"civilian\" || value.role === \"impostor\") &&\n+    isRecord(value.ownVotes)\n+  );\n+}\n*** Add File: /home/agent/workspace/src/lib/live-match.test.ts\n+import { describe, expect, test } from \"bun:test\";\n+\n+import { liveAction, readLiveMatchView } from \"./live-match\";\n+\n+const view = {\n+  matchId: \"match-1\",\n+  roundNumber: 1,\n+  phase: \"clue_phase\" as const,\n+  participants: [{ id: \"p1\", alias: \"Ana\", avatar: \"sun\" }],\n+  category: \"Animales\",\n+  clues: [],\n+  discussion: \"\",\n+  role: \"civilian\" as const,\n+  secretWord: \"zorro\",\n+  ownVotes: {},\n+};\n+\n+describe(\"live match Portal events\", () => {\n+  test(\"accepts only a private game snapshot or state event\", () => {\n+    expect(readLiveMatchView({ type: \"snapshot\", view })).toEqual(view);\n+    expect(readLiveMatchView({ type: \"chat\", view })).toBeNull();\n+    expect(readLiveMatchView({ type: \"state\", view: { ...view, role: \"secret\" } })).toBeNull();\n+  });\n+\n+  test(\"builds server-authorized action messages without local outcomes\", () => {\n+    expect(liveAction(\"submit_clue\", { text: \"bosque\" })).toEqual({\n+      type: \"action\",\n+      action: \"submit_clue\",\n+      text: \"bosque\",\n+    });\n+  });\n+});\n*** End Patch"})
The first behavior contract is now covered for accepting only valid private match snapshots and emitting action envelopes. I’m wiring the client around the existing Portal React hooks next: guest bootstrap, scoped token acquisition, late-join snapshots, presence, live state rendering, and action sends, with the current demo retained strictly as the no-live-configuration fallback.
apply_patch({"patchText":"*** Begin Patch\n*** Update File: /home/agent/workspace/src/app/round-room.tsx\n@@\n import {\n@@\n } from \"lucide-react\";\n import { useEffect, useState } from \"react\";\n+import { Portal } from \"@portalsdk/core\";\n+import { PortalProvider, useChannel } from \"@portalsdk/react\";\n \n import type { MatchPhase, VotingStage } from \"@/lib/game-state\";\n+import type { PrivateGameView } from \"@/lib/game-state\";\n+import { liveAction, readLiveMatchView } from \"@/lib/live-match\";\n+import { publicRuntimeConfig } from \"@/lib/public-env\";\n@@\n-export function RoundRoom({ onLeave }: { onLeave: () => void }) {\n+type LiveSetup =\n+  | { status: \"loading\" }\n+  | { status: \"fallback\" }\n+  | { status: \"ready\"; client: Portal; token: string };\n+\n+export function RoundRoom({\n+  onLeave,\n+  roomId = \"IMPOST\",\n+}: {\n+  onLeave: () => void;\n+  roomId?: string;\n+}) {\n+  const [setup, setSetup] = useState<LiveSetup>({ status: \"loading\" });\n+\n+  useEffect(() => {\n+    if (!publicRuntimeConfig.portalKey) {\n+      setSetup({ status: \"fallback\" });\n+      return;\n+    }\n+\n+    let active = true;\n+    async function connect() {\n+      try {\n+        const guest = await fetch(\"/api/auth/guest\", { method: \"POST\" });\n+        if (!guest.ok) throw new Error(\"guest-session\");\n+        const tokenResponse = await fetch(\"/api/portal/token\", {\n+          method: \"POST\",\n+          headers: { \"content-type\": \"application/json\" },\n+          body: JSON.stringify({ roomId }),\n+        });\n+        if (!tokenResponse.ok) throw new Error(\"portal-token\");\n+        const payload = (await tokenResponse.json()) as { token?: string };\n+        if (!payload.token) throw new Error(\"portal-token\");\n+        if (active) {\n+          setSetup({\n+            status: \"ready\",\n+            client: new Portal({ apiKey: publicRuntimeConfig.portalKey }),\n+            token: payload.token,\n+          });\n+        }\n+      } catch {\n+        if (active) setSetup({ status: \"fallback\" });\n+      }\n+    }\n+    void connect();\n+    return () => {\n+      active = false;\n+    };\n+  }, [roomId]);\n+\n+  if (setup.status === \"fallback\") return <DemoRoundRoom onLeave={onLeave} />;\n+  if (setup.status === \"loading\") {\n+    return <RoundConnection onLeave={onLeave} label=\"Conectando con la sala...\" />;\n+  }\n+  return (\n+    <PortalProvider client={setup.client} token={setup.token}>\n+      <LiveRoundRoom channelId={`room-${roomId}`} onLeave={onLeave} />\n+    </PortalProvider>\n+  );\n+}\n+\n+function RoundConnection({\n+  onLeave,\n+  label,\n+}: {\n+  onLeave: () => void;\n+  label: string;\n+}) {\n+  return (\n+    <main className=\"round-shell\">\n+      <header className=\"round-header\">\n+        <button type=\"button\" className=\"back-button\" onClick={onLeave}>\n+          <ChevronLeft size={18} /> Salir de la sala\n+        </button>\n+        <div className=\"round-brand\">impostoi <span>ROOM IMPOST</span></div>\n+        <div className=\"connection-status\"><i /> {label}</div>\n+      </header>\n+    </main>\n+  );\n+}\n+\n+type LiveMessage = {\n+  type: string;\n+  content: unknown;\n+};\n+\n+function LiveRoundRoom({\n+  channelId,\n+  onLeave,\n+}: {\n+  channelId: string;\n+  onLeave: () => void;\n+}) {\n+  const [draftClue, setDraftClue] = useState(\"\");\n+  const [draftDiscussion, setDraftDiscussion] = useState(\"\");\n+  const [selectedVote, setSelectedVote] = useState<string | null>(null);\n+  const [sentClue, setSentClue] = useState(false);\n+  const [sentVotes, setSentVotes] = useState<Partial<Record<VotingStage, boolean>>>({});\n+  const { messages, ext, presence, me, send, sendActivity, setMetadata, status } =\n+    useChannel<LiveMessage>({\n+      channelId,\n+      metadata: { alias: \"Gato Ninja\", avatar: \"#21D4D4\", activity: \"idle\" },\n+    });\n+\n+  let view: PrivateGameView | null = readLiveMatchView(ext?.match);\n+  for (const message of messages) {\n+    const next = readLiveMatchView(message.content);\n+    if (next) view = next;\n+  }\n+\n+  useEffect(() => {\n+    if (me) setMetadata({ alias: \"Gato Ninja\", avatar: \"#21D4D4\", activity: view?.phase ?? \"idle\" });\n+  }, [me, setMetadata, view?.phase]);\n+\n+  if (!view) {\n+    return <RoundConnection onLeave={onLeave} label={status === \"blocked\" ? \"Sala no disponible\" : \"Esperando el estado de la partida...\"} />;\n+  }\n+\n+  const participants = presence?.kind === \"detailed\"\n+    ? presence.participants.map((participant) => ({\n+        id: participant.id,\n+        alias: typeof participant.metadata?.alias === \"string\" ? participant.metadata.alias : \"Jugador\",\n+        avatar: typeof participant.metadata?.avatar === \"string\" ? participant.metadata.avatar : \"#21D4D4\",\n+        activity: \"idle\" as const,\n+        isYou: participant.id === me?.id,\n+      }))\n+    : view.participants.map((participant) => ({ ...participant, activity: \"idle\" as const, isYou: participant.id === me?.id }));\n+  const stage = view.votingStage ?? \"ai_detection\";\n+  const submit = async (content: Record<string, unknown>) => {\n+    await send({ content: content as LiveMessage, type: \"match_action\" });\n+  };\n+  const submitClue = async () => {\n+    const text = draftClue.trim();\n+    if (!text || sentClue) return;\n+    await submit(liveAction(\"submit_clue\", { text }));\n+    setSentClue(true);\n+    setDraftClue(\"\");\n+  };\n+  const submitVote = async () => {\n+    if (!selectedVote || sentVotes[stage]) return;\n+    await submit(liveAction(\"submit_vote\", { stage, targetId: selectedVote }));\n+    setSentVotes((current) => ({ ...current, [stage]: true }));\n+    setSelectedVote(null);\n+  };\n+\n+  return (\n+    <main className=\"round-shell\">\n+      <header className=\"round-header\">\n+        <button type=\"button\" className=\"back-button\" onClick={onLeave}><ChevronLeft size={18} /> Salir de la sala</button>\n+        <div className=\"round-brand\">impostoi <span>ROOM IMPOST</span></div>\n+        <div className=\"connection-status\"><i /> {status === \"ready\" ? \"Portal conectado\" : status}</div>\n+      </header>\n+      <div className=\"round-layout\">\n+        <section className=\"round-main\">\n+          <div className=\"round-heading\">\n+            <div><p className=\"eyebrow\">Ronda {view.roundNumber} de 3</p><h1>{phaseTitle(view.phase)}</h1></div>\n+            <div className=\"round-timer\"><Clock3 size={19} /> {formatTimer(view.phaseDeadlineAt ? Math.max(0, Math.ceil((view.phaseDeadlineAt - Date.now()) / 1000)) : 0)}</div>\n+          </div>\n+          {view.phase === \"lobby\" ? <Lobby onStart={() => void submit(liveAction(\"start_clue_phase\"))} /> : null}\n+          {view.phase === \"clue_phase\" ? <CluePhase clue={draftClue} clues={view.clues} submittedClue={sentClue ? draftClue : null} category={view.category} secretWord={view.secretWord} onChange={setDraftClue} onSubmit={() => void submitClue()} onContinue={() => void submit(liveAction(\"start_discussion\"))} /> : null}\n+          {view.phase === \"discussion\" ? <Discussion value={draftDiscussion} onChange={setDraftDiscussion} onContinue={() => void submit(liveAction(\"start_voting\", { discussion: draftDiscussion }))} /> : null}\n+          {view.phase === \"voting\" ? <Voting stage={stage} participants={participants} selected={selectedVote} submitted={Boolean(sentVotes[stage] || view.ownVotes[stage])} votes={{}} onSelect={setSelectedVote} onSubmit={() => void submitVote()} onContinue={() => undefined} /> : null}\n+          {view.phase === \"reveal\" ? <Reveal onResults={() => void submit(liveAction(\"show_results\"))} /> : null}\n+          {view.phase === \"results\" ? <Results /> : null}\n+        </section>\n+        <aside className=\"round-sidebar\">\n+          <div className=\"sidebar-heading\"><Users size={19} /><strong>Participantes</strong><span>{participants.length}/6</span></div>\n+          <div className=\"participant-list\">{participants.map((participant) => <div className=\"participant-card\" key={participant.id}><span className=\"round-avatar\" style={{ backgroundColor: participant.avatar }}>{participant.alias[0]}</span><div><strong>{participant.alias}{participant.isYou ? \" (tu)\" : \"\"}</strong><small><i className=\"activity-dot idle\" /> Listo</small></div></div>)}</div>\n+          <div className=\"privacy-note\"><Shield size={17} /><span>Los roles y votos son privados hasta la revelacion.</span></div>\n+        </aside>\n+      </div>\n+    </main>\n+  );\n+}\n+\n+function DemoRoundRoom({ onLeave }: { onLeave: () => void }) {\n*** End Patch"})
apply_patch({"patchText":"*** Begin Patch\n*** Update File: /home/agent/workspace/src/app/round-room.tsx\n@@\n-  const [sentClue, setSentClue] = useState(false);\n+  const [sentClue, setSentClue] = useState<string | null>(null);\n@@\n-  const { messages, ext, presence, me, send, sendActivity, setMetadata, status } =\n+  const { messages, ext, presence, me, send, setMetadata, status } =\n@@\n-    if (!text || sentClue) return;\n+    if (!text || sentClue !== null) return;\n@@\n-    setSentClue(true);\n+    setSentClue(text);\n@@\n-          {view.phase === \"clue_phase\" ? <CluePhase clue={draftClue} clues={view.clues} submittedClue={sentClue ? draftClue : null} category={view.category} secretWord={view.secretWord} onChange={setDraftClue} onSubmit={() => void submitClue()} onContinue={() => void submit(liveAction(\"start_discussion\"))} /> : null}\n+          {view.phase === \"clue_phase\" ? <CluePhase clue={draftClue} clues={view.clues} submittedClue={sentClue} category={view.category} secretWord={view.secretWord} onChange={setDraftClue} onSubmit={() => void submitClue()} onContinue={() => void submit(liveAction(\"start_discussion\"))} /> : null}\n@@\n-          {view.phase === \"voting\" ? <Voting stage={stage} participants={participants} selected={selectedVote} submitted={Boolean(sentVotes[stage] || view.ownVotes[stage])} votes={{}} onSelect={setSelectedVote} onSubmit={() => void submitVote()} onContinue={() => undefined} /> : null}\n+          {view.phase === \"voting\" ? <Voting stage={stage} participantList={participants} selected={selectedVote} submitted={Boolean(sentVotes[stage] || view.ownVotes[stage])} votes={{}} onSelect={setSelectedVote} onSubmit={() => void submitVote()} onContinue={() => undefined} /> : null}\n*** End Patch"})
apply_patch({"patchText":"*** Begin Patch\n*** Update File: /home/agent/workspace/src/app/round-room.tsx\n@@\n function CluePhase({\n   clue,\n   clues,\n   submittedClue,\n+  category = \"Animales\",\n+  secretWord,\n   onChange,\n@@\n-  clues: { alias: string; text: string }[];\n+  clues: readonly { alias: string; text: string }[];\n   submittedClue: string | null;\n+  category?: string;\n+  secretWord?: string;\n@@\n-        <strong>Animales</strong>\n+        <strong>{category}</strong>\n         <div className=\"secret-word\">\n           <span>Palabra privada</span>\n-          <b>No disponible en la demo</b>\n+          <b>{secretWord ?? \"No disponible en la demo\"}</b>\n@@\n function Voting({\n   stage,\n+  participantList = participants,\n   selected,\n@@\n   stage: VotingStage;\n+  participantList?: readonly RoundParticipant[];\n@@\n-          {participants.map((participant) => (\n+          {participantList.map((participant) => (\n*** End Patch"})
todowrite({"todos":[{"content":"Read issue 13, context, ADRs, and worktree state","status":"completed","priority":"high"},{"content":"Inspect RoundRoom and live match flow tests/patterns","status":"completed","priority":"high"},{"content":"Implement issue 13 with focused behavior tests","status":"in_progress","priority":"high"},{"content":"Run focused and required verification commands","status":"pending","priority":"high"},{"content":"Review diff and commit on issue branch","status":"pending","priority":"high"}]})
bash(bun test src/lib/live-match.test.ts)
bash(bun run lint)
bash(bun run typecheck)
apply_patch({"patchText":"*** Begin Patch\n*** Update File: /home/agent/workspace/src/lib/live-match.ts\n@@\n export function liveAction(\n   action: string,\n   payload: Record<string, unknown> = {},\n-) {\n+): Record<string, unknown> {\n*** Update File: /home/agent/workspace/src/app/round-room.tsx\n@@\n-    if (!publicRuntimeConfig.portalKey) {\n+    if (\n+      !publicRuntimeConfig.portalKey ||\n+      !publicRuntimeConfig.supabaseUrl ||\n+      !publicRuntimeConfig.supabasePublishableKey\n+    ) {\n*** End Patch"})
bash(bun test src/lib/live-match.test.ts)
bash(bunx biome check src/app/round-room.tsx src/lib/live-match.ts src/lib/live-match.test.ts)
bash(bun run typecheck)
bash(bunx biome check --write src/app/round-room.tsx src/lib/live-match.ts src/lib/live-match.test.ts)
bash(bunx biome check src/app/round-room.tsx src/lib/live-match.ts src/lib/live-match.test.ts)
bash(bun run test)
bash(bun run typecheck)
Agent idle for 1 minute
bash(bun run build)
The live path now typechecks, builds, and passes all 58 tests. The repository-wide lint check is still blocked by pre-existing CRLF/formatting violations across 51 already-modified files; the three files changed for this issue pass Biome directly. I’m doing the final diff review now, including checking that no hidden role data is placed in presence or public fallback state.
bash(git diff --check -- src/app/round-room.tsx src/lib/live-match.ts src/lib/live-match.test.ts)
read({"filePath":"/home/agent/workspace/src/lib/live-match.ts"})
read({"filePath":"/home/agent/workspace/src/app/round-room.tsx","offset":1,"limit":280})
bash(git diff --stat -- src/app/round-room.tsx src/lib/live-match.ts src/lib/live-match.test.ts && git status --short --branch)
apply_patch({"patchText":"*** Begin Patch\n*** Update File: /home/agent/workspace/src/app/round-room.tsx\n@@\n type LiveMessage = {\n-  type: string;\n-  content: unknown;\n+  [key: string]: unknown;\n };\n@@\n   const [selectedVote, setSelectedVote] = useState<string | null>(null);\n   const [sentClue, setSentClue] = useState<string | null>(null);\n+  const [now, setNow] = useState(() => Date.now());\n@@\n-  const { messages, ext, presence, me, send, setMetadata, status } =\n+  const { messages, ext, me, send, setMetadata, status } =\n@@\n   useEffect(() => {\n+    const interval = window.setInterval(() => setNow(Date.now()), 1_000);\n+    return () => window.clearInterval(interval);\n+  }, []);\n+\n+  useEffect(() => {\n@@\n-  const participants =\n-    presence?.kind === \"detailed\"\n-      ? presence.participants.map((participant) => ({\n-          id: participant.id,\n-          alias:\n-            typeof participant.metadata?.alias === \"string\"\n-              ? participant.metadata.alias\n-              : \"Jugador\",\n-          avatar:\n-            typeof participant.metadata?.avatar === \"string\"\n-              ? participant.metadata.avatar\n-              : \"#21D4D4\",\n-          activity: \"idle\" as const,\n-          isYou: participant.id === me?.id,\n-        }))\n-      : view.participants.map((participant) => ({\n-          ...participant,\n-          activity: \"idle\" as const,\n-          isYou: participant.id === me?.id,\n-        }));\n+  const participants = view.participants.map((participant) => ({\n+    ...participant,\n+    activity: \"idle\" as const,\n+    isYou: participant.id === me?.id,\n+  }));\n@@\n-    await send({ content: content as LiveMessage, type: \"match_action\" });\n+    await send({ content, type: \"match_action\" });\n@@\n-                  Math.ceil((view.phaseDeadlineAt - Date.now()) / 1000),\n+                  Math.ceil((view.phaseDeadlineAt - now) / 1000),\n*** End Patch"})
read({"filePath":"/home/agent/workspace/src/app/round-room.tsx","offset":160,"limit":90})
apply_patch({"patchText":"*** Begin Patch\n*** Update File: /home/agent/workspace/src/app/round-room.tsx\n@@\n   useEffect(() => {\n     if (me)\n       setMetadata({\n         alias: \"Gato Ninja\",\n         avatar: \"#21D4D4\",\n-        activity: view?.phase ?? \"idle\",\n+        activity:\n+          view?.phase === \"clue_phase\"\n+            ? \"clue\"\n+            : view?.phase === \"discussion\"\n+              ? \"discussion\"\n+              : view?.phase === \"voting\"\n+                ? \"voting\"\n+                : \"idle\",\n       });\n*** End Patch"})
bash(bunx biome check --write src/app/round-room.tsx src/lib/live-match.ts src/lib/live-match.test.ts)
bash(bun run test)
bash(bun run typecheck)
bash(git add src/app/round-room.tsx src/lib/live-match.ts src/lib/live-match.test.ts)
bash(git diff --cached -- src/app/round-room.tsx | sed -n '1,220p')
bash(git diff --cached --stat && git diff --cached --check)
bash(git status --short --branch)
apply_patch({"patchText":"*** Begin Patch\n*** Update File: /home/agent/workspace/src/app/round-room.tsx\n@@\n type LiveSetup =\n   | { status: \"loading\" }\n   | { status: \"fallback\" }\n+  | { status: \"error\" }\n   | { status: \"ready\"; client: Portal; token: string };\n@@\n       } catch {\n-        if (active) setSetup({ status: \"fallback\" });\n+        if (active) setSetup({ status: \"error\" });\n@@\n   if (setup.status === \"loading\") {\n@@\n   }\n+  if (setup.status === \"error\") {\n+    return <RoundConnection onLeave={onLeave} label=\"No se pudo conectar con la sala\" />;\n+  }\n*** End Patch"})
bash(bunx biome check --write src/app/round-room.tsx)
bash(bun run lint)
Agent idle for 1 minute
bash(bun run build)
bash(git add src/app/round-room.tsx src/lib/live-match.ts src/lib/live-match.test.ts)
bash(git log --oneline -10)
bash(git diff --cached --check && git diff --cached --stat)
bash(git status --short --branch)
bash(bun test src/lib/live-match.test.ts && bun run typecheck)
bash(git commit -m "feat: connect RoundRoom to live match flow")
bash(git log -1 --format='%an <%ae>')
All required checks except repository-wide lint are complete, and only the three issue files are staged. The commit initially hit a missing local Git identity, so I’m committing with the repository’s existing author identity via command-scoped environment variables without changing Git configuration.
bash(GIT_AUTHOR_NAME='Milumon' GIT_AUTHOR_EMAIL='milumon@outlook.com' GIT_COMMITTER_NAME='Milumon' GIT_COMMITTER_EMAIL='milumon@outlook.com' git commit -m "feat: connect RoundRoom to live match flow")
bash(git diff HEAD^ HEAD --check)
bash(git status --short --branch && git show --stat --oneline --summary HEAD)
todowrite({"todos":[{"content":"Read issue 13, context, ADRs, and worktree state","status":"completed","priority":"high"},{"content":"Inspect RoundRoom and live match flow tests/patterns","status":"completed","priority":"high"},{"content":"Implement issue 13 with focused behavior tests","status":"completed","priority":"high"},{"content":"Run focused and required verification commands","status":"completed","priority":"high"},{"content":"Review diff and commit on issue branch","status":"completed","priority":"high"}]})
Implemented and committed issue 13 on `sandcastle/issue-13`.

- Added guest auth and Portal token flow.
- Connected `RoundRoom` to live Portal state and actions.
- Preserved deterministic fallback without live configuration.
- Added snapshot/action validation tests.
- `bun run test`, `bun run typecheck`, and `bun run build` pass.
- Repository-wide lint remains blocked by pre-existing formatting issues in unrelated modified files.
- Commit: `5c01e21`

<promise>COMPLETE</promise>
Agent stopped
Syncing 1 commit to host
Syncing 1 commit to host done (0.0s)
Collecting commits
Collecting commits done (0.2s)
Agent signaled completion after 1 iteration(s).
Run complete: agent finished after 1 iteration(s).

--- Run started: 2026-08-08T19:21:53.484Z ---
Iteration 1/100
Setting up sandbox
