
--- Run started: 2026-08-08T14:45:21.949Z ---
Iteration 1/100
Setting up sandbox
Setting up sandbox done (0.4s)
Agent started
I’ll inspect issue 8, repository guidance, existing persistence patterns, and the current branch state before making focused test-first changes.
todowrite({"todos":[{"content":"Read issue 8, CONTEXT.md, and relevant ADRs","status":"in_progress","priority":"high"},{"content":"Inspect existing persistence code and tests","status":"pending","priority":"high"},{"content":"Implement issue 8 with focused failing tests first","status":"pending","priority":"high"},{"content":"Run focused tests and full verification commands","status":"pending","priority":"high"},{"content":"Review diff and commit on sandcastle/issue-8","status":"pending","priority":"high"}]})
read({"filePath":"/home/agent/workspace/CONTEXT.md"})
glob({"pattern":"**/*.{test,spec}.{ts,tsx,js,jsx}","path":"/home/agent/workspace"})
glob({"pattern":"docs/adr/**/*","path":"/home/agent/workspace"})
bash(gh issue view 8 --repo Atypical-Playworks/impostoi --comments)
bash(git status --short --branch && git branch --show-current)
glob({"pattern":"supabase/**/*","path":"/home/agent/workspace"})
grep({"pattern":"match|round|replay|migration|Supabase|progress","path":"/home/agent/workspace/docs","include":"*.md"})
glob({"pattern":"src/lib/**/*persist*","path":"/home/agent/workspace"})
read({"filePath":"/home/agent/workspace/docs/adr/0001-live-game-authority.md"})
read({"filePath":"/home/agent/workspace/docs/adr/0005-deployment-and-migrations.md"})
read({"filePath":"/home/agent/workspace/docs/adr/0003-pseudonymous-progress.md"})
read({"filePath":"/home/agent/workspace/docs/adr/0004-agent-runtime-and-benchmarking.md"})
read({"filePath":"/home/agent/workspace/src/lib/progress-migration-contract.test.ts"})
read({"filePath":"/home/agent/workspace/package.json"})
read({"filePath":"/home/agent/workspace/src/lib/portal-room.ts"})
read({"filePath":"/home/agent/workspace/src/lib/game-state.ts"})
read({"filePath":"/home/agent/workspace/src/lib/agent-adapter.ts"})
read({"filePath":"/home/agent/workspace/supabase/migrations/20260808000000_guest_progress.sql"})
bash(gh issue view 8 --repo Atypical-Playworks/impostoi --comments --json number,title,body,comments,labels,assignees)
Issue 8 requires both a timestamped Postgres schema and server-side persistence operations. The existing migration only covers guest progress, so I’m checking Supabase client conventions and auth migration behavior before adding the new contract and implementation.
grep({"pattern":"createServerSupabase|supabase|from\\(","path":"/home/agent/workspace/src","include":"*.ts"})
read({"filePath":"/home/agent/workspace/src/lib/progress-migration-contract.test.ts"})
read({"filePath":"/home/agent/workspace/src/lib/auth-policy.ts"})
read({"filePath":"/home/agent/workspace/src/lib/supabase/server.ts"})
bash(git log --oneline -10)
read({"filePath":"/home/agent/workspace/src/app/api/auth/migrate/route.ts"})
todowrite({"todos":[{"content":"Read issue 8, CONTEXT.md, and relevant ADRs","status":"completed","priority":"high"},{"content":"Inspect existing persistence code and tests","status":"completed","priority":"high"},{"content":"Implement issue 8 with focused failing tests first","status":"in_progress","priority":"high"},{"content":"Run focused tests and full verification commands","status":"pending","priority":"high"},{"content":"Review diff and commit on sandcastle/issue-8","status":"pending","priority":"high"}]})
The schema will keep live authority in Portal and use Postgres only for completed history. I’m adding a credential-free contract test first, covering the required tables, privacy policies, fallback/retention fields, reload RPCs, and one-time guest migration linkage.
apply_patch({"patchText":"*** Begin Patch\n*** Add File: /home/agent/workspace/src/lib/match-persistence-contract.test.ts\n+import { expect, test } from \"bun:test\";\n+import { readFileSync } from \"node:fs\";\n+import { join } from \"node:path\";\n+\n+const migration = readFileSync(\n+  join(process.cwd(), \"supabase/migrations/20260808010000_match_persistence.sql\"),\n+  \"utf8\",\n+);\n+\n+test(\"match persistence migration stores complete match history\", () => {\n+  for (const table of [\n+    \"matches\",\n+    \"match_participants\",\n+    \"rounds\",\n+    \"clues\",\n+    \"votes\",\n+    \"agent_events\",\n+    \"replays\",\n+    \"public_match_summaries\",\n+  ]) {\n+    expect(migration).toContain(`create table public.${table}`);\n+  }\n+\n+  expect(migration).toContain(\"fallback_match boolean not null default false\");\n+  expect(migration).toContain(\"retention_expires_at timestamptz\");\n+  expect(migration).toContain(\"secret_word text not null\");\n+  expect(migration).toContain(\"revoke all on function public.load_match\");\n+});\n+\n+test(\"match persistence protects private history with participant-scoped RLS\", () => {\n+  expect(migration).toContain(\"alter table public.rounds enable row level security\");\n+  expect(migration).toContain(\"alter table public.votes enable row level security\");\n+  expect(migration).toContain(\"alter table public.replays enable row level security\");\n+  expect(migration).toContain(\"auth.uid() = mp.player_id\");\n+  expect(migration).toContain(\"grant execute on function public.load_match(uuid)\");\n+  expect(migration).toContain(\"grant execute on function public.migrate_guest_progress(uuid, uuid)\");\n+});\n*** End Patch"})
bash(bun test src/lib/match-persistence-contract.test.ts)
apply_patch({"patchText":"*** Begin Patch\n*** Add File: /home/agent/workspace/supabase/migrations/20260808010000_match_persistence.sql\n+create table public.matches (\n+  id uuid primary key default gen_random_uuid(),\n+  status text not null default 'completed' check (status = 'completed'),\n+  agent_model text not null,\n+  agent_provider text not null,\n+  agent_strategy text not null,\n+  agent_version text not null,\n+  fallback_match boolean not null default false,\n+  started_at timestamptz not null,\n+  completed_at timestamptz not null,\n+  created_at timestamptz not null default now()\n+);\n+\n+create table public.match_participants (\n+  match_id uuid not null references public.matches(id) on delete cascade,\n+  participant_id uuid not null,\n+  player_id uuid references auth.users(id) on delete set null,\n+  alias text not null,\n+  avatar text not null,\n+  kind text not null check (kind in ('player', 'agent')),\n+  primary key (match_id, participant_id)\n+);\n+\n+create table public.rounds (\n+  id uuid primary key default gen_random_uuid(),\n+  match_id uuid not null references public.matches(id) on delete cascade,\n+  round_number integer not null check (round_number between 1 and 3),\n+  category text not null,\n+  secret_word text not null,\n+  agent_participant_id uuid not null,\n+  impostor_participant_id uuid not null,\n+  outcome jsonb not null default '{}'::jsonb,\n+  completed_at timestamptz not null,\n+  unique (match_id, round_number),\n+  foreign key (match_id, agent_participant_id)\n+    references public.match_participants(match_id, participant_id),\n+  foreign key (match_id, impostor_participant_id)\n+    references public.match_participants(match_id, participant_id)\n+);\n+\n+create table public.clues (\n+  round_id uuid not null references public.rounds(id) on delete cascade,\n+  participant_id uuid not null,\n+  text text not null,\n+  submitted_at timestamptz not null,\n+  primary key (round_id, participant_id)\n+);\n+\n+create table public.votes (\n+  round_id uuid not null references public.rounds(id) on delete cascade,\n+  voter_participant_id uuid not null,\n+  stage text not null check (stage in ('ai_detection', 'impostor')),\n+  target_participant_id uuid not null,\n+  submitted_at timestamptz not null,\n+  primary key (round_id, voter_participant_id, stage)\n+);\n+\n+create table public.agent_events (\n+  id uuid primary key default gen_random_uuid(),\n+  round_id uuid not null references public.rounds(id) on delete cascade,\n+  event_type text not null,\n+  payload jsonb not null,\n+  duration_ms integer check (duration_ms is null or duration_ms >= 0),\n+  created_at timestamptz not null default now()\n+);\n+\n+create table public.replays (\n+  match_id uuid primary key references public.matches(id) on delete cascade,\n+  payload jsonb not null,\n+  retention_expires_at timestamptz not null,\n+  created_at timestamptz not null default now()\n+);\n+\n+create table public.public_match_summaries (\n+  match_id uuid primary key references public.matches(id) on delete cascade,\n+  rounds_played integer not null check (rounds_played between 0 and 3),\n+  fallback_match boolean not null,\n+  summary jsonb not null,\n+  created_at timestamptz not null default now()\n+);\n+\n+alter table public.player_match_history\n+  add constraint player_match_history_match_id_fkey\n+  foreign key (match_id) references public.matches(id) on delete cascade;\n+\n+alter table public.matches enable row level security;\n+alter table public.match_participants enable row level security;\n+alter table public.rounds enable row level security;\n+alter table public.clues enable row level security;\n+alter table public.votes enable row level security;\n+alter table public.agent_events enable row level security;\n+alter table public.replays enable row level security;\n+alter table public.public_match_summaries enable row level security;\n+\n+create policy \"Participants can read their matches\"\n+  on public.matches for select using (\n+    exists (\n+      select 1 from public.match_participants mp\n+      where mp.match_id = matches.id and mp.player_id = auth.uid()\n+    )\n+  );\n+\n+create policy \"Participants can read their identities\"\n+  on public.match_participants for select using (player_id = auth.uid());\n+\n+create policy \"Participants can read their replays\"\n+  on public.replays for select using (\n+    retention_expires_at > now() and exists (\n+      select 1 from public.match_participants mp\n+      where mp.match_id = replays.match_id and mp.player_id = auth.uid()\n+    )\n+  );\n+\n+create policy \"Anyone can read anonymized summaries\"\n+  on public.public_match_summaries for select using (true);\n+\n+create or replace function public.load_match(requested_match_id uuid)\n+returns jsonb\n+language plpgsql\n+security definer\n+set search_path = public\n+as $$\n+begin\n+  if auth.role() <> 'service_role' and not exists (\n+    select 1 from public.match_participants mp\n+    where mp.match_id = requested_match_id and mp.player_id = auth.uid()\n+  ) then\n+    raise exception 'Match access denied';\n+  end if;\n+\n+  return (\n+    select jsonb_build_object(\n+      'match', to_jsonb(m),\n+      'participants', coalesce((select jsonb_agg(to_jsonb(mp)) from public.match_participants mp\n+        where mp.match_id = m.id), '[]'::jsonb),\n+      'rounds', coalesce((select jsonb_agg(jsonb_build_object(\n+        'round', to_jsonb(r),\n+        'clues', coalesce((select jsonb_agg(to_jsonb(c)) from public.clues c where c.round_id = r.id), '[]'::jsonb),\n+        'votes', coalesce((select jsonb_agg(to_jsonb(v)) from public.votes v where v.round_id = r.id), '[]'::jsonb),\n+        'agent_events', coalesce((select jsonb_agg(to_jsonb(a)) from public.agent_events a where a.round_id = r.id), '[]'::jsonb)\n+      ) order by r.round_number) from public.rounds r where r.match_id = m.id), '[]'::jsonb),\n+      'replay', (select to_jsonb(replay) from public.replays replay where replay.match_id = m.id and replay.retention_expires_at > now())\n+    )\n+    from public.matches m where m.id = requested_match_id\n+  );\n+end;\n+$$;\n+\n+revoke all on function public.load_match(uuid) from public, anon, authenticated;\n+grant execute on function public.load_match(uuid) to authenticated, service_role;\n+revoke all on function public.migrate_guest_progress(uuid, uuid) from public, anon, authenticated;\n+grant execute on function public.migrate_guest_progress(uuid, uuid) to service_role;\n*** End Patch"})
The first contract test now fails as expected because the migration is absent; the migration is in place with participant-scoped replay access and a server-only reload function. I’m adding an atomic `persist_completed_match` RPC and a typed server wrapper so callers never write partial match history through separate client operations.
apply_patch({"patchText":"*** Begin Patch\n*** Update File: /home/agent/workspace/supabase/migrations/20260808010000_match_persistence.sql\n@@\n create or replace function public.load_match(requested_match_id uuid)\n@@\n $$;\n+\n+create or replace function public.persist_completed_match(match_payload jsonb)\n+returns uuid\n+language plpgsql\n+security definer\n+set search_path = public\n+as $$\n+declare\n+  saved_match_id uuid;\n+  saved_round_id uuid;\n+  match_row jsonb := match_payload -> 'match';\n+  participant_row jsonb;\n+  round_row jsonb;\n+  clue_row jsonb;\n+  vote_row jsonb;\n+  event_row jsonb;\n+begin\n+  insert into public.matches (\n+    id, status, agent_model, agent_provider, agent_strategy, agent_version,\n+    fallback_match, started_at, completed_at\n+  )\n+  select id, status, agent_model, agent_provider, agent_strategy, agent_version,\n+    fallback_match, started_at, completed_at\n+  from jsonb_to_record(match_row) as x(\n+    id uuid, status text, agent_model text, agent_provider text,\n+    agent_strategy text, agent_version text, fallback_match boolean,\n+    started_at timestamptz, completed_at timestamptz\n+  ) returning id into saved_match_id;\n+\n+  for participant_row in select * from jsonb_array_elements(match_payload -> 'participants') loop\n+    insert into public.match_participants\n+    select saved_match_id, participant_id, player_id, alias, avatar, kind\n+    from jsonb_to_record(participant_row) as x(\n+      participant_id uuid, player_id uuid, alias text, avatar text, kind text\n+    );\n+  end loop;\n+\n+  for round_row in select * from jsonb_array_elements(match_payload -> 'rounds') loop\n+    insert into public.rounds (\n+      match_id, round_number, category, secret_word, agent_participant_id,\n+      impostor_participant_id, outcome, completed_at\n+    )\n+    select saved_match_id, round_number, category, secret_word,\n+      agent_participant_id, impostor_participant_id, outcome, completed_at\n+    from jsonb_to_record(round_row -> 'round') as x(\n+      round_number integer, category text, secret_word text,\n+      agent_participant_id uuid, impostor_participant_id uuid,\n+      outcome jsonb, completed_at timestamptz\n+    ) returning id into saved_round_id;\n+\n+    for clue_row in select * from jsonb_array_elements(round_row -> 'clues') loop\n+      insert into public.clues\n+      select saved_round_id, participant_id, text, submitted_at\n+      from jsonb_to_record(clue_row) as x(\n+        participant_id uuid, text text, submitted_at timestamptz\n+      );\n+    end loop;\n+\n+    for vote_row in select * from jsonb_array_elements(round_row -> 'votes') loop\n+      insert into public.votes\n+      select saved_round_id, voter_participant_id, stage, target_participant_id, submitted_at\n+      from jsonb_to_record(vote_row) as x(\n+        voter_participant_id uuid, stage text, target_participant_id uuid,\n+        submitted_at timestamptz\n+      );\n+    end loop;\n+\n+    for event_row in select * from jsonb_array_elements(round_row -> 'agent_events') loop\n+      insert into public.agent_events\n+      select gen_random_uuid(), saved_round_id, event_type, payload, duration_ms, coalesce(created_at, now())\n+      from jsonb_to_record(event_row) as x(\n+        event_type text, payload jsonb, duration_ms integer, created_at timestamptz\n+      );\n+    end loop;\n+  end loop;\n+\n+  insert into public.replays (match_id, payload, retention_expires_at)\n+  select saved_match_id, payload, retention_expires_at\n+  from jsonb_to_record(match_payload -> 'replay') as x(\n+    payload jsonb, retention_expires_at timestamptz\n+  );\n+\n+  insert into public.public_match_summaries (match_id, rounds_played, fallback_match, summary)\n+  select saved_match_id, rounds_played, fallback_match, summary\n+  from jsonb_to_record(match_payload -> 'public_summary') as x(\n+    rounds_played integer, fallback_match boolean, summary jsonb\n+  );\n+\n+  return saved_match_id;\n+end;\n+$$;\n \n revoke all on function public.load_match(uuid) from public, anon, authenticated;\n grant execute on function public.load_match(uuid) to authenticated, service_role;\n+revoke all on function public.persist_completed_match(jsonb) from public, anon, authenticated;\n+grant execute on function public.persist_completed_match(jsonb) to service_role;\n revoke all on function public.migrate_guest_progress(uuid, uuid) from public, anon, authenticated;\n*** Add File: /home/agent/workspace/src/lib/match-persistence.ts\n+import \"server-only\";\n+\n+import type { SupabaseClient } from \"@supabase/supabase-js\";\n+\n+export type CompletedMatchPayload = {\n+  readonly match: {\n+    readonly id: string;\n+    readonly status: \"completed\";\n+    readonly agent_model: string;\n+    readonly agent_provider: string;\n+    readonly agent_strategy: string;\n+    readonly agent_version: string;\n+    readonly fallback_match: boolean;\n+    readonly started_at: string;\n+    readonly completed_at: string;\n+  };\n+  readonly participants: readonly {\n+    readonly participant_id: string;\n+    readonly player_id?: string;\n+    readonly alias: string;\n+    readonly avatar: string;\n+    readonly kind: \"player\" | \"agent\";\n+  }[];\n+  readonly rounds: readonly {\n+    readonly round: {\n+      readonly round_number: number;\n+      readonly category: string;\n+      readonly secret_word: string;\n+      readonly agent_participant_id: string;\n+      readonly impostor_participant_id: string;\n+      readonly outcome: Record<string, unknown>;\n+      readonly completed_at: string;\n+    };\n+    readonly clues: readonly Record<string, unknown>[];\n+    readonly votes: readonly Record<string, unknown>[];\n+    readonly agent_events: readonly Record<string, unknown>[];\n+  }[];\n+  readonly replay: {\n+    readonly payload: Record<string, unknown>;\n+    readonly retention_expires_at: string;\n+  };\n+  readonly public_summary: {\n+    readonly rounds_played: number;\n+    readonly fallback_match: boolean;\n+    readonly summary: Record<string, unknown>;\n+  };\n+};\n+\n+export type MatchPersistence = {\n+  persistCompletedMatch(payload: CompletedMatchPayload): Promise<string>;\n+  loadMatch(matchId: string): Promise<Record<string, unknown> | null>;\n+};\n+\n+type PersistenceClient = Pick<SupabaseClient, \"rpc\">;\n+\n+export function createMatchPersistence(\n+  client: PersistenceClient,\n+): MatchPersistence {\n+  return {\n+    async persistCompletedMatch(payload) {\n+      const { data, error } = await client.rpc(\"persist_completed_match\", {\n+        match_payload: payload,\n+      });\n+      if (error) throw new Error(`Unable to persist match: ${error.message}`);\n+      if (typeof data !== \"string\") throw new Error(\"Persistence returned no match ID\");\n+      return data;\n+    },\n+\n+    async loadMatch(matchId) {\n+      const { data, error } = await client.rpc(\"load_match\", {\n+        requested_match_id: matchId,\n+      });\n+      if (error) throw new Error(`Unable to load match: ${error.message}`);\n+      return (data as Record<string, unknown> | null) ?? null;\n+    },\n+  };\n+}\n*** End Patch"})
bash(bun test src/lib/match-persistence-contract.test.ts)
bash(bunx biome check src/lib/match-persistence.ts src/lib/match-persistence-contract.test.ts)
bash(bun run typecheck)
apply_patch({"patchText":"*** Begin Patch\n*** Update File: /home/agent/workspace/supabase/migrations/20260808010000_match_persistence.sql\n@@\n-      where mp.match_id = matches.id and mp.player_id = auth.uid()\n+      where mp.match_id = matches.id and auth.uid() = mp.player_id\n@@\n-      where mp.match_id = replays.match_id and mp.player_id = auth.uid()\n+      where mp.match_id = replays.match_id and auth.uid() = mp.player_id\n@@\n-    where mp.match_id = requested_match_id and mp.player_id = auth.uid()\n+    where mp.match_id = requested_match_id and auth.uid() = mp.player_id\n*** Update File: /home/agent/workspace/src/lib/match-persistence-contract.test.ts\n@@\n const migration = readFileSync(\n-  join(process.cwd(), \"supabase/migrations/20260808010000_match_persistence.sql\"),\n+  join(\n+    process.cwd(),\n+    \"supabase/migrations/20260808010000_match_persistence.sql\",\n+  ),\n@@\n-  expect(migration).toContain(\"alter table public.rounds enable row level security\");\n-  expect(migration).toContain(\"alter table public.votes enable row level security\");\n-  expect(migration).toContain(\"alter table public.replays enable row level security\");\n+  expect(migration).toContain(\n+    \"alter table public.rounds enable row level security\",\n+  );\n+  expect(migration).toContain(\n+    \"alter table public.votes enable row level security\",\n+  );\n+  expect(migration).toContain(\n+    \"alter table public.replays enable row level security\",\n+  );\n@@\n-  expect(migration).toContain(\"grant execute on function public.load_match(uuid)\");\n-  expect(migration).toContain(\"grant execute on function public.migrate_guest_progress(uuid, uuid)\");\n+  expect(migration).toContain(\n+    \"grant execute on function public.load_match(uuid)\",\n+  );\n+  expect(migration).toContain(\n+    \"grant execute on function public.migrate_guest_progress(uuid, uuid)\",\n+  );\n*** Update File: /home/agent/workspace/src/lib/match-persistence.ts\n@@\n-      if (typeof data !== \"string\") throw new Error(\"Persistence returned no match ID\");\n+      if (typeof data !== \"string\")\n+        throw new Error(\"Persistence returned no match ID\");\n*** End Patch"})
bash(bun test src/lib/match-persistence-contract.test.ts)
bash(bunx biome check src/lib/match-persistence.ts src/lib/match-persistence-contract.test.ts)
bash(git diff --stat && git diff --check)
apply_patch({"patchText":"*** Begin Patch\n*** Update File: /home/agent/workspace/supabase/migrations/20260808000000_guest_progress.sql\n@@\n   update public.player_match_history\n   set player_id = destination_player_id\n   where player_id = source_guest_id;\n   get diagnostics moved = row_count;\n+\n+  update public.match_participants\n+  set player_id = destination_player_id\n+  where player_id = source_guest_id;\n \n   insert into public.player_progress (player_id, rounds_played, ai_detections, impostor_detections)\n*** End Patch"})
apply_patch({"patchText":"*** Begin Patch\n*** Update File: /home/agent/workspace/supabase/migrations/20260808000000_guest_progress.sql\n@@\n-  update public.match_participants\n-  set player_id = destination_player_id\n-  where player_id = source_guest_id;\n-\n   insert into public.player_progress (player_id, rounds_played, ai_detections, impostor_detections)\n*** Update File: /home/agent/workspace/supabase/migrations/20260808010000_match_persistence.sql\n@@\n alter table public.player_match_history\n   add constraint player_match_history_match_id_fkey\n   foreign key (match_id) references public.matches(id) on delete cascade;\n+\n+create or replace function public.sync_match_participant_player()\n+returns trigger\n+language plpgsql\n+security definer\n+set search_path = public\n+as $$\n+begin\n+  update public.match_participants\n+  set player_id = new.player_id\n+  where match_id = new.match_id and player_id = old.player_id;\n+  return new;\n+end;\n+$$;\n+\n+create trigger sync_match_participant_player\n+after update of player_id on public.player_match_history\n+for each row execute function public.sync_match_participant_player();\n*** End Patch"})
The focused persistence contract passes, and type checking is clean. I also ensured guest migration updates persisted participant ownership via a trigger created after the new participant table exists, avoiding a forward reference in the earlier migration. Full verification is next.
todowrite({"todos":[{"content":"Read issue 8, CONTEXT.md, and relevant ADRs","status":"completed","priority":"high"},{"content":"Inspect existing persistence code and tests","status":"completed","priority":"high"},{"content":"Implement issue 8 with focused failing tests first","status":"completed","priority":"high"},{"content":"Run focused tests and full verification commands","status":"in_progress","priority":"high"},{"content":"Review diff and commit on sandcastle/issue-8","status":"pending","priority":"high"}]})
bash(bun run test)
bash(bun run lint)
bash(bun run typecheck)
Agent idle for 1 minute
bash(bun run build)
bash(git diff -- src/lib/match-persistence.ts src/lib/match-persistence-contract.test.ts supabase/migrations/20260808010000_match_persistence.sql)
grep({"pattern":"fallback|competitive|ranking|retention|purge","path":"/home/agent/workspace/supabase/migrations/20260808010000_match_persistence.sql"})
bash(git status --short -- src/lib/match-persistence.ts src/lib/match-persistence-contract.test.ts supabase/migrations/20260808000000_guest_progress.sql supabase/migrations/20260808010000_match_persistence.sql)
apply_patch({"patchText":"*** Begin Patch\n*** Update File: /home/agent/workspace/supabase/migrations/20260808010000_match_persistence.sql\n@@\n alter table public.player_match_history\n   add constraint player_match_history_match_id_fkey\n-  foreign key (match_id) references public.matches(id) on delete cascade;\n+  foreign key (match_id) references public.matches(id) on delete cascade\n+  not valid;\n@@\n create or replace function public.persist_completed_match(match_payload jsonb)\n@@\n $$;\n+\n+create or replace function public.purge_expired_replays()\n+returns integer\n+language sql\n+security definer\n+set search_path = public\n+as $$\n+  with deleted as (\n+    delete from public.replays where retention_expires_at <= now() returning 1\n+  )\n+  select count(*)::integer from deleted;\n+$$;\n@@\n revoke all on function public.persist_completed_match(jsonb) from public, anon, authenticated;\n grant execute on function public.persist_completed_match(jsonb) to service_role;\n+revoke all on function public.purge_expired_replays() from public, anon, authenticated;\n+grant execute on function public.purge_expired_replays() to service_role;\n*** End Patch"})
apply_patch({"patchText":"*** Begin Patch\n*** Update File: /home/agent/workspace/src/lib/match-persistence-contract.test.ts\n@@\n   expect(migration).toContain(\"retention_expires_at timestamptz\");\n   expect(migration).toContain(\"secret_word text not null\");\n+  expect(migration).toContain(\n+    \"create or replace function public.persist_completed_match(match_payload jsonb)\",\n+  );\n+  expect(migration).toContain(\"create or replace function public.purge_expired_replays()\");\n   expect(migration).toContain(\"revoke all on function public.load_match\");\n });\n*** End Patch"})
bash(git diff --ignore-space-at-eol -- supabase/migrations/20260808000000_guest_progress.sql)
bash(bun test src/lib/match-persistence-contract.test.ts && bunx biome check src/lib/match-persistence.ts src/lib/match-persistence-contract.test.ts)
bash(bun run typecheck)
apply_patch({"patchText":"*** Begin Patch\n*** Update File: /home/agent/workspace/src/lib/match-persistence-contract.test.ts\n@@\n-  expect(migration).toContain(\"create or replace function public.purge_expired_replays()\");\n+  expect(migration).toContain(\n+    \"create or replace function public.purge_expired_replays()\",\n+  );\n*** End Patch"})
All functional checks pass: 37 tests, typecheck, and production build. The repository-wide lint command is blocked by pre-existing CRLF/formatting changes across 39 unrelated files; the two new TypeScript files pass Biome independently. I’m staging only the new persistence migration, wrapper, and contract test for final review.
bash(bunx biome check src/lib/match-persistence.ts src/lib/match-persistence-contract.test.ts)
bash(git status --short --branch)
bash(bun run test)
bash(git add src/lib/match-persistence.ts src/lib/match-persistence-contract.test.ts supabase/migrations/20260808010000_match_persistence.sql)
bash(git diff --cached -- src/lib/match-persistence.ts src/lib/match-persistence-contract.test.ts)
bash(git diff --cached --stat && git diff --cached --check)
bash(git log --oneline -10)
bash(git commit -m "feat: add match persistence schema")
bash(git log -1 --format='%an <%ae>')
bash(GIT_AUTHOR_NAME='OpenCode' GIT_AUTHOR_EMAIL='opencode@users.noreply.github.com' GIT_COMMITTER_NAME='OpenCode' GIT_COMMITTER_EMAIL='opencode@users.noreply.github.com' git commit -m "feat: add match persistence schema")
bash(git show --stat --oneline --summary HEAD)
bash(git status --short --branch)
todowrite({"todos":[{"content":"Read issue 8, CONTEXT.md, and relevant ADRs","status":"completed","priority":"high"},{"content":"Inspect existing persistence code and tests","status":"completed","priority":"high"},{"content":"Implement issue 8 with focused failing tests first","status":"completed","priority":"high"},{"content":"Run focused tests and full verification commands","status":"completed","priority":"high"},{"content":"Review diff and commit on sandcastle/issue-8","status":"completed","priority":"high"}]})
Implemented and committed issue 8 on `sandcastle/issue-8`.

- Added persistence schema, RLS, replay retention, reload/persist RPCs, and guest migration support.
- Added typed server persistence wrapper and SQL contract tests.
- Tests: 37 passed.
- Typecheck/build passed.
- Full lint is blocked by pre-existing formatting changes in unrelated files.
- Commit: `49e65fa`

<promise>COMPLETE</promise>
Agent stopped
Syncing 1 commit to host
Syncing 1 commit to host done (0.0s)
Collecting commits
Collecting commits done (0.1s)
Agent signaled completion after 1 iteration(s).
Run complete: agent finished after 1 iteration(s).

--- Run started: 2026-08-08T15:02:06.029Z ---
Iteration 1/100
Setting up sandbox
Setting up sandbox done (0.8s)
Agent started
I’ll inspect issue 8, the domain context/ADRs, and the current persistence/test patterns before making focused changes on `sandcastle/issue-8`.
todowrite({"todos":[{"content":"Inspect issue 8, context, ADRs, branch, and existing tests","status":"in_progress","priority":"high"},{"content":"Implement persistence contracts and migrations with behavior tests","status":"pending","priority":"high"},{"content":"Run focused and full verification commands","status":"pending","priority":"high"},{"content":"Review diff and commit issue 8 changes","status":"pending","priority":"high"}]})
read({"filePath":"/home/agent/workspace/CONTEXT.md"})
glob({"pattern":"docs/adr/**/*","path":"/home/agent/workspace"})
glob({"pattern":"**/*.{test,spec}.{ts,tsx,js}","path":"/home/agent/workspace"})
glob({"pattern":"**/*","path":"/home/agent/workspace"})
bash(git status --short --branch && git branch --show-current)
bash(gh issue view 8 --repo Atypical-Playworks/impostoi --comments)
The requested branch is already checked out, but the worktree contains broad pre-existing modifications and issue 8 is marked as merged with no visible body/comments. I’ll treat those changes as user-owned, inspect the persistence implementation and its contract tests, and avoid touching unrelated files.
read({"filePath":"/home/agent/workspace/docs/adr/0001-live-game-authority.md"})
read({"filePath":"/home/agent/workspace/docs/adr/0003-pseudonymous-progress.md"})
read({"filePath":"/home/agent/workspace/docs/adr/0005-deployment-and-migrations.md"})
read({"filePath":"/home/agent/workspace/src/lib/match-persistence.ts"})
read({"filePath":"/home/agent/workspace/src/lib/progress-migration-contract.test.ts"})
read({"filePath":"/home/agent/workspace/src/lib/match-persistence-contract.test.ts"})
read({"filePath":"/home/agent/workspace/supabase/migrations/20260808010000_match_persistence.sql"})
bash(git diff -- src/lib/match-persistence.ts src/lib/match-persistence-contract.test.ts supabase/migrations/20260808010000_match_persistence.sql package.json)
bash(git log --oneline -10 --all --decorate)
read({"filePath":"/home/agent/workspace/supabase/migrations/20260808000000_guest_progress.sql"})
bash(git show --stat --oneline 49e65fa && git show --stat --oneline 37fe83e && git show 37fe83e -- src/lib/match-persistence.ts src/lib/match-persistence-contract.test.ts)
bash(gh api repos/Atypical-Playworks/impostoi/issues/8/comments)
bash(gh api repos/Atypical-Playworks/impostoi/issues/8)
Issue acceptance is clear, and the existing implementation covers the requested tables, RPCs, replay retention, summaries, and one-time guest migration. I found the main remaining risk in the SQL contract: persistence must not be able to create inconsistent round data, and the private child-table access rules should be explicit rather than relying only on the service-definer loader. I’ll verify the baseline first, then add narrowly scoped contract coverage and SQL constraints/policies if needed.
todowrite({"todos":[{"content":"Inspect issue 8, context, ADRs, branch, and existing tests","status":"completed","priority":"high"},{"content":"Implement persistence contracts and migrations with behavior tests","status":"in_progress","priority":"high"},{"content":"Run focused and full verification commands","status":"pending","priority":"high"},{"content":"Review diff and commit issue 8 changes","status":"pending","priority":"high"}]})
bash(bun test src/lib/match-persistence-contract.test.ts)
bash(git diff --check && git status --short)
bash(bun run typecheck)
Baseline focused tests and typecheck pass. I’m adding explicit participant-scoped read policies for rounds, clues, votes, and Agent events, plus contract assertions; this preserves private data from non-participants while allowing authorized participants to reload detailed match history independently of Portal.
apply_patch({"patchText":"*** Begin Patch\n*** Update File: /home/agent/workspace/src/lib/match-persistence-contract.test.ts\n@@\n   expect(migration).toContain(\n     \"alter table public.replays enable row level security\",\n   );\n+  for (const table of [\"rounds\", \"clues\", \"votes\", \"agent_events\"]) {\n+    expect(migration).toContain(\n+      `create policy \"Participants can read ${table}\"`,\n+    );\n+  }\n   expect(migration).toContain(\"auth.uid() = mp.player_id\");\n*** Update File: /home/agent/workspace/supabase/migrations/20260808010000_match_persistence.sql\n@@\n create policy \"Participants can read their identities\"\n   on public.match_participants for select using (player_id = auth.uid());\n \n+create policy \"Participants can read rounds\"\n+  on public.rounds for select using (\n+    exists (\n+      select 1 from public.match_participants mp\n+      where mp.match_id = rounds.match_id and auth.uid() = mp.player_id\n+    )\n+  );\n+\n+create policy \"Participants can read clues\"\n+  on public.clues for select using (\n+    exists (\n+      select 1\n+      from public.rounds r\n+      join public.match_participants mp on mp.match_id = r.match_id\n+      where r.id = clues.round_id and auth.uid() = mp.player_id\n+    )\n+  );\n+\n+create policy \"Participants can read votes\"\n+  on public.votes for select using (\n+    exists (\n+      select 1\n+      from public.rounds r\n+      join public.match_participants mp on mp.match_id = r.match_id\n+      where r.id = votes.round_id and auth.uid() = mp.player_id\n+    )\n+  );\n+\n+create policy \"Participants can read agent_events\"\n+  on public.agent_events for select using (\n+    exists (\n+      select 1\n+      from public.rounds r\n+      join public.match_participants mp on mp.match_id = r.match_id\n+      where r.id = agent_events.round_id and auth.uid() = mp.player_id\n+    )\n+  );\n+\n create policy \"Participants can read their replays\"\n*** End Patch"})
bash(bun test src/lib/match-persistence-contract.test.ts)
bash(git diff -- src/lib/match-persistence-contract.test.ts supabase/migrations/20260808010000_match_persistence.sql)
bash(bunx biome check src/lib/match-persistence-contract.test.ts)
The new contract test is green, and the migration now has explicit participant-scoped policies on every detailed-history child table. I’ll run the required full verification suite next; repository-wide lint may report pre-existing formatting noise from the shared worktree, which I’ll distinguish from this change.
todowrite({"todos":[{"content":"Inspect issue 8, context, ADRs, branch, and existing tests","status":"completed","priority":"high"},{"content":"Implement persistence contracts and migrations with behavior tests","status":"completed","priority":"high"},{"content":"Run focused and full verification commands","status":"in_progress","priority":"high"},{"content":"Review diff and commit issue 8 changes","status":"pending","priority":"high"}]})
bash(bun run test)
bash(bun run lint)
bash(bun run typecheck)
Agent idle for 1 minute
bash(bun run build)
Verification results: all 39 tests, typecheck, and production build pass. Repository-wide lint fails on 39 pre-existing CRLF/formatting diagnostics across unrelated files; the changed contract test passes Biome, and no unrelated files will be reformatted. I’ll now review and commit only the persistence migration and its contract test.
todowrite({"todos":[{"content":"Inspect issue 8, context, ADRs, branch, and existing tests","status":"completed","priority":"high"},{"content":"Implement persistence contracts and migrations with behavior tests","status":"completed","priority":"high"},{"content":"Run focused and full verification commands","status":"completed","priority":"high"},{"content":"Review diff and commit issue 8 changes","status":"in_progress","priority":"high"}]})
bash(git log --oneline -10)
bash(git diff -- src/lib/match-persistence-contract.test.ts supabase/migrations/20260808010000_match_persistence.sql)
bash(git status --short --branch)
bash(git add src/lib/match-persistence-contract.test.ts supabase/migrations/20260808010000_match_persistence.sql && git diff --cached --check && git diff --cached --stat && git diff --cached -- src/lib/match-persistence-contract.test.ts supabase/migrations/20260808010000_match_persistence.sql)
bash(git commit -m "fix: scope match history access to participants")
The staged diff is limited to the two intended persistence files. The first commit attempt was blocked because this environment has no Git author identity configured; I’ll retry with temporary commit environment variables without changing repository or global Git configuration.
bash(GIT_AUTHOR_NAME="OpenCode" GIT_AUTHOR_EMAIL="opencode@users.noreply.github.com" GIT_COMMITTER_NAME="OpenCode" GIT_COMMITTER_EMAIL="opencode@users.noreply.github.com" git commit -m "fix: scope match history access to participants")
bash(git show --stat --oneline HEAD)
bash(git status --short --branch)
todowrite({"todos":[{"content":"Inspect issue 8, context, ADRs, branch, and existing tests","status":"completed","priority":"high"},{"content":"Implement persistence contracts and migrations with behavior tests","status":"completed","priority":"high"},{"content":"Run focused and full verification commands","status":"completed","priority":"high"},{"content":"Review diff and commit issue 8 changes","status":"completed","priority":"high"}]})
Implemented and committed issue 8 changes.

- Added participant-scoped RLS policies for rounds, clues, votes, and Agent events.
- Added contract test coverage.
- Tests: 39 passed.
- Typecheck/build: passed.
- Lint: fails on pre-existing repository-wide formatting issues.
- Commit: `2020a46`

<promise>COMPLETE</promise>
Agent stopped
Syncing 1 commit to host
Syncing 1 commit to host done (0.0s)
Collecting commits
Collecting commits done (0.1s)
Agent signaled completion after 1 iteration(s).
Run complete: agent finished after 1 iteration(s).
