
--- Run started: 2026-08-08T15:57:23.649Z ---
Iteration 1/1
Setting up sandbox
Setting up sandbox done (0.4s)
Agent started
I’m checking the branch history, working tree, and project contracts first, then I’ll trace the changed code paths and tests for security and state-authority issues.
todowrite({"todos":[{"content":"Inspect branch commits, diff, and repository contracts","status":"in_progress","priority":"high"},{"content":"Review changed code for correctness, security, and scope","status":"pending","priority":"high"},{"content":"Apply necessary fixes and add focused tests","status":"pending","priority":"high"},{"content":"Run verification and commit any improvements","status":"pending","priority":"high"}]})
glob({"pattern":"docs/adr/**/*","path":"/home/agent/workspace"})
read({"filePath":"/home/agent/workspace/CONTEXT.md"})
read({"filePath":"/home/agent/workspace/AGENTS.md"})
read({"filePath":"/home/agent/workspace/.sandcastle/CODING_STANDARDS.md"})
bash(git status --short && git branch --show-current && git log --oneline --decorate -10 && git diff --stat main...sandcastle/issue-11)
grep({"pattern":"secret|role|vote|token|prompt|model|console\\.|logger|JSON\\.stringify|as ","path":"/home/agent/workspace/src/lib","include":"{game-state.ts,agent-adapter.ts,agent-adapter-config.ts,match-persistence-contract.test.ts}"})
read({"filePath":"/home/agent/workspace/docs/adr/0002-independent-hidden-roles.md"})
read({"filePath":"/home/agent/workspace/docs/adr/0001-live-game-authority.md"})
read({"filePath":"/home/agent/workspace/docs/adr/0005-deployment-and-migrations.md"})
d"})
bash(git show --stat --oneline 46bece1 && git diff main...sandcastle/issue-11 -- src/lib/game-state.ts src/lib/agent-adapter.ts src/lib/agent-adapter-config.ts supabase/migrations/20260808030000_resilience_privacy.sql src/lib/match-persistence-contract.test.ts)
The issue commit is isolated to agent replay metadata, phase timeouts, and a privacy migration. I’m now comparing behavior rather than formatting noise, with particular attention to timeout transitions, persistence/RLS boundaries, and whether the new replay metadata can be forged or expose private state.
read({"filePath":"/home/agent/workspace/supabase/migrations/20260808030000_resilience_privacy.sql"})
read({"filePath":"/home/agent/workspace/src/lib/game-state.test.ts"})
read({"filePath":"/home/agent/workspace/src/lib/match-persistence.ts"})
read({"filePath":"/home/agent/workspace/src/lib/agent-adapter.test.ts"})
read({"filePath":"/home/agent/workspace/supabase/migrations/20260808010000_match_persistence.sql"})
bash(git diff --ignore-all-space main...sandcastle/issue-11 -- src/lib/game-state.ts src/lib/agent-adapter-config.ts supabase/migrations/20260808030000_resilience_privacy.sql)
grep({"pattern":"advanceTimedOutPhase|phaseDeadlineAt|agentReplayEvent|agent_events|fallback","path":"/home/agent/workspace/src"})
grep({"pattern":"persistCompletedMatch|loadMatch|CompletedMatchPayload|agent_events","path":"/home/agent/workspace/src","include":"*.ts*"})
read({"filePath":"/home/agent/workspace/src/lib/portal-room.ts"})
read({"filePath":"/home/agent/workspace/src/lib/portal-room.test.ts"})
bash(git show --format=fuller --no-ext-diff 46bece1 --)
todowrite({"todos":[{"content":"Inspect branch commits, diff, and repository contracts","status":"completed","priority":"high"},{"content":"Review changed code for correctness, security, and scope","status":"in_progress","priority":"high"},{"content":"Apply necessary fixes and add focused tests","status":"pending","priority":"high"},{"content":"Run verification and commit any improvements","status":"pending","priority":"high"}]})
bash(bun run test)
bash(bun run lint)
bash(bun run typecheck)
Agent idle for 1 minute
bash(bun run build)
All behavioral tests, TypeScript, and the production build pass. The lint failure is entirely the repository’s existing line-ending/formatting state across many unrelated files, so I’m not rewriting those user changes; I’m doing one final targeted audit of the commit’s SQL and timeout contracts before deciding whether a focused fix is warranted.
bash(git diff --check main...sandcastle/issue-11 && git status --short | wc -l && git show 46bece1:src/lib/game-state.ts | file - && git show 46bece1:src/lib/agent-adapter-config.ts | file -)
grep({"pattern":"secret_word|impostor_participant_id|role|vote|payload","path":"/home/agent/workspace/supabase/migrations","include":"*.sql"})
read({"filePath":"/home/agent/workspace/supabase/migrations/20260808020000_agent_statistics.sql"})
bash(git show --format='%H%n%s%n%b' --no-patch 46bece1 && git diff --name-only main...sandcastle/issue-11)
bash(git show 46bece1:src/lib/game-state.ts > /tmp/opencode/issue11-game-state.ts && git show 46bece1:src/lib/agent-adapter-config.ts > /tmp/opencode/issue11-agent.ts && file /tmp/opencode/issue11-game-state.ts /tmp/opencode/issue11-agent.ts)
bash(ls -ld /tmp/opencode /tmp && git show 46bece1:src/lib/game-state.ts | file -)
The targeted audit found no correctness or security defect requiring a code change. The new timeout transitions remain server-side and preserve private views; replay events contain only action/fallback/duration metadata; and the migration’s trigger/constraint does not add a client-visible authority path. I’m recording the review result without touching the unrelated dirty worktree.
todowrite({"todos":[{"content":"Inspect branch commits, diff, and repository contracts","status":"completed","priority":"high"},{"content":"Review changed code for correctness, security, and scope","status":"completed","priority":"high"},{"content":"Apply necessary fixes and add focused tests","status":"completed","priority":"high"},{"content":"Run verification and commit any improvements","status":"completed","priority":"high"}]})
Review complete. No changes or commit were necessary.

- Tests: 51 passed
- Typecheck: passed
- Build: passed
- Lint: blocked by existing formatting/line-ending changes in the dirty worktree

<promise>COMPLETE</promise>
Agent stopped
No commits to sync out
No commits to sync out done (0.0s)
Collecting commits
Collecting commits done (0.1s)
Agent signaled completion after 1 iteration(s).
Run complete: agent finished after 1 iteration(s).

--- Run started: 2026-08-08T16:11:39.450Z ---
Iteration 1/1
Setting up sandbox
Setting up sandbox done (0.4s)
Agent started
I’ll inspect the branch history and diff first, then cross-check the changes against the domain docs and coding standards before deciding whether fixes are warranted.
todowrite({"todos":[{"content":"Inspect branch commits, diff, and worktree state","status":"in_progress","priority":"high"},{"content":"Read CONTEXT.md, relevant ADRs, and coding standards","status":"pending","priority":"high"},{"content":"Review changed code and tests for risks and scope","status":"pending","priority":"high"},{"content":"Apply necessary fixes, run verification, and commit","status":"pending","priority":"high"}]})
glob({"pattern":"**/*","path":"/home/agent/workspace"})
bash(git diff --stat sandcastle/issue-11...HEAD && git diff --name-status sandcastle/issue-11...HEAD)
bash(git status --short --branch && git log --oneline --decorate -10)
glob({"pattern":"docs/adr/*.md","path":"/home/agent/workspace"})
read({"filePath":"/home/agent/workspace/CONTEXT.md"})
read({"filePath":"/home/agent/workspace/.sandcastle/CODING_STANDARDS.md"})
bash(git diff --stat 08d61d1..HEAD && git diff --name-status 08d61d1..HEAD)
bash(git show --stat --oneline 46bece1 && git show --stat --oneline 31ac8d1 && git log --format=fuller 08d61d1..HEAD)
read({"filePath":"/home/agent/workspace/docs/adr/0001-live-game-authority.md"})
read({"filePath":"/home/agent/workspace/docs/adr/0002-independent-hidden-roles.md"})
read({"filePath":"/home/agent/workspace/docs/adr/0003-pseudonymous-progress.md"})
read({"filePath":"/home/agent/workspace/docs/adr/0004-agent-runtime-and-benchmarking.md"})
read({"filePath":"/home/agent/workspace/docs/adr/0005-deployment-and-migrations.md"})
bash(git diff --ignore-all-space --find-renames 08d61d1..HEAD -- src/lib/game-state.ts src/lib/agent-adapter.ts supabase/migrations/20260808030000_resilience_privacy.sql supabase/migrations/20260808010000_match_persistence.sql)
The branch adds phase deadlines and fallback/replay persistence, but the diff is dominated by line-ending/formatting churn. I’m narrowing the review to semantic changes now, especially timeout transitions, replay privacy, and database trigger behavior.
read({"filePath":"/home/agent/workspace/supabase/migrations/20260808030000_resilience_privacy.sql"})
read({"filePath":"/home/agent/workspace/src/lib/game-state.test.ts","offset":1,"limit":240})
read({"filePath":"/home/agent/workspace/src/lib/game-state.ts"})
read({"filePath":"/home/agent/workspace/src/lib/agent-adapter.ts"})
read({"filePath":"/home/agent/workspace/src/lib/agent-adapter-config.ts"})
read({"filePath":"/home/agent/workspace/supabase/migrations/20260808010000_match_persistence.sql"})
grep({"pattern":"advanceTimedOutPhase|phaseDeadlineAt|agentReplayEvent|fallback","path":"/home/agent/workspace/src","include":"*.ts*"})
read({"filePath":"/home/agent/workspace/src/lib/match-persistence-contract.test.ts"})
read({"filePath":"/home/agent/workspace/src/lib/agent-adapter.test.ts"})
read({"filePath":"/home/agent/workspace/src/lib/portal-room.ts"})
read({"filePath":"/home/agent/workspace/src/app/round-room.tsx"})
bash(git diff --word-diff=plain 08d61d1..HEAD -- src/lib/game-state.ts src/lib/agent-adapter-config.ts supabase/migrations/20260808030000_resilience_privacy.sql)
grep({"pattern":"startCluePhase|startDiscussion|startVoting|submitClue|submitVote|createGame","path":"/home/agent/workspace/src","include":"*.ts*"})
read({"filePath":"/home/agent/workspace/src/lib/match-persistence.ts"})
read({"filePath":"/home/agent/workspace/src/lib/agent-statistics.ts"})
bash(bun run test)
bash(bun run typecheck && bun run lint)
The deterministic tests pass and type checking passes. The review found one concrete contract gap: server deadlines are kept in private `GameState` but omitted from `PublicGameView`, so reconnecting or late-joining clients cannot receive the authoritative remaining deadline; the current UI also relies on local timers. I’m checking the dirty worktree boundary before making a focused change.
bash(git diff --numstat -- src/lib/game-state.ts src/lib/game-state.test.ts && git diff --ignore-space-at-eol --stat -- src/lib/game-state.ts src/lib/game-state.test.ts)
bash(git show HEAD:src/lib/game-state.ts | file - && file src/lib/game-state.ts && git show HEAD:src/lib/game-state.test.ts | file - && file src/lib/game-state.test.ts)
bash(git status --short --untracked-files=all | wc -l && git diff --name-only | wc -l)
bash(git config --get core.autocrlf || true; git config --get core.safecrlf || true; git ls-files -v src/lib/game-state.ts src/lib/game-state.test.ts)
bash(git status --short -- src/lib/game-state.ts src/lib/game-state.test.ts && git diff --raw -- src/lib/game-state.ts src/lib/game-state.test.ts && git diff --cached --raw -- src/lib/game-state.ts src/lib/game-state.test.ts)
bash(git status --short --branch)
todowrite({"todos":[{"content":"Inspect branch commits, diff, and worktree state","status":"completed","priority":"high"},{"content":"Read CONTEXT.md, relevant ADRs, and coding standards","status":"completed","priority":"high"},{"content":"Review changed code and tests for risks and scope","status":"in_progress","priority":"high"},{"content":"Apply necessary fixes, run verification, and commit","status":"pending","priority":"high"}]})
The worktree has broad pre-existing modifications unrelated to this review, so I will touch only the game-state contract and its behavior test. The fix will expose the non-sensitive deadline in public snapshots, preserving Portal as the authority without exposing roles, words, or votes.
apply_patch({"patchText":"*** Begin Patch\n*** Update File: /home/agent/workspace/src/lib/game-state.ts\n@@\n export type PublicGameView = {\n   matchId: string;\n   roundNumber: number;\n   phase: MatchPhase;\n+  phaseDeadlineAt?: number;\n   votingStage?: VotingStage;\n@@\n     roundNumber: state.roundNumber,\n     phase: state.phase,\n+    ...(state.phaseDeadlineAt !== undefined\n+      ? { phaseDeadlineAt: state.phaseDeadlineAt }\n+      : {}),\n     ...(state.votingStage ? { votingStage: state.votingStage } : {}),\n*** Update File: /home/agent/workspace/src/lib/game-state.test.ts\n@@\n     const discussion = advanceTimedOutPhase(\n       state,\n       state.phaseDeadlineAt as number,\n     );\n     expect(discussion.phase).toBe(\"discussion\");\n     expect(discussion.phaseDeadlineAt).toBeDefined();\n+    expect(publicViewFor(discussion).phaseDeadlineAt).toBe(\n+      discussion.phaseDeadlineAt,\n+    );\n*** End Patch"})
bash(git diff -- src/lib/game-state.ts src/lib/game-state.test.ts && git status --short -- src/lib/game-state.ts src/lib/game-state.test.ts)
bash(bun run test)
bash(bun run typecheck)
bash(git add src/lib/game-state.ts src/lib/game-state.test.ts && git diff --cached --stat && git diff --cached --check && git status --short --branch)
todowrite({"todos":[{"content":"Review changed code and tests for risks and scope","status":"completed","priority":"high"},{"content":"Apply necessary fixes, run verification, and commit","status":"in_progress","priority":"high"}]})
The focused fix is implemented and verified: tests now assert that a timed phase deadline survives conversion to a public snapshot, while private role and vote data remain unchanged. I’m committing only these two files and leaving the unrelated worktree modifications untouched.
bash(git commit -m "fix: include phase deadlines in public snapshots")
bash(GIT_AUTHOR_NAME="OpenCode" GIT_AUTHOR_EMAIL="opencode@users.noreply.github.com" GIT_COMMITTER_NAME="OpenCode" GIT_COMMITTER_EMAIL="opencode@users.noreply.github.com" git commit -m "fix: include phase deadlines in public snapshots")
bash(git show --stat --oneline HEAD && git status --short --branch | wc -l)
Agent idle for 1 minute
bash(bun run build)
todowrite({"todos":[{"content":"Inspect branch commits, diff, and worktree state","status":"completed","priority":"high"},{"content":"Read CONTEXT.md, relevant ADRs, and coding standards","status":"completed","priority":"high"},{"content":"Review changed code and tests for risks and scope","status":"completed","priority":"high"},{"content":"Apply necessary fixes, run verification, and commit","status":"completed","priority":"high"}]})
Reviewed commits and ADR compliance. Fixed public snapshots to include authoritative phase deadlines and added coverage.

Verification:
- `bun test` passed
- `bun run typecheck` passed
- `bun run build` passed
- Lint remains blocked by pre-existing repository-wide formatting churn

Committed as `253f018`.

<promise>COMPLETE</promise>
Agent stopped
Syncing 1 commit to host
Syncing 1 commit to host done (0.0s)
Collecting commits
Collecting commits done (0.1s)
Agent signaled completion after 1 iteration(s).
Run complete: agent finished after 1 iteration(s).
