
--- Run started: 2026-08-08T15:28:29.860Z ---
Iteration 1/100
Setting up sandbox
Setting up sandbox done (0.4s)
Agent started
I’ll inspect issue 10, repository guidance, current branch state, and deployment/test conventions before making focused changes.
todowrite({"todos":[{"content":"Read issue 10, CONTEXT.md, and relevant ADRs","status":"in_progress","priority":"high"},{"content":"Inspect existing deployment, migration, CI, and test patterns","status":"pending","priority":"high"},{"content":"Implement issue 10 with focused tests and documentation","status":"pending","priority":"high"},{"content":"Run focused and required verification commands","status":"pending","priority":"high"},{"content":"Review diff and commit changes on sandcastle/issue-10","status":"pending","priority":"high"}]})
read({"filePath":"/home/agent/workspace/CONTEXT.md"})
glob({"pattern":".github/**/*","path":"/home/agent/workspace"})
glob({"pattern":"docs/adr/*","path":"/home/agent/workspace"})
bash(gh issue view 10 --repo Atypical-Playworks/impostoi --comments)
bash(git status --short --branch && git branch --show-current)
glob({"pattern":"**/*.{yml,yaml,json,md,sh,Dockerfile,ts}","path":"/home/agent/workspace"})
grep({"pattern":"migration|Cloud Run|cloud run|deploy|Supabase|Docker","path":"/home/agent/workspace","include":"*.{yml,yaml,json,md,sh,Dockerfile,ts}"})
read({"filePath":"/home/agent/workspace/docs/adr/0005-deployment-and-migrations.md"})
read({"filePath":"/home/agent/workspace/docs/adr/0004-agent-runtime-and-benchmarking.md"})
read({"filePath":"/home/agent/workspace/docs/adr/0001-live-game-authority.md"})
read({"filePath":"/home/agent/workspace/.github/workflows/deploy.yml"})
bash(gh issue view 10 --repo Atypical-Playworks/impostoi --json number,title,body,comments,labels,assignees)
read({"filePath":"/home/agent/workspace/Dockerfile"})
read({"filePath":"/home/agent/workspace/.github/workflows/ci.yml"})
read({"filePath":"/home/agent/workspace/package.json"})
read({"filePath":"/home/agent/workspace/README.md","offset":1,"limit":100})
Issue 10’s deployment workflow already exists in the worktree, but the repository has broad unstaged changes. I’m separating the deployment-related delta from unrelated edits and checking whether the current workflow satisfies each acceptance criterion, especially secret handling and fail-safe configuration.
glob({"pattern":"**/*deploy*test*","path":"/home/agent/workspace"})
glob({"pattern":"supabase/**/*","path":"/home/agent/workspace"})
read({"filePath":"/home/agent/workspace/next.config.ts"})
read({"filePath":"/home/agent/workspace/.env.example"})
read({"filePath":"/home/agent/workspace/src/lib/server-env-config.ts"})
read({"filePath":"/home/agent/workspace/src/lib/server-env.ts"})
bash(git diff -- .github/workflows/deploy.yml .github/workflows/ci.yml Dockerfile README.md .env.example .gitignore docs/adr/0005-deployment-and-migrations.md)
read({"filePath":"/home/agent/workspace/.sandcastle/implement-prompt.md"})
read({"filePath":"/home/agent/workspace/docs/agents/issue-tracker.md"})
bash(git show HEAD:.github/workflows/deploy.yml)
bash(git log --oneline -10 --all --decorate)
bash(git diff --numstat && git diff --stat)
glob({"pattern":"docs/*.md","path":"/home/agent/workspace"})
bash(file .github/workflows/deploy.yml README.md && git diff --ignore-space-at-eol -- .github/workflows/deploy.yml README.md)
bash(git show --stat --oneline HEAD && git show HEAD:.github/workflows/ci.yml | wc -l)
The existing workflow covers the core deployment path, but it lacks an explicit preflight for required GitHub configuration and has no deployment runbook. I’ll add those safeguards, document the exact variables/secrets and GCP roles, and add a contract test that verifies migration ordering and secret isolation without invoking external services.
todowrite({"todos":[{"content":"Read issue 10, CONTEXT.md, and relevant ADRs","status":"completed","priority":"high"},{"content":"Inspect existing deployment, migration, CI, and test patterns","status":"completed","priority":"high"},{"content":"Implement issue 10 with focused tests and documentation","status":"in_progress","priority":"high"},{"content":"Run focused and required verification commands","status":"pending","priority":"high"},{"content":"Review diff and commit changes on sandcastle/issue-10","status":"pending","priority":"high"}]})
apply_patch({"patchText":"*** Begin Patch\n*** Update File: /home/agent/workspace/.github/workflows/deploy.yml\n@@\n permissions:\n   contents: read\n   id-token: write\n+\n+concurrency:\n+  group: production-deploy\n+  cancel-in-progress: false\n@@\n     steps:\n       - uses: actions/checkout@v4\n+\n+      - name: Validate deployment configuration\n+        env:\n+          WORKLOAD_IDENTITY_PROVIDER: ${{ vars.GCP_WORKLOAD_IDENTITY_PROVIDER }}\n+          DEPLOYER_SERVICE_ACCOUNT: ${{ vars.GCP_DEPLOYER_SERVICE_ACCOUNT }}\n+          DATABASE_URL_PROD: ${{ secrets.DATABASE_URL_PROD }}\n+          APP_URL: ${{ secrets.NEXT_PUBLIC_APP_URL }}\n+          SUPABASE_URL: ${{ secrets.NEXT_PUBLIC_SUPABASE_URL }}\n+          SUPABASE_PUBLISHABLE_KEY: ${{ secrets.NEXT_PUBLIC_SUPABASE_PUBLISHABLE_KEY }}\n+          PORTAL_KEY: ${{ secrets.NEXT_PUBLIC_PORTAL_KEY }}\n+        run: |\n+          for required in \\\n+            WORKLOAD_IDENTITY_PROVIDER \\\n+            DEPLOYER_SERVICE_ACCOUNT \\\n+            DATABASE_URL_PROD \\\n+            APP_URL \\\n+            SUPABASE_URL \\\n+            SUPABASE_PUBLISHABLE_KEY \\\n+            PORTAL_KEY; do\n+            test -n \"${!required}\" || { echo \"Missing deployment configuration: $required\"; exit 1; }\n+          done\n \n       - uses: google-github-actions/auth@v2\n*** Add File: /home/agent/workspace/docs/deployment.md\n+# Production deployment\n+\n+The `Deploy to Cloud Run` workflow deploys the standalone Next.js container to\n+Cloud Run in `angelic-throne-502610-v3`. It runs for pushes to `main` and for\n+manual dispatches. The workflow validates configuration, runs the application\n+checks, builds and pushes an immutable commit-tagged image, applies Supabase\n+migrations, and then deploys that image.\n+\n+## GitHub configuration\n+\n+Configure these in the repository's `production` environment. Values marked\n+as secrets must not be committed or printed in workflow logs.\n+\n+### Variables\n+\n+| Name | Purpose |\n+| --- | --- |\n+| `GCP_WORKLOAD_IDENTITY_PROVIDER` | Full resource name of the repository-scoped Google Workload Identity Federation provider |\n+| `GCP_DEPLOYER_SERVICE_ACCOUNT` | Google service account used by GitHub Actions |\n+\n+### Secrets\n+\n+| Name | Purpose |\n+| --- | --- |\n+| `DATABASE_URL_PROD` | Supabase Postgres connection URL used only by `supabase db push` |\n+| `NEXT_PUBLIC_APP_URL` | Public application URL passed to Cloud Run |\n+| `NEXT_PUBLIC_SUPABASE_URL` | Public Supabase URL passed to Cloud Run |\n+| `NEXT_PUBLIC_SUPABASE_PUBLISHABLE_KEY` | Public Supabase publishable key passed to Cloud Run |\n+| `NEXT_PUBLIC_PORTAL_KEY` | Public Portal key passed to Cloud Run |\n+\n+The workflow expects these Google Secret Manager secrets to exist:\n+\n+- `impostoi-supabase-secret-key`\n+- `impostoi-portal-secret`\n+- `impostoi-opencode-zen-key`\n+\n+They are injected into Cloud Run as `SUPABASE_SECRET_KEY`, `PORTAL_SECRET`,\n+and `OPENCODE_ZEN_API_KEY`. `DATABASE_URL_PROD` is never passed to Cloud Run,\n+Docker, or the built image.\n+\n+## Google Cloud permissions\n+\n+The deployer service account needs:\n+\n+- `roles/artifactregistry.writer` on the `impostoi-registry` repository\n+- `roles/run.admin` on the project\n+- `roles/secretmanager.secretAccessor` on the three runtime secrets\n+- `roles/iam.serviceAccountUser` for the Cloud Run runtime service account\n+- `roles/serviceusage.serviceUsageConsumer` on the project\n+\n+The Workload Identity Provider must restrict access to the\n+`Atypical-Playworks/impostoi` repository and grant that principal permission to\n+impersonate `GCP_DEPLOYER_SERVICE_ACCOUNT`.\n+\n+Supabase migrations are timestamped files under `supabase/migrations/` and run\n+before the Cloud Run revision deployment. A failed preflight or migration stops\n+the workflow before a new revision is deployed.\n*** Add File: /home/agent/workspace/src/lib/deployment-contract.test.ts\n+import { readFileSync } from \"node:fs\";\n+import { join } from \"node:path\";\n+import { describe, expect, test } from \"bun:test\";\n+\n+const workflow = readFileSync(\n+  join(process.cwd(), \".github/workflows/deploy.yml\"),\n+  \"utf8\",\n+);\n+const documentation = readFileSync(\n+  join(process.cwd(), \"docs/deployment.md\"),\n+  \"utf8\",\n+);\n+\n+describe(\"Cloud Run deployment contract\", () => {\n+  test(\"validates configuration and applies migrations before deploying\", () => {\n+    expect(workflow).toContain(\"Validate deployment configuration\");\n+    expect(workflow).toContain(\"GCP_WORKLOAD_IDENTITY_PROVIDER\");\n+    expect(workflow).toContain(\"DATABASE_URL_PROD\");\n+\n+    const migration = workflow.indexOf(\"supabase db push --db-url\");\n+    const deployment = workflow.indexOf(\"gcloud run deploy\");\n+    expect(migration).toBeGreaterThan(-1);\n+    expect(deployment).toBeGreaterThan(migration);\n+  });\n+\n+  test(\"keeps production database credentials out of the image and runtime\", () => {\n+    expect(workflow).not.toContain(\"DATABASE_URL=$\");\n+    expect(workflow).not.toContain(\"DATABASE_URL_PROD=$\");\n+    expect(workflow).toContain(\"SUPABASE_SECRET_KEY=impostoi-supabase-secret-key:latest\");\n+    expect(workflow).toContain(\"PORTAL_SECRET=impostoi-portal-secret:latest\");\n+    expect(workflow).toContain(\"OPENCODE_ZEN_API_KEY=impostoi-opencode-zen-key:latest\");\n+  });\n+\n+  test(\"documents required GitHub configuration and Google permissions\", () => {\n+    for (const name of [\n+      \"GCP_WORKLOAD_IDENTITY_PROVIDER\",\n+      \"GCP_DEPLOYER_SERVICE_ACCOUNT\",\n+      \"DATABASE_URL_PROD\",\n+      \"NEXT_PUBLIC_APP_URL\",\n+      \"NEXT_PUBLIC_SUPABASE_URL\",\n+      \"NEXT_PUBLIC_SUPABASE_PUBLISHABLE_KEY\",\n+      \"NEXT_PUBLIC_PORTAL_KEY\",\n+    ]) {\n+      expect(documentation).toContain(`\\`${name}\\``);\n+    }\n+\n+    expect(documentation).toContain(\"roles/run.admin\");\n+    expect(documentation).toContain(\"roles/secretmanager.secretAccessor\");\n+    expect(documentation).toContain(\"roles/iam.serviceAccountUser\");\n+  });\n+});\n*** End Patch"})
bash(bun test src/lib/deployment-contract.test.ts)
bash(git diff --ignore-space-at-eol -- .github/workflows/deploy.yml docs/deployment.md src/lib/deployment-contract.test.ts)
bash(bunx biome check src/lib/deployment-contract.test.ts)
apply_patch({"patchText":"*** Begin Patch\n*** Update File: /home/agent/workspace/src/lib/deployment-contract.test.ts\n@@\n-import { readFileSync } from \"node:fs\";\n-import { join } from \"node:path\";\n import { describe, expect, test } from \"bun:test\";\n+import { readFileSync } from \"node:fs\";\n+import { join } from \"node:path\";\n@@\n-    expect(workflow).toContain(\"SUPABASE_SECRET_KEY=impostoi-supabase-secret-key:latest\");\n+    expect(workflow).toContain(\n+      \"SUPABASE_SECRET_KEY=impostoi-supabase-secret-key:latest\",\n+    );\n@@\n-    expect(workflow).toContain(\"OPENCODE_ZEN_API_KEY=impostoi-opencode-zen-key:latest\");\n+    expect(workflow).toContain(\n+      \"OPENCODE_ZEN_API_KEY=impostoi-opencode-zen-key:latest\",\n+    );\n*** End Patch"})
The focused contract test passes. The implementation now preflights all required deployment inputs before authentication, serializes production deployments to avoid migration races, and documents the runtime Secret Manager contract; I’m moving to full verification.
todowrite({"todos":[{"content":"Read issue 10, CONTEXT.md, and relevant ADRs","status":"completed","priority":"high"},{"content":"Inspect existing deployment, migration, CI, and test patterns","status":"completed","priority":"high"},{"content":"Implement issue 10 with focused tests and documentation","status":"completed","priority":"high"},{"content":"Run focused and required verification commands","status":"in_progress","priority":"high"},{"content":"Review diff and commit changes on sandcastle/issue-10","status":"pending","priority":"high"}]})
bash(bun run test)
bash(bun run lint)
bash(bun run typecheck)
Agent idle for 1 minute
bash(bun run build)
Tests, typecheck, and build pass. The repository-wide lint command is blocked by pre-existing CRLF formatting across many unrelated files, not by the new contract test; I’m preserving those unrelated edits, normalizing only the deployment workflow I changed, then I’ll run the focused lint and inspect the staged diff before committing.
bash(perl -pi -e 's/\r$//' .github/workflows/deploy.yml && bunx biome check src/lib/deployment-contract.test.ts)
bash(command -v actionlint || true; command -v ruby || true)
bash(bunx biome check src/lib/deployment-contract.test.ts docs/deployment.md)
bash(git status --short && git diff -- .github/workflows/deploy.yml && git diff --no-index /dev/null docs/deployment.md || true && git diff --no-index /dev/null src/lib/deployment-contract.test.ts || true)
todowrite({"todos":[{"content":"Read issue 10, CONTEXT.md, and relevant ADRs","status":"completed","priority":"high"},{"content":"Inspect existing deployment, migration, CI, and test patterns","status":"completed","priority":"high"},{"content":"Implement issue 10 with focused tests and documentation","status":"completed","priority":"high"},{"content":"Run focused and required verification commands","status":"completed","priority":"high"},{"content":"Review diff and commit changes on sandcastle/issue-10","status":"in_progress","priority":"high"}]})
The required verification is complete: 48 tests pass, typecheck passes, and the production build passes. Full lint remains the sole non-passing command because the pre-existing worktree has CRLF changes across unrelated files; only the deployment workflow, deployment documentation, and new contract test will be staged.
bash(git add .github/workflows/deploy.yml docs/deployment.md src/lib/deployment-contract.test.ts && git status --short && git diff --cached --check && git diff --cached --stat && git diff --cached)
bash(git log --oneline -10)
bash(git diff --cached --name-only && git status --short)
bash(git commit -m "ci: automate Cloud Run deployment")
The implementation is ready and staged, but the commit is blocked because this checkout has no Git author identity configured. I’m checking the repository’s existing commit identity for a non-persistent commit-level identity; I will not alter Git configuration.
bash(git log -1 --format='%an <%ae>')
bash(GIT_AUTHOR_NAME='OpenCode' GIT_AUTHOR_EMAIL='opencode@users.noreply.github.com' GIT_COMMITTER_NAME='OpenCode' GIT_COMMITTER_EMAIL='opencode@users.noreply.github.com' git commit -m "ci: automate Cloud Run deployment")
bash(git show --stat --oneline --summary HEAD)
bash(git status --short --branch)
todowrite({"todos":[{"content":"Read issue 10, CONTEXT.md, and relevant ADRs","status":"completed","priority":"high"},{"content":"Inspect existing deployment, migration, CI, and test patterns","status":"completed","priority":"high"},{"content":"Implement issue 10 with focused tests and documentation","status":"completed","priority":"high"},{"content":"Run focused and required verification commands","status":"completed","priority":"high"},{"content":"Review diff and commit changes on sandcastle/issue-10","status":"completed","priority":"high"}]})
Implemented and committed issue 10.

- Added deployment preflight validation and concurrency control.
- Added Cloud Run/Supabase deployment documentation.
- Added deployment contract tests.
- Commit: `49d488c ci: automate Cloud Run deployment`
- Tests, typecheck, and build pass.
- Full lint is blocked by pre-existing CRLF changes in unrelated files.

<promise>COMPLETE</promise>
Agent stopped
Syncing 1 commit to host
Syncing 1 commit to host done (0.0s)
Collecting commits
Collecting commits done (0.1s)
Agent signaled completion after 1 iteration(s).
Run complete: agent finished after 1 iteration(s).

--- Run started: 2026-08-08T15:49:51.089Z ---
Iteration 1/100
Setting up sandbox
Setting up sandbox done (0.4s)
Agent started
I’ll inspect issue 10, repository guidance, branch state, and existing deployment/test patterns before changing anything.
todowrite({"todos":[{"content":"Read issue 10, context, ADRs, and repository state","status":"in_progress","priority":"high"},{"content":"Inspect existing deployment, migration, and CI patterns","status":"pending","priority":"high"},{"content":"Implement issue 10 with focused tests and documentation","status":"pending","priority":"high"},{"content":"Run focused and required verification commands","status":"pending","priority":"high"},{"content":"Review diff and commit changes on issue branch","status":"pending","priority":"high"}]})
read({"filePath":"/home/agent/workspace/CONTEXT.md"})
glob({"pattern":"docs/adr/**/*","path":"/home/agent/workspace"})
glob({"pattern":"**/*","path":"/home/agent/workspace"})
bash(gh issue view 10 --repo Atypical-Playworks/impostoi --comments)
bash(git status --short --branch)
read({"filePath":"/home/agent/workspace/docs/adr/0005-deployment-and-migrations.md"})
read({"filePath":"/home/agent/workspace/.github/workflows/deploy.yml"})
read({"filePath":"/home/agent/workspace/Dockerfile"})
read({"filePath":"/home/agent/workspace/.github/workflows/ci.yml"})
read({"filePath":"/home/agent/workspace/docs/deployment.md"})
read({"filePath":"/home/agent/workspace/src/lib/deployment-contract.test.ts"})
read({"filePath":"/home/agent/workspace/package.json"})
bash(git log --oneline -10 && git diff --stat && git diff -- .github/workflows/deploy.yml Dockerfile docs/deployment.md docs/adr/0005-deployment-and-migrations.md src/lib/deployment-contract.test.ts package.json .gitignore)
Issue 10 is already represented by the branch commits `49d488c` and `f105fc1`; the current worktree changes are broad CRLF-only rewrites, not feature edits. I’m checking the committed implementation against the issue contract and will avoid touching unrelated files.
bash(git show --format=fuller --no-ext-diff 49d488c -- .github/workflows/deploy.yml Dockerfile docs/deployment.md docs/adr/0005-deployment-and-migrations.md src/lib/deployment-contract.test.ts)
read({"filePath":"/home/agent/workspace/.env.example"})
bash(git show --stat --oneline 49d488c && git show --stat --oneline f105fc1 && git diff --ignore-space-at-eol -- .github/workflows/deploy.yml Dockerfile docs/deployment.md docs/adr/0005-deployment-and-migrations.md src/lib/deployment-contract.test.ts)
read({"filePath":"/home/agent/workspace/next.config.ts"})
read({"filePath":"/home/agent/workspace/README.md","offset":1,"limit":180})
bash(gh issue view 10 --repo Atypical-Playworks/impostoi --json number,title,body,state,labels,comments)
bash(git status --porcelain=v2)
bash(git diff --check)
bash(git diff --numstat | awk '$1 != $2 {print}')
todowrite({"todos":[{"content":"Read issue 10, context, ADRs, and repository state","status":"completed","priority":"high"},{"content":"Inspect existing deployment, migration, and CI patterns","status":"completed","priority":"high"},{"content":"Implement issue 10 with focused tests and documentation","status":"completed","priority":"high"},{"content":"Run focused and required verification commands","status":"in_progress","priority":"high"},{"content":"Review diff and commit changes on issue branch","status":"pending","priority":"high"}]})
The committed implementation satisfies the acceptance criteria: PR CI checks, main/manual deployment triggers, WIF auth, pre-revision `supabase db push`, Secret Manager injection, fail-fast validation, and deployment docs. I’m running the focused contract test and the four required checks now.
bash(bun test src/lib/deployment-contract.test.ts)
bash(bun run test)
bash(bun run lint)
The focused test and full test suite pass. `bun run lint` is blocked by the pre-existing worktree-wide CRLF-only changes: Biome reports 47 files, while the content matches `HEAD` aside from line endings. I’m recording the remaining verification results without normalizing unrelated files or overwriting those changes.
bash(bun run typecheck)
Agent idle for 1 minute
bash(bun run build)
bash(git diff --ignore-space-at-eol --exit-code -- .github/workflows/ci.yml .github/workflows/deploy.yml docs/deployment.md src/lib/deployment-contract.test.ts Dockerfile)
bash(git status --short --branch && git log --oneline -5)
todowrite({"todos":[{"content":"Read issue 10, context, ADRs, and repository state","status":"completed","priority":"high"},{"content":"Inspect existing deployment, migration, and CI patterns","status":"completed","priority":"high"},{"content":"Implement issue 10 with focused tests and documentation","status":"completed","priority":"high"},{"content":"Run focused and required verification commands","status":"completed","priority":"high"},{"content":"Review diff and commit changes on issue branch","status":"completed","priority":"high"}]})
Issue 10 is implemented on `sandcastle/issue-10` in commits `49d488c` and `f105fc1`.

- Focused tests: pass
- `bun run test`: pass
- `bun run typecheck`: pass
- `bun run build`: pass
- `bun run lint`: blocked by pre-existing CRLF-only worktree changes across 47 files

No unrelated changes were committed.

<promise>COMPLETE</promise>
Agent stopped
No commits to sync out
No commits to sync out done (0.0s)
Collecting commits
Collecting commits done (0.1s)
Agent signaled completion after 1 iteration(s).
Run complete: agent finished after 1 iteration(s).
