
--- Run started: 2026-08-08T15:03:56.823Z ---
Iteration 1/100
Setting up sandbox
Setting up sandbox done (0.4s)
Agent started
I’ll inspect issue 9, the domain context/ADRs, and the current branch/worktree before changing code. Then I’ll trace existing statistics and test patterns, implement the smallest focused change, run all required verification, and commit on `sandcastle/issue-9`.
todowrite({"todos":[{"content":"Inspect issue 9, branch, worktree, context, and relevant ADRs","status":"in_progress","priority":"high"},{"content":"Explore existing agent statistics code and tests","status":"pending","priority":"high"},{"content":"Implement issue 9 with focused behavior tests","status":"pending","priority":"high"},{"content":"Run focused and required verification commands","status":"pending","priority":"high"},{"content":"Review diff and commit changes","status":"pending","priority":"high"}]})
read({"filePath":"/home/agent/workspace/CONTEXT.md"})
glob({"pattern":"docs/adr/**/*","path":"/home/agent/workspace"})
bash(gh issue view 9 --repo Atypical-Playworks/impostoi --comments)
bash(git status --short --branch && git branch --list 'sandcastle/issue-9')
read({"filePath":"/home/agent/workspace/docs/adr/0003-pseudonymous-progress.md"})
read({"filePath":"/home/agent/workspace/docs/adr/0005-deployment-and-migrations.md"})
read({"filePath":"/home/agent/workspace/docs/adr/0004-agent-runtime-and-benchmarking.md"})
bash(git log --oneline -10)
bash(gh issue view 9 --repo Atypical-Playworks/impostoi --json number,title,body,comments,labels,assignees)
Issue 9 requires persistent/public Agent aggregates while keeping camouflage and Impostor outcomes separate, excluding fallback matches, and exposing authenticated personal progress. The relevant ADRs confirm direct metrics, hidden-in-match identity with post-match reveal, and no Elo; I’m now mapping those requirements onto the existing persistence and UI contracts.
grep({"pattern":"stat|ranking|camouflage|impostor|fallback|response time|detection","path":"/home/agent/workspace/src"})
read({"filePath":"/home/agent/workspace/src/lib/match-persistence.ts"})
read({"filePath":"/home/agent/workspace/src/lib/match-persistence-contract.test.ts"})
read({"filePath":"/home/agent/workspace/package.json"})
read({"filePath":"/home/agent/workspace/supabase/migrations/20260808010000_match_persistence.sql"})
read({"filePath":"/home/agent/workspace/src/app/page.tsx"})
glob({"pattern":"src/app/api/**/*.ts","path":"/home/agent/workspace"})
glob({"pattern":"src/lib/*test.ts","path":"/home/agent/workspace"})
read({"filePath":"/home/agent/workspace/src/lib/server-env.ts"})
read({"filePath":"/home/agent/workspace/src/lib/auth-policy.ts"})
read({"filePath":"/home/agent/workspace/supabase/migrations/20260808000000_guest_progress.sql"})
read({"filePath":"/home/agent/workspace/src/app/api/auth/migrate/route.ts"})
read({"filePath":"/home/agent/workspace/docs/agents/domain.md"})
read({"filePath":"/home/agent/workspace/src/lib/progress-migration-contract.test.ts"})
read({"filePath":"/home/agent/workspace/src/lib/product.test.ts"})
read({"filePath":"/home/agent/workspace/src/lib/supabase/server.ts"})
read({"filePath":"/home/agent/workspace/src/app/api/auth/sign-in/route.ts"})
todowrite({"todos":[{"content":"Inspect issue 9, branch, worktree, context, and relevant ADRs","status":"completed","priority":"high"},{"content":"Explore existing agent statistics code and tests","status":"completed","priority":"high"},{"content":"Implement issue 9 with focused behavior tests","status":"in_progress","priority":"high"},{"content":"Run focused and required verification commands","status":"pending","priority":"high"},{"content":"Review diff and commit changes","status":"pending","priority":"high"}]})
The current persistence layer stores raw round outcomes but has no aggregate contract, ranking read path, or personal progress endpoint. I’ll add a pure aggregation module first so camouflage, Impostor, inconclusive, vote, response-time, and fallback rules are testable independently, then wire those counters into a migration and read APIs without exposing replay/player-private data.
apply_patch({"patchText":"*** Begin Patch\n*** Add File: /home/agent/workspace/src/lib/agent-statistics.ts\n+export type AgentRoundResult = {\n+  readonly fallback: boolean;\n+  readonly agentWasImpostor: boolean;\n+  readonly aiDetection: \"detected\" | \"escaped\" | \"inconclusive\";\n+  readonly impostorWin: \"won\" | \"lost\" | \"inconclusive\";\n+  readonly aiVotes: number;\n+  readonly responseTimeMs: number;\n+};\n+\n+export type AgentStatistics = {\n+  readonly gamesCounted: number;\n+  readonly roundsCounted: number;\n+  readonly camouflageDetected: number;\n+  readonly camouflageEscaped: number;\n+  readonly camouflageInconclusive: number;\n+  readonly impostorRounds: number;\n+  readonly impostorWins: number;\n+  readonly impostorLosses: number;\n+  readonly impostorInconclusive: number;\n+  readonly aiVotes: number;\n+  readonly responseTimeMs: number;\n+  readonly camouflageRate: number | null;\n+  readonly impostorWinRate: number | null;\n+  readonly averageAiVotes: number | null;\n+  readonly averageResponseTimeMs: number | null;\n+};\n+\n+const emptyCounts = () => ({\n+  gamesCounted: 0,\n+  roundsCounted: 0,\n+  camouflageDetected: 0,\n+  camouflageEscaped: 0,\n+  camouflageInconclusive: 0,\n+  impostorRounds: 0,\n+  impostorWins: 0,\n+  impostorLosses: 0,\n+  impostorInconclusive: 0,\n+  aiVotes: 0,\n+  responseTimeMs: 0,\n+});\n+\n+export function aggregateAgentStatistics(\n+  rounds: readonly AgentRoundResult[],\n+): AgentStatistics {\n+  const counts = emptyCounts();\n+  const countedGames = new Set<string>();\n+\n+  for (const round of rounds) {\n+    if (round.fallback) continue;\n+\n+    counts.roundsCounted += 1;\n+    counts.aiVotes += round.aiVotes;\n+    counts.responseTimeMs += round.responseTimeMs;\n+\n+    if (round.aiDetection === \"detected\") counts.camouflageDetected += 1;\n+    if (round.aiDetection === \"escaped\") counts.camouflageEscaped += 1;\n+    if (round.aiDetection === \"inconclusive\")\n+      counts.camouflageInconclusive += 1;\n+\n+    if (!round.agentWasImpostor) continue;\n+    counts.impostorRounds += 1;\n+    if (round.impostorWin === \"won\") counts.impostorWins += 1;\n+    if (round.impostorWin === \"lost\") counts.impostorLosses += 1;\n+    if (round.impostorWin === \"inconclusive\") counts.impostorInconclusive += 1;\n+\n+    // A match identifier is optional in the round contract; callers can count\n+    // games separately when they need that dimension.\n+    countedGames.add(String(round));\n+  }\n+\n+  const camouflageDecisions =\n+    counts.camouflageDetected + counts.camouflageEscaped;\n+  const impostorDecisions = counts.impostorWins + counts.impostorLosses;\n+\n+  return {\n+    ...counts,\n+    gamesCounted: countedGames.size,\n+    camouflageRate:\n+      camouflageDecisions === 0\n+        ? null\n+        : counts.camouflageEscaped / camouflageDecisions,\n+    impostorWinRate:\n+      impostorDecisions === 0 ? null : counts.impostorWins / impostorDecisions,\n+    averageAiVotes:\n+      counts.roundsCounted === 0 ? null : counts.aiVotes / counts.roundsCounted,\n+    averageResponseTimeMs:\n+      counts.roundsCounted === 0\n+        ? null\n+        : counts.responseTimeMs / counts.roundsCounted,\n+  };\n+}\n+\n*** Add File: /home/agent/workspace/src/lib/agent-statistics.test.ts\n+import { expect, test } from \"bun:test\";\n+\n+import { aggregateAgentStatistics } from \"./agent-statistics\";\n+\n+test(\"keeps camouflage and Impostor metrics separate\", () => {\n+  const stats = aggregateAgentStatistics([\n+    {\n+      fallback: false,\n+      agentWasImpostor: false,\n+      aiDetection: \"escaped\",\n+      impostorWin: \"inconclusive\",\n+      aiVotes: 1,\n+      responseTimeMs: 100,\n+    },\n+    {\n+      fallback: false,\n+      agentWasImpostor: true,\n+      aiDetection: \"detected\",\n+      impostorWin: \"won\",\n+      aiVotes: 4,\n+      responseTimeMs: 300,\n+    },\n+    {\n+      fallback: false,\n+      agentWasImpostor: false,\n+      aiDetection: \"inconclusive\",\n+      impostorWin: \"inconclusive\",\n+      aiVotes: 0,\n+      responseTimeMs: 200,\n+    },\n+  ]);\n+\n+  expect(stats).toMatchObject({\n+    roundsCounted: 3,\n+    camouflageDetected: 1,\n+    camouflageEscaped: 1,\n+    camouflageInconclusive: 1,\n+    impostorRounds: 1,\n+    impostorWins: 1,\n+    impostorLosses: 0,\n+    impostorWinRate: 1,\n+    camouflageRate: 0.5,\n+    aiVotes: 5,\n+    responseTimeMs: 600,\n+    averageResponseTimeMs: 200,\n+  });\n+});\n+\n+test(\"excludes every fallback round from competitive aggregates\", () => {\n+  const stats = aggregateAgentStatistics([\n+    {\n+      fallback: true,\n+      agentWasImpostor: true,\n+      aiDetection: \"escaped\",\n+      impostorWin: \"won\",\n+      aiVotes: 5,\n+      responseTimeMs: 1,\n+    },\n+  ]);\n+\n+  expect(stats).toMatchObject({\n+    gamesCounted: 0,\n+    roundsCounted: 0,\n+    impostorRounds: 0,\n+    camouflageRate: null,\n+    impostorWinRate: null,\n+  });\n+});\n*** End Patch"})
apply_patch({"patchText":"*** Begin Patch\n*** Update File: /home/agent/workspace/src/lib/agent-statistics.ts\n@@\n export type AgentRoundResult = {\n+  readonly matchId: string;\n@@\n-    // A match identifier is optional in the round contract; callers can count\n-    // games separately when they need that dimension.\n-    countedGames.add(String(round));\n+    countedGames.add(round.matchId);\n*** Update File: /home/agent/workspace/src/lib/agent-statistics.test.ts\n@@\n     {\n+      matchId: \"match-1\",\n       fallback: false,\n@@\n     {\n+      matchId: \"match-1\",\n       fallback: false,\n@@\n     {\n+      matchId: \"match-1\",\n       fallback: false,\n@@\n     {\n+      matchId: \"match-2\",\n       fallback: true,\n*** End Patch"})
apply_patch({"patchText":"*** Begin Patch\n*** Update File: /home/agent/workspace/src/lib/match-persistence.ts\n@@\n   readonly public_summary: {\n     readonly rounds_played: number;\n     readonly fallback_match: boolean;\n+    readonly agent_statistics?: readonly {\n+      readonly match_id: string;\n+      readonly agent_was_impostor: boolean;\n+      readonly ai_detection: \"detected\" | \"escaped\" | \"inconclusive\";\n+      readonly impostor_win: \"won\" | \"lost\" | \"inconclusive\";\n+      readonly ai_votes: number;\n+      readonly response_time_ms: number;\n+    }[];\n     readonly summary: Record<string, unknown>;\n   };\n };\n*** Add File: /home/agent/workspace/supabase/migrations/20260808020000_agent_statistics.sql\n+alter table public.player_progress\n+  add column ai_detection_attempts integer not null default 0 check (ai_detection_attempts >= 0),\n+  add column ai_detection_successes integer not null default 0 check (ai_detection_successes >= 0),\n+  add column impostor_attempts integer not null default 0 check (impostor_attempts >= 0),\n+  add column impostor_successes integer not null default 0 check (impostor_successes >= 0);\n+\n+create table public.agent_match_statistics (\n+  match_id uuid primary key references public.matches(id) on delete cascade,\n+  agent_model text not null,\n+  agent_provider text not null,\n+  agent_strategy text not null,\n+  agent_version text not null,\n+  agent_was_impostor boolean not null,\n+  ai_detection text not null check (ai_detection in ('detected', 'escaped', 'inconclusive')),\n+  impostor_win text not null check (impostor_win in ('won', 'lost', 'inconclusive')),\n+  ai_votes integer not null check (ai_votes >= 0),\n+  response_time_ms integer not null check (response_time_ms >= 0)\n+);\n+\n+alter table public.agent_match_statistics enable row level security;\n+\n+create policy \"Anyone can read competitive Agent statistics\"\n+  on public.agent_match_statistics for select using (true);\n+\n+create or replace view public.agent_rankings as\n+select\n+  agent_model,\n+  agent_provider,\n+  agent_strategy,\n+  agent_version,\n+  count(distinct match_id)::integer as games_counted,\n+  count(*)::integer as rounds_counted,\n+  count(*) filter (where ai_detection = 'detected')::integer as camouflage_detected,\n+  count(*) filter (where ai_detection = 'escaped')::integer as camouflage_escaped,\n+  count(*) filter (where ai_detection = 'inconclusive')::integer as camouflage_inconclusive,\n+  count(*) filter (where agent_was_impostor)::integer as impostor_rounds,\n+  count(*) filter (where agent_was_impostor and impostor_win = 'won')::integer as impostor_wins,\n+  count(*) filter (where agent_was_impostor and impostor_win = 'lost')::integer as impostor_losses,\n+  count(*) filter (where agent_was_impostor and impostor_win = 'inconclusive')::integer as impostor_inconclusive,\n+  sum(ai_votes)::integer as ai_votes,\n+  sum(response_time_ms)::integer as response_time_ms,\n+  round((count(*) filter (where ai_detection = 'escaped'))::numeric /\n+    nullif(count(*) filter (where ai_detection in ('detected', 'escaped')), 0), 4) as camouflage_rate,\n+  round((count(*) filter (where agent_was_impostor and impostor_win = 'won'))::numeric /\n+    nullif(count(*) filter (where agent_was_impostor and impostor_win in ('won', 'lost')), 0), 4) as impostor_win_rate,\n+  round(avg(ai_votes)::numeric, 2) as average_ai_votes,\n+  round(avg(response_time_ms)::numeric, 2) as average_response_time_ms\n+from public.agent_match_statistics\n+group by agent_model, agent_provider, agent_strategy, agent_version;\n+\n+grant select on public.agent_rankings to anon, authenticated;\n+\n+create or replace function public.record_agent_statistics(statistics_payload jsonb)\n+returns void\n+language plpgsql\n+security definer\n+set search_path = public\n+as $$\n+declare\n+  row jsonb;\n+  match_row jsonb := statistics_payload -> 'match';\n+begin\n+  if coalesce((match_row ->> 'fallback_match')::boolean, false) then\n+    return;\n+  end if;\n+\n+  for row in select * from jsonb_array_elements(statistics_payload -> 'rounds') loop\n+    insert into public.agent_match_statistics (\n+      match_id, agent_model, agent_provider, agent_strategy, agent_version,\n+      agent_was_impostor, ai_detection, impostor_win, ai_votes, response_time_ms\n+    )\n+    values (\n+      (match_row ->> 'id')::uuid,\n+      match_row ->> 'agent_model', match_row ->> 'agent_provider',\n+      match_row ->> 'agent_strategy', match_row ->> 'agent_version',\n+      (row ->> 'agent_was_impostor')::boolean, row ->> 'ai_detection',\n+      row ->> 'impostor_win', (row ->> 'ai_votes')::integer,\n+      (row ->> 'response_time_ms')::integer\n+    )\n+    on conflict (match_id) do nothing;\n+  end loop;\n+end;\n+$$;\n+\n+revoke all on function public.record_agent_statistics(jsonb) from public, anon, authenticated;\n+grant execute on function public.record_agent_statistics(jsonb) to service_role;\n*** End Patch"})
apply_patch({"patchText":"*** Begin Patch\n*** Update File: /home/agent/workspace/src/lib/match-persistence.ts\n@@\n       readonly outcome: Record<string, unknown>;\n       readonly completed_at: string;\n+      readonly statistics?: {\n+        readonly agent_was_impostor: boolean;\n+        readonly ai_detection: \"detected\" | \"escaped\" | \"inconclusive\";\n+        readonly impostor_win: \"won\" | \"lost\" | \"inconclusive\";\n+        readonly ai_votes: number;\n+        readonly response_time_ms: number;\n+      };\n@@\n-    readonly agent_statistics?: readonly {\n-      readonly match_id: string;\n-      readonly agent_was_impostor: boolean;\n-      readonly ai_detection: \"detected\" | \"escaped\" | \"inconclusive\";\n-      readonly impostor_win: \"won\" | \"lost\" | \"inconclusive\";\n-      readonly ai_votes: number;\n-      readonly response_time_ms: number;\n-    }[];\n     readonly summary: Record<string, unknown>;\n*** Update File: /home/agent/workspace/supabase/migrations/20260808020000_agent_statistics.sql\n@@\n-  match_id uuid primary key references public.matches(id) on delete cascade,\n+  match_id uuid not null references public.matches(id) on delete cascade,\n+  round_number integer not null check (round_number between 1 and 3),\n@@\n-  response_time_ms integer not null check (response_time_ms >= 0)\n+  response_time_ms integer not null check (response_time_ms >= 0),\n+  primary key (match_id, round_number)\n@@\n-      match_id, agent_model, agent_provider, agent_strategy, agent_version,\n+      match_id, round_number, agent_model, agent_provider, agent_strategy, agent_version,\n@@\n-      (match_row ->> 'id')::uuid,\n+      (match_row ->> 'id')::uuid, (row ->> 'round_number')::integer,\n@@\n-      (row ->> 'agent_was_impostor')::boolean, row ->> 'ai_detection',\n-      row ->> 'impostor_win', (row ->> 'ai_votes')::integer,\n-      (row ->> 'response_time_ms')::integer\n+      (row -> 'statistics' ->> 'agent_was_impostor')::boolean,\n+      row -> 'statistics' ->> 'ai_detection', row -> 'statistics' ->> 'impostor_win',\n+      (row -> 'statistics' ->> 'ai_votes')::integer,\n+      (row -> 'statistics' ->> 'response_time_ms')::integer\n     )\n-    on conflict (match_id) do nothing;\n+    on conflict (match_id, round_number) do nothing;\n*** End Patch"})
apply_patch({"patchText":"*** Begin Patch\n*** Update File: /home/agent/workspace/supabase/migrations/20260808010000_match_persistence.sql\n@@\n   insert into public.public_match_summaries (match_id, rounds_played, fallback_match, summary)\n@@\n     from jsonb_to_record(match_payload -> 'public_summary') as x(\n       rounds_played integer, fallback_match boolean, summary jsonb\n     );\n+\n+  perform public.record_agent_statistics(match_payload);\n \n   return saved_match_id;\n end;\n*** Update File: /home/agent/workspace/supabase/migrations/20260808020000_agent_statistics.sql\n@@\n   end if;\n \n   for row in select * from jsonb_array_elements(statistics_payload -> 'rounds') loop\n+    if not (row ? 'statistics') then\n+      continue;\n+    end if;\n     insert into public.agent_match_statistics (\n*** Update File: /home/agent/workspace/src/lib/match-persistence-contract.test.ts\n@@\n   expect(migration).toContain(\"revoke all on function public.load_match\");\n+  expect(migration).toContain(\"record_agent_statistics(match_payload)\");\n });\n*** End Patch"})
apply_patch({"patchText":"*** Begin Patch\n*** Add File: /home/agent/workspace/src/app/api/agents/rankings/route.ts\n+import { NextResponse } from \"next/server\";\n+\n+import { createSupabaseServerClient } from \"@/lib/supabase/server\";\n+\n+export async function GET() {\n+  const supabase = await createSupabaseServerClient();\n+  const { data, error } = await supabase\n+    .from(\"agent_rankings\")\n+    .select(\n+      \"agent_model, agent_provider, agent_strategy, agent_version, games_counted, rounds_counted, camouflage_detected, camouflage_escaped, camouflage_inconclusive, impostor_rounds, impostor_wins, impostor_losses, impostor_inconclusive, ai_votes, response_time_ms, camouflage_rate, impostor_win_rate, average_ai_votes, average_response_time_ms\",\n+    )\n+    .order(\"camouflage_rate\", { ascending: false, nullsFirst: false });\n+\n+  if (error) {\n+    return NextResponse.json(\n+      { error: \"Unable to load Agent rankings\" },\n+      { status: 502 },\n+    );\n+  }\n+\n+  return NextResponse.json({ rankings: data ?? [] });\n+}\n+\n*** Add File: /home/agent/workspace/src/app/api/me/detection-progress/route.ts\n+import { NextResponse } from \"next/server\";\n+\n+import { createSupabaseServerClient } from \"@/lib/supabase/server\";\n+\n+export async function GET() {\n+  const supabase = await createSupabaseServerClient();\n+  const { data: authData } = await supabase.auth.getUser();\n+\n+  if (!authData.user) {\n+    return NextResponse.json(\n+      { error: \"Authentication is required\" },\n+      { status: 401 },\n+    );\n+  }\n+\n+  const { data, error } = await supabase\n+    .from(\"player_progress\")\n+    .select(\n+      \"rounds_played, ai_detections, impostor_detections, ai_detection_attempts, ai_detection_successes, impostor_attempts, impostor_successes, updated_at\",\n+    )\n+    .eq(\"player_id\", authData.user.id)\n+    .maybeSingle();\n+\n+  if (error) {\n+    return NextResponse.json(\n+      { error: \"Unable to load detection progress\" },\n+      { status: 502 },\n+    );\n+  }\n+\n+  return NextResponse.json({ progress: data });\n+}\n+\n*** Add File: /home/agent/workspace/src/lib/agent-statistics-route-contract.test.ts\n+import { expect, test } from \"bun:test\";\n+import { readFileSync } from \"node:fs\";\n+import { join } from \"node:path\";\n+\n+test(\"Agent rankings expose aggregate metrics only\", () => {\n+  const route = readFileSync(\n+    join(process.cwd(), \"src/app/api/agents/rankings/route.ts\"),\n+    \"utf8\",\n+  );\n+\n+  expect(route).toContain('from(\"agent_rankings\")');\n+  expect(route).toContain(\"camouflage_rate\");\n+  expect(route).toContain(\"impostor_win_rate\");\n+  expect(route).not.toContain(\"player_id\");\n+});\n+\n+test(\"personal progress requires authentication\", () => {\n+  const route = readFileSync(\n+    join(process.cwd(), \"src/app/api/me/detection-progress/route.ts\"),\n+    \"utf8\",\n+  );\n+\n+  expect(route).toContain('status: 401');\n+  expect(route).toContain(\"player_progress\");\n+});\n*** End Patch"})
The first behavior tests now cover the key separation and fallback exclusion rules. The implementation adds a server-side aggregate table/view keyed by Agent profile, records non-fallback round statistics during match persistence, exposes public aggregate rankings, and adds an authenticated personal detection-progress read path. I’m running focused tests now to catch contract and typing issues before broader verification.
bash(bun test src/lib/agent-statistics.test.ts src/lib/agent-statistics-route-contract.test.ts src/lib/match-persistence-contract.test.ts)
bash(git diff --stat && git diff -- src/lib/agent-statistics.ts src/lib/match-persistence.ts)
bash(bun run typecheck)
todowrite({"todos":[{"content":"Inspect issue 9, branch, worktree, context, and relevant ADRs","status":"completed","priority":"high"},{"content":"Explore existing agent statistics code and tests","status":"completed","priority":"high"},{"content":"Implement issue 9 with focused behavior tests","status":"completed","priority":"high"},{"content":"Run focused and required verification commands","status":"in_progress","priority":"high"},{"content":"Review diff and commit changes","status":"pending","priority":"high"}]})
bash(bun run test)
bash(bun run lint)
Agent idle for 1 minute
bash(bun run build)
Focused tests, the full test suite, typecheck, and production build pass. `bun run lint` is blocked by pre-existing CRLF/formatting churn across the already-dirty worktree, not by the implementation; I’m checking only the files changed for this issue, fixing the one local formatting discrepancy, then I’ll review the exact diff and commit only issue 9 files.
apply_patch({"patchText":"*** Begin Patch\n*** Update File: /home/agent/workspace/src/lib/agent-statistics-route-contract.test.ts\n@@\n-  expect(route).toContain('status: 401');\n+  expect(route).toContain(\"status: 401\");\n*** Update File: /home/agent/workspace/src/lib/agent-statistics.test.ts\n@@\n test(\"excludes every fallback round from competitive aggregates\", () => {\n@@\n });\n+\n+test(\"counts each eligible match once even when it has multiple rounds\", () => {\n+  const stats = aggregateAgentStatistics([\n+    {\n+      matchId: \"match-1\",\n+      fallback: false,\n+      agentWasImpostor: false,\n+      aiDetection: \"escaped\",\n+      impostorWin: \"inconclusive\",\n+      aiVotes: 1,\n+      responseTimeMs: 10,\n+    },\n+    {\n+      matchId: \"match-1\",\n+      fallback: false,\n+      agentWasImpostor: false,\n+      aiDetection: \"escaped\",\n+      impostorWin: \"inconclusive\",\n+      aiVotes: 1,\n+      responseTimeMs: 10,\n+    },\n+    {\n+      matchId: \"match-2\",\n+      fallback: false,\n+      agentWasImpostor: false,\n+      aiDetection: \"detected\",\n+      impostorWin: \"inconclusive\",\n+      aiVotes: 2,\n+      responseTimeMs: 20,\n+    },\n+  ]);\n+\n+  expect(stats.gamesCounted).toBe(2);\n+});\n*** Update File: /home/agent/workspace/src/lib/match-persistence-contract.test.ts\n@@\n const migration = readFileSync(\n@@\n   \"utf8\",\n );\n+const statisticsMigration = readFileSync(\n+  join(\n+    process.cwd(),\n+    \"supabase/migrations/20260808020000_agent_statistics.sql\",\n+  ),\n+  \"utf8\",\n+);\n@@\n test(\"match persistence protects private history with participant-scoped RLS\", () => {\n@@\n });\n+\n+test(\"Agent statistics expose direct competitive metrics and progress counters\", () => {\n+  expect(statisticsMigration).toContain(\n+    \"create table public.agent_match_statistics\",\n+  );\n+  expect(statisticsMigration).toContain(\"create or replace view public.agent_rankings\");\n+  expect(statisticsMigration).toContain(\"camouflage_inconclusive\");\n+  expect(statisticsMigration).toContain(\"impostor_inconclusive\");\n+  expect(statisticsMigration).toContain(\"fallback_match\");\n+  expect(statisticsMigration).toContain(\"grant select on public.agent_rankings\");\n+  expect(statisticsMigration).toContain(\"player_progress\");\n+});\n*** End Patch"})
bash(bun test src/lib/agent-statistics.test.ts src/lib/agent-statistics-route-contract.test.ts src/lib/match-persistence-contract.test.ts)
bash(bunx biome check src/lib/agent-statistics.ts src/lib/agent-statistics.test.ts src/lib/agent-statistics-route-contract.test.ts src/app/api/agents/rankings/route.ts src/app/api/me/detection-progress/route.ts)
bash(git status --short --untracked-files=all | rg 'agent-statistics|match-persistence|20260808020000|api/(agents|me)')
apply_patch({"patchText":"*** Begin Patch\n*** Update File: /home/agent/workspace/src/lib/agent-statistics.ts\n@@\n     if (round.aiDetection === \"escaped\") counts.camouflageEscaped += 1;\n     if (round.aiDetection === \"inconclusive\")\n       counts.camouflageInconclusive += 1;\n+    countedGames.add(round.matchId);\n \n     if (!round.agentWasImpostor) continue;\n@@\n-    countedGames.add(round.matchId);\n   }\n*** End Patch"})
bash(bun test src/lib/agent-statistics.test.ts src/lib/agent-statistics-route-contract.test.ts src/lib/match-persistence-contract.test.ts)
bash(git status --short --untracked-files=all)
bash(command -v unix2dos || command -v dos2unix || file src/lib/match-persistence.ts src/lib/match-persistence-contract.test.ts)
bash(file supabase/migrations/20260808010000_match_persistence.sql src/lib/agent-statistics.ts src/app/api/agents/rankings/route.ts)
bash(perl -pi -e 's/\r?\n/\r\n/g' "src/lib/match-persistence.ts" "src/lib/match-persistence-contract.test.ts" "supabase/migrations/20260808010000_match_persistence.sql")
bash(git diff --check -- src/lib/agent-statistics.ts src/lib/agent-statistics.test.ts src/lib/agent-statistics-route-contract.test.ts src/app/api/agents/rankings/route.ts src/app/api/me/detection-progress/route.ts supabase/migrations/20260808020000_agent_statistics.sql)
bash(git diff --stat -- src/lib/match-persistence.ts src/lib/match-persistence-contract.test.ts supabase/migrations/20260808010000_match_persistence.sql && git diff --ignore-space-at-eol -- src/lib/match-persistence.ts src/lib/match-persistence-contract.test.ts supabase/migrations/20260808010000_match_persistence.sql)
bash(bunx biome check src/lib/agent-statistics.ts src/lib/agent-statistics.test.ts src/lib/agent-statistics-route-contract.test.ts src/app/api/agents/rankings/route.ts src/app/api/me/detection-progress/route.ts)
apply_patch({"patchText":"*** Begin Patch\n*** Update File: /home/agent/workspace/src/lib/agent-statistics.ts\n@@\n     if (round.impostorWin === \"won\") counts.impostorWins += 1;\n     if (round.impostorWin === \"lost\") counts.impostorLosses += 1;\n     if (round.impostorWin === \"inconclusive\") counts.impostorInconclusive += 1;\n-\n   }\n*** End Patch"})
The focused suite caught and fixed a real aggregation bug: eligible games were only counted when the Agent was also the Impostor. The counter now records every non-fallback match once, while Impostor counters remain role-scoped. Changed-file Biome checks pass after the fix; I’m doing the final required command run and staged-diff review next.
bash(bun run test)
bash(bunx biome check src/lib/agent-statistics.ts src/lib/agent-statistics.test.ts src/lib/agent-statistics-route-contract.test.ts src/app/api/agents/rankings/route.ts src/app/api/me/detection-progress/route.ts)
bash(bun run lint)
bash(bun run typecheck)
Agent idle for 1 minute
bash(bun run build)
bash(git add src/lib/agent-statistics.ts src/lib/agent-statistics.test.ts src/lib/agent-statistics-route-contract.test.ts src/lib/match-persistence.ts src/lib/match-persistence-contract.test.ts src/app/api/agents/rankings/route.ts src/app/api/me/detection-progress/route.ts supabase/migrations/20260808010000_match_persistence.sql supabase/migrations/20260808020000_agent_statistics.sql && git status --short && git diff --cached --stat && git diff --cached --check)
bash(git diff --ignore-space-at-eol -- src/lib/match-persistence.ts src/lib/match-persistence-contract.test.ts supabase/migrations/20260808010000_match_persistence.sql > /tmp/issue-9-existing.patch && git restore --staged -- src/lib/match-persistence.ts src/lib/match-persistence-contract.test.ts supabase/migrations/20260808010000_match_persistence.sql && git apply --cached /tmp/issue-9-existing.patch && git add src/lib/agent-statistics.ts src/lib/agent-statistics.test.ts src/lib/agent-statistics-route-contract.test.ts src/app/api/agents/rankings/route.ts src/app/api/me/detection-progress/route.ts supabase/migrations/20260808020000_agent_statistics.sql && git diff --cached --stat && git diff --cached --check)
bash(git diff --ignore-space-at-eol -- src/lib/match-persistence.ts | head -80)
bash(git status --short && git diff --ignore-space-at-eol --stat -- src/lib/match-persistence.ts src/lib/match-persistence-contract.test.ts supabase/migrations/20260808010000_match_persistence.sql)
bash(git diff --ignore-space-at-eol -- src/lib/match-persistence.ts src/lib/match-persistence-contract.test.ts supabase/migrations/20260808010000_match_persistence.sql > /tmp/issue-9-existing.patch && git apply --cached /tmp/issue-9-existing.patch && git diff --cached --stat && git diff --cached --check)
bash(perl -pi -e 's/\r\n/\n/g' "src/lib/match-persistence.ts" "src/lib/match-persistence-contract.test.ts" "supabase/migrations/20260808010000_match_persistence.sql" && git add src/lib/match-persistence.ts src/lib/match-persistence-contract.test.ts supabase/migrations/20260808010000_match_persistence.sql && git diff --cached --stat && git diff --cached --check)
bash(git diff --cached -- src/lib/agent-statistics.ts src/lib/match-persistence.ts supabase/migrations/20260808020000_agent_statistics.sql src/app/api/agents/rankings/route.ts)
bash(git status --short && git diff --cached --name-only && git log --oneline -10)
apply_patch({"patchText":"*** Begin Patch\n*** Update File: /home/agent/workspace/src/lib/match-persistence.ts\n@@\n       readonly impostor_participant_id: string;\n       readonly outcome: Record<string, unknown>;\n       readonly completed_at: string;\n-      readonly statistics?: {\n-        readonly agent_was_impostor: boolean;\n-        readonly ai_detection: \"detected\" | \"escaped\" | \"inconclusive\";\n-        readonly impostor_win: \"won\" | \"lost\" | \"inconclusive\";\n-        readonly ai_votes: number;\n-        readonly response_time_ms: number;\n-      };\n     };\n+    readonly statistics?: {\n+      readonly agent_was_impostor: boolean;\n+      readonly ai_detection: \"detected\" | \"escaped\" | \"inconclusive\";\n+      readonly impostor_win: \"won\" | \"lost\" | \"inconclusive\";\n+      readonly ai_votes: number;\n+      readonly response_time_ms: number;\n+    };\n*** End Patch"})
apply_patch({"patchText":"*** Begin Patch\n*** Update File: /home/agent/workspace/supabase/migrations/20260808020000_agent_statistics.sql\n@@\n-      (match_row ->> 'id')::uuid, (row ->> 'round_number')::integer,\n+      (match_row ->> 'id')::uuid, (row -> 'round' ->> 'round_number')::integer,\n*** End Patch"})
bash(git add src/lib/match-persistence.ts supabase/migrations/20260808020000_agent_statistics.sql && bun test src/lib/agent-statistics.test.ts src/lib/agent-statistics-route-contract.test.ts src/lib/match-persistence-contract.test.ts && bunx biome check src/lib/agent-statistics.ts src/lib/agent-statistics.test.ts src/lib/agent-statistics-route-contract.test.ts src/app/api/agents/rankings/route.ts src/app/api/me/detection-progress/route.ts && git diff --cached --check && git diff --cached --stat)
todowrite({"todos":[{"content":"Inspect issue 9, branch, worktree, context, and relevant ADRs","status":"completed","priority":"high"},{"content":"Explore existing agent statistics code and tests","status":"completed","priority":"high"},{"content":"Implement issue 9 with focused behavior tests","status":"completed","priority":"high"},{"content":"Run focused and required verification commands","status":"completed","priority":"high"},{"content":"Review diff and commit changes","status":"in_progress","priority":"high"}]})
All required verification except repository-wide lint is green: tests, typecheck, build, and changed-file Biome checks pass. The full lint command still reports only the pre-existing formatting/CRLF changes in unrelated dirty files; the staged issue 9 diff is clean and limited to the nine intended files. I’m committing that staged diff now.
bash(git commit -m "feat: add agent statistics rankings")
bash(git log -5 --format='%an <%ae>')
bash(GIT_AUTHOR_NAME='OpenCode' GIT_AUTHOR_EMAIL='opencode@users.noreply.github.com' GIT_COMMITTER_NAME='OpenCode' GIT_COMMITTER_EMAIL='opencode@users.noreply.github.com' git commit -m "feat: add agent statistics rankings")
bash(git show --stat --oneline --summary HEAD)
bash(git status --short --branch && git log -1 --oneline)
todowrite({"todos":[{"content":"Inspect issue 9, branch, worktree, context, and relevant ADRs","status":"completed","priority":"high"},{"content":"Explore existing agent statistics code and tests","status":"completed","priority":"high"},{"content":"Implement issue 9 with focused behavior tests","status":"completed","priority":"high"},{"content":"Run focused and required verification commands","status":"completed","priority":"high"},{"content":"Review diff and commit changes","status":"completed","priority":"high"}]})
Implemented and committed issue 9 on `sandcastle/issue-9`.

- Added Agent statistics aggregation and fallback exclusion.
- Added camouflage and Impostor rankings migration/view.
- Added public rankings and authenticated progress APIs.
- Added focused tests and persistence contracts.
- Commit: `92cae6b`

Verification: tests, typecheck, build, and changed-file lint pass. Repository-wide lint remains blocked by pre-existing formatting changes in unrelated dirty files.

<promise>COMPLETE</promise>
Agent stopped
Syncing 1 commit to host
Syncing 1 commit to host done (0.0s)
Collecting commits
Collecting commits done (0.1s)
Agent signaled completion after 1 iteration(s).
Run complete: agent finished after 1 iteration(s).

--- Run started: 2026-08-08T15:26:45.051Z ---
Iteration 1/100
Setting up sandbox
Setting up sandbox done (0.7s)
Agent started
I’ll inspect issue 9, the domain guidance, and the current branch/worktree before changing code. Then I’ll trace existing statistics and test patterns, implement the smallest tested change, run all required verification, and commit on `sandcastle/issue-9`.
todowrite({"todos":[{"content":"Read issue 9, domain context, ADRs, and worktree state","status":"in_progress","priority":"high"},{"content":"Explore existing agent statistics code and tests","status":"pending","priority":"high"},{"content":"Implement issue 9 with behavior-level tests","status":"pending","priority":"high"},{"content":"Run focused and required verification commands","status":"pending","priority":"high"},{"content":"Review changes and commit on issue branch","status":"pending","priority":"high"}]})
read({"filePath":"/home/agent/workspace/CONTEXT.md"})
glob({"pattern":"docs/adr/**/*","path":"/home/agent/workspace"})
glob({"pattern":"**/*stat*","path":"/home/agent/workspace"})
bash(git status --short --branch && git branch --show-current && gh issue view 9 --repo Atypical-Playworks/impostoi --comments)
The worktree is already broadly modified, including the issue’s likely target files, so I’ll preserve those changes and inspect the existing implementation rather than resetting anything. Issue 9 has only a completion comment and no actionable body in the CLI output; the canonical context defines camouflage and impostor win rates, and I’m checking the relevant ADRs and contracts now.
read({"filePath":"/home/agent/workspace/src/lib/agent-statistics.test.ts"})
read({"filePath":"/home/agent/workspace/src/lib/agent-statistics.ts"})
read({"filePath":"/home/agent/workspace/docs/adr/0003-pseudonymous-progress.md"})
read({"filePath":"/home/agent/workspace/docs/adr/0005-deployment-and-migrations.md"})
read({"filePath":"/home/agent/workspace/src/lib/agent-statistics-route-contract.test.ts"})
read({"filePath":"/home/agent/workspace/docs/adr/0004-agent-runtime-and-benchmarking.md"})
read({"filePath":"/home/agent/workspace/supabase/migrations/20260808020000_agent_statistics.sql"})
glob({"pattern":"src/app/api/agents/rankings/**/*","path":"/home/agent/workspace"})
glob({"pattern":"src/app/api/me/detection-progress/**/*","path":"/home/agent/workspace"})
grep({"pattern":"agent_statistics|record_agent_statistics|agent_rankings|camouflage|impostorWin","path":"/home/agent/workspace","include":"*.{ts,tsx,sql,md}"})
bash(git diff -- src/lib/agent-statistics.ts src/lib/agent-statistics.test.ts src/lib/agent-statistics-route-contract.test.ts supabase/migrations/20260808020000_agent_statistics.sql src/app/api/agents/rankings/route.ts src/app/api/me/detection-progress/route.ts && git log --oneline -10)
read({"filePath":"/home/agent/workspace/src/lib/match-persistence-contract.test.ts"})
read({"filePath":"/home/agent/workspace/supabase/migrations/20260808010000_match_persistence.sql","offset":180,"limit":100})
read({"filePath":"/home/agent/workspace/src/app/api/agents/rankings/route.ts"})
read({"filePath":"/home/agent/workspace/src/app/api/me/detection-progress/route.ts"})
bash(git show --stat --oneline 92cae6b && git show --stat --oneline aa88e9b && gh issue view 9 --repo Atypical-Playworks/impostoi --json number,title,body,comments,state,labels)
todowrite({"todos":[{"content":"Read issue 9, domain context, ADRs, and worktree state","status":"completed","priority":"high"},{"content":"Explore existing agent statistics code and tests","status":"completed","priority":"high"},{"content":"Implement issue 9 with behavior-level tests","status":"in_progress","priority":"high"},{"content":"Run focused and required verification commands","status":"pending","priority":"high"},{"content":"Review changes and commit on issue branch","status":"pending","priority":"high"}]})
The issue’s implementation is present in prior branch commits, but the acceptance criteria still need validation against the actual current code. I found the core aggregation, persistence view, ranking route, and authenticated progress route; next I’m running focused tests and checking for contract gaps before making any targeted correction.
grep({"pattern":"player_progress","path":"/home/agent/workspace/supabase/migrations","include":"*.sql"})
grep({"pattern":"agent_model|agent_provider|agent_strategy|agent_version|fallback_match","path":"/home/agent/workspace/src","include":"*.{ts,tsx}"})
bash(bun test src/lib/agent-statistics.test.ts src/lib/agent-statistics-route-contract.test.ts src/lib/match-persistence-contract.test.ts)
read({"filePath":"/home/agent/workspace/src/lib/match-persistence.ts"})
read({"filePath":"/home/agent/workspace/src/lib/game-state.ts","offset":1,"limit":120})
read({"filePath":"/home/agent/workspace/supabase/migrations/20260808000000_guest_progress.sql","offset":1,"limit":120})
bash(git diff --stat && git diff -- .env.example | head -80)
bash(git status --short | wc -l && git diff --numstat | head -100)
Focused tests pass, and the implementation already satisfies the stated metrics and fallback behavior. The only worktree changes are broad line-ending rewrites unrelated to issue 9, so I will not stage them; I’m adding one focused assertion to cover the remaining inconclusive Impostor metric explicitly, then I’ll run the full verification suite and commit only that test change.
apply_patch({"patchText":"*** Begin Patch\n*** Update File: /home/agent/workspace/src/lib/agent-statistics.test.ts\n@@\n     impostorRounds: 1,\n     impostorWins: 1,\n     impostorLosses: 0,\n+    impostorInconclusive: 1,\n     impostorWinRate: 1,\n     camouflageRate: 0.5,\n*** End Patch"})
todowrite({"todos":[{"content":"Read issue 9, domain context, ADRs, and worktree state","status":"completed","priority":"high"},{"content":"Explore existing agent statistics code and tests","status":"completed","priority":"high"},{"content":"Implement issue 9 with behavior-level tests","status":"completed","priority":"high"},{"content":"Run focused and required verification commands","status":"in_progress","priority":"high"},{"content":"Review changes and commit on issue branch","status":"pending","priority":"high"}]})
bash(bun run test)
bash(bun run lint)
bash(bun run typecheck)
Agent idle for 1 minute
bash(bun run build)
The new assertion exposed a test-fixture mistake rather than a product bug: inconclusive Impostor outcomes are intentionally ignored when the Agent is not the Impostor. I’ll correct the fixture so that round is an Agent-Impostor round. The full test suite otherwise passed 44 tests; typecheck and build passed. Lint is blocked by pre-existing CRLF formatting across 66 unrelated files, not by the issue change.
apply_patch({"patchText":"*** Begin Patch\n*** Update File: /home/agent/workspace/src/lib/agent-statistics.test.ts\n@@\n-       agentWasImpostor: false,\n+       agentWasImpostor: true,\n@@\n-    impostorRounds: 1,\n+    impostorRounds: 2,\n*** End Patch"})
read({"filePath":"/home/agent/workspace/src/lib/agent-statistics.test.ts","offset":1,"limit":55})
apply_patch({"patchText":"*** Begin Patch\n*** Update File: /home/agent/workspace/src/lib/agent-statistics.test.ts\n@@\n-       agentWasImpostor: true,\n+      agentWasImpostor: false,\n@@\n-      agentWasImpostor: false,\n+      agentWasImpostor: true,\n*** End Patch"})
bash(bun test src/lib/agent-statistics.test.ts src/lib/agent-statistics-route-contract.test.ts src/lib/match-persistence-contract.test.ts && bun run test)
bash(bun run lint)
bash(bun run typecheck)
Agent idle for 1 minute
bash(bun run build)
read({"filePath":"/home/agent/workspace/src/lib/agent-statistics.test.ts","offset":5,"limit":48})
bash(git diff -- src/lib/agent-statistics.test.ts && git status --short --branch)
All behavior tests now pass: focused 10/10 and full 45/45. Typecheck and build pass; lint remains a baseline line-ending failure across unrelated files. The final diff is limited to the agent statistics test fixture and assertion, and I’m staging only that file for the required commit.
bash(git add src/lib/agent-statistics.test.ts && git status --short && git diff --cached --check && git diff --cached -- src/lib/agent-statistics.test.ts && git log --oneline -10)
bash(git commit -m "test: cover inconclusive impostor statistics")
The commit was blocked because this workspace has no Git author identity configured. I will preserve repository configuration and retry with one-off author environment variables, then verify the commit and staged scope.
bash(GIT_AUTHOR_NAME="OpenCode" GIT_AUTHOR_EMAIL="opencode@users.noreply.github.com" GIT_COMMITTER_NAME="OpenCode" GIT_COMMITTER_EMAIL="opencode@users.noreply.github.com" git commit -m "test: cover inconclusive impostor statistics")
bash(git diff --cached --stat)
bash(git status --short --branch && git show --stat --oneline HEAD && git diff HEAD^ HEAD --check)
todowrite({"todos":[{"content":"Read issue 9, domain context, ADRs, and worktree state","status":"completed","priority":"high"},{"content":"Explore existing agent statistics code and tests","status":"completed","priority":"high"},{"content":"Implement issue 9 with behavior-level tests","status":"completed","priority":"high"},{"content":"Run focused and required verification commands","status":"completed","priority":"high"},{"content":"Review changes and commit on issue branch","status":"completed","priority":"high"}]})
Implemented and committed on `sandcastle/issue-9`.

- Added coverage for inconclusive Impostor statistics.
- Tests: 45 passed.
- Typecheck: passed.
- Build: passed.
- Lint: blocked by pre-existing CRLF formatting in unrelated files.
- Commit: `37d1906`

<promise>COMPLETE</promise>
Agent stopped
Syncing 1 commit to host
Syncing 1 commit to host done (0.0s)
Collecting commits
Collecting commits done (0.1s)
Agent signaled completion after 1 iteration(s).
Run complete: agent finished after 1 iteration(s).
