
--- Run started: 2026-08-08T14:03:59.713Z ---
Iteration 1/100
Setting up sandbox
Setting up sandbox done (0.4s)
Agent started
I’ll inspect issue 5, the domain context/ADRs, and existing game-state tests before changing code. I’ll keep the work on `sandcastle/issue-5`, then run focused and full verification before committing.
todowrite({"todos":[{"content":"Inspect issue 5, branch state, context, ADRs, and existing tests","status":"in_progress","priority":"high"},{"content":"Implement roles, phases, clues, and private-information behavior with tests","status":"pending","priority":"high"},{"content":"Run focused tests and required verification commands","status":"pending","priority":"high"},{"content":"Review diff and commit issue 5 changes","status":"pending","priority":"high"}]})
read({"filePath":"/home/agent/workspace/CONTEXT.md"})
glob({"pattern":"src/**/*","path":"/home/agent/workspace"})
glob({"pattern":"**/*test*","path":"/home/agent/workspace"})
glob({"pattern":"docs/adr/**/*","path":"/home/agent/workspace"})
bash(git status --short --branch && git branch --show-current && gh issue view 5 --repo Atypical-Playworks/impostoi --comments)
The requested branch is already checked out, but the worktree contains broad pre-existing modifications, including the current portal implementation. I’ll treat those as user changes and avoid reverting them; next I’m reading the ADR contracts and current room tests/state before isolating the issue’s required behavior.
read({"filePath":"/home/agent/workspace/docs/adr/0001-live-game-authority.md"})
read({"filePath":"/home/agent/workspace/docs/adr/0004-agent-runtime-and-benchmarking.md"})
read({"filePath":"/home/agent/workspace/docs/adr/0002-independent-hidden-roles.md"})
read({"filePath":"/home/agent/workspace/src/lib/portal-room.ts"})
read({"filePath":"/home/agent/workspace/src/lib/product.test.ts"})
read({"filePath":"/home/agent/workspace/src/lib/portal-room.test.ts"})
bash(gh issue view 5 --repo Atypical-Playworks/impostoi --comments)
grep({"pattern":"phase|clue|role|vote|secret|impostor|agent","path":"/home/agent/workspace","include":"*.{ts,tsx,md,json}"})
read({"filePath":"/home/agent/workspace/package.json"})
read({"filePath":"/home/agent/workspace/portal.config.ts"})
read({"filePath":"/home/agent/workspace/docs/adr/0005-deployment-and-migrations.md"})
read({"filePath":"/home/agent/workspace/docs/adr/0003-pseudonymous-progress.md"})
bash(gh issue view 5 --repo Atypical-Playworks/impostoi --json number,title,body,comments,state)
read({"filePath":"/home/agent/workspace/tsconfig.json"})
read({"filePath":"/home/agent/workspace/biome.json"})
grep({"pattern":"createRoomSnapshot|RoomSnapshot|safePresence|RoomStatus","path":"/home/agent/workspace/src","include":"*.{ts,tsx}"})
read({"filePath":"/home/agent/workspace/src/lib/agent-adapter-config.ts"})
read({"filePath":"/home/agent/workspace/docs/agents/domain.md"})
Issue 5 defines a new server-authoritative state-machine contract; the existing `portal-room` module only handles connection/presence metadata and has no game transitions to extend safely. I’ll add a focused `game-state` module with an authorization-aware reducer, role-scoped views, immutable clue/vote actions, and tests for the acceptance criteria.
Agent idle for 1 minute
apply_patch({"patchText":"*** Begin Patch\n*** Add File: /home/agent/workspace/src/lib/game-state.ts\n+export const MATCH_ROUNDS = 3;\n+\n+export type MatchPhase =\n+  | \"lobby\"\n+  | \"clue_phase\"\n+  | \"discussion\"\n+  | \"voting\"\n+  | \"reveal\"\n+  | \"results\";\n+\n+export type VotingStage = \"ai_detection\" | \"impostor\";\n+export type ParticipantKind = \"player\" | \"agent\";\n+export type HiddenRole = \"civilian\" | \"impostor\";\n+\n+export type Participant = {\n+  id: string;\n+  alias: string;\n+  avatar: string;\n+  kind: ParticipantKind;\n+};\n+\n+type PrivateRound = {\n+  category: string;\n+  secretWord: string;\n+  agentId: string;\n+  impostorId: string;\n+  clues: Map<string, string>;\n+  votes: {\n+    ai_detection: Map<string, string>;\n+    impostor: Map<string, string>;\n+  };\n+};\n+\n+export type GameState = {\n+  matchId: string;\n+  hostId: string;\n+  roundNumber: number;\n+  phase: MatchPhase;\n+  votingStage?: VotingStage;\n+  participants: readonly Participant[];\n+  round: PrivateRound;\n+  discussion: string;\n+};\n+\n+export type PublicGameView = {\n+  matchId: string;\n+  roundNumber: number;\n+  phase: MatchPhase;\n+  votingStage?: VotingStage;\n+  participants: readonly Participant[];\n+  category: string;\n+  clues: readonly { alias: string; text: string }[];\n+  discussion: string;\n+  voteTally?: Readonly<Record<string, number>>;\n+};\n+\n+export type PrivateGameView = PublicGameView & {\n+  role: HiddenRole;\n+  secretWord?: string;\n+  ownVotes: Partial<Record<VotingStage, string>>;\n+};\n+\n+export type CreateGameInput = {\n+  matchId: string;\n+  hostId: string;\n+  participants: readonly Participant[];\n+  category: string;\n+  secretWord: string;\n+  agentId: string;\n+  random?: () => number;\n+};\n+\n+export class GameStateError extends Error {\n+  constructor(public readonly code: string) {\n+    super(code);\n+    this.name = \"GameStateError\";\n+  }\n+}\n+\n+function requireParticipant(state: GameState, actorId: string): Participant {\n+  const participant = state.participants.find(({ id }) => id === actorId);\n+  if (!participant) throw new GameStateError(\"unauthorized\");\n+  return participant;\n+}\n+\n+function requireHost(state: GameState, actorId: string): void {\n+  requireParticipant(state, actorId);\n+  if (state.hostId !== actorId) throw new GameStateError(\"forbidden\");\n+}\n+\n+function requirePhase(state: GameState, phase: MatchPhase): void {\n+  if (state.phase !== phase) throw new GameStateError(\"invalid-phase\");\n+}\n+\n+function copyState(state: GameState, changes: Partial<GameState>): GameState {\n+  return { ...state, ...changes };\n+}\n+\n+function tally(votes: Map<string, string>): Readonly<Record<string, number>> {\n+  return Object.fromEntries(\n+    [...votes.values()].reduce((counts, target) => {\n+      counts.set(target, (counts.get(target) ?? 0) + 1);\n+      return counts;\n+    }, new Map<string, number>()),\n+  );\n+}\n+\n+function allSubmitted(state: GameState, votes: Map<string, string>): boolean {\n+  return votes.size === state.participants.length;\n+}\n+\n+export function createGame(input: CreateGameInput): GameState {\n+  const players = input.participants.filter(({ kind }) => kind === \"player\");\n+  if (players.length < 4 || players.length > 5) {\n+    throw new GameStateError(\"invalid-player-count\");\n+  }\n+  if (\n+    input.participants.length !== players.length + 1 ||\n+    !input.participants.some(({ id, kind }) => id === input.agentId && kind === \"agent\")\n+  ) {\n+    throw new GameStateError(\"invalid-agent\");\n+  }\n+  if (new Set(input.participants.map(({ id }) => id)).size !== input.participants.length) {\n+    throw new GameStateError(\"duplicate-participant\");\n+  }\n+  if (!input.category.trim() || !input.secretWord.trim()) {\n+    throw new GameStateError(\"invalid-round-data\");\n+  }\n+\n+  const random = input.random ?? Math.random;\n+  const impostor = input.participants[Math.floor(random() * input.participants.length)];\n+  if (!impostor) throw new GameStateError(\"invalid-random\");\n+\n+  return {\n+    matchId: input.matchId,\n+    hostId: input.hostId,\n+    roundNumber: 1,\n+    phase: \"lobby\",\n+    participants: input.participants,\n+    round: {\n+      category: input.category,\n+      secretWord: input.secretWord,\n+      agentId: input.agentId,\n+      impostorId: impostor.id,\n+      clues: new Map(),\n+      votes: { ai_detection: new Map(), impostor: new Map() },\n+    },\n+    discussion: \"\",\n+  };\n+}\n+\n+export function startCluePhase(state: GameState, actorId: string): GameState {\n+  requireHost(state, actorId);\n+  requirePhase(state, \"lobby\");\n+  return copyState(state, { phase: \"clue_phase\" });\n+}\n+\n+export function submitClue(state: GameState, actorId: string, text: string): GameState {\n+  requireParticipant(state, actorId);\n+  requirePhase(state, \"clue_phase\");\n+  if (!text.trim()) throw new GameStateError(\"invalid-clue\");\n+  if (state.round.clues.has(actorId)) throw new GameStateError(\"duplicate-clue\");\n+  const clues = new Map(state.round.clues);\n+  clues.set(actorId, text.trim());\n+  return copyState(state, { round: { ...state.round, clues } });\n+}\n+\n+export function startDiscussion(state: GameState, actorId: string): GameState {\n+  requireHost(state, actorId);\n+  requirePhase(state, \"clue_phase\");\n+  if (!allSubmitted(state, state.round.clues)) throw new GameStateError(\"clues-incomplete\");\n+  return copyState(state, { phase: \"discussion\" });\n+}\n+\n+export function startVoting(state: GameState, actorId: string, discussion: string): GameState {\n+  requireHost(state, actorId);\n+  requirePhase(state, \"discussion\");\n+  return copyState(state, {\n+    phase: \"voting\",\n+    votingStage: \"ai_detection\",\n+    discussion: discussion.trim(),\n+  });\n+}\n+\n+export function submitVote(\n+  state: GameState,\n+  actorId: string,\n+  targetId: string,\n+): GameState {\n+  requireParticipant(state, actorId);\n+  requirePhase(state, \"voting\");\n+  requireParticipant(state, targetId);\n+  const stage = state.votingStage ?? \"ai_detection\";\n+  const votes = new Map(state.round.votes[stage]);\n+  if (votes.has(actorId)) throw new GameStateError(\"duplicate-vote\");\n+  votes.set(actorId, targetId);\n+  const round = { ...state.round, votes: { ...state.round.votes, [stage]: votes } };\n+  if (!allSubmitted(state, votes)) return copyState(state, { round });\n+  if (stage === \"ai_detection\") {\n+    return copyState(state, { round, votingStage: \"impostor\" });\n+  }\n+  return copyState(state, { round, phase: \"reveal\", votingStage: undefined });\n+}\n+\n+export function showResults(state: GameState, actorId: string): GameState {\n+  requireHost(state, actorId);\n+  requirePhase(state, \"reveal\");\n+  return copyState(state, { phase: \"results\" });\n+}\n+\n+export function viewFor(state: GameState, viewerId: string): PrivateGameView {\n+  requireParticipant(state, viewerId);\n+  const participant = state.participants.find(({ id }) => id === viewerId);\n+  const role: HiddenRole = viewerId === state.round.impostorId ? \"impostor\" : \"civilian\";\n+  const publicView = publicViewFor(state);\n+  return {\n+    ...publicView,\n+    role,\n+    ...(role === \"civilian\" ? { secretWord: state.round.secretWord } : {}),\n+    ownVotes: {\n+      ...(state.round.votes.ai_detection.has(viewerId)\n+        ? { ai_detection: state.round.votes.ai_detection.get(viewerId) }\n+        : {}),\n+      ...(state.round.votes.impostor.has(viewerId)\n+        ? { impostor: state.round.votes.impostor.get(viewerId) }\n+        : {}),\n+    },\n+  };\n+}\n+\n+export function publicViewFor(state: GameState): PublicGameView {\n+  const clues = [...state.round.clues].map(([id, text]) => ({\n+    alias: state.participants.find((participant) => participant.id === id)?.alias ?? \"\",\n+    text,\n+  }));\n+  const reveal = state.phase === \"reveal\" || state.phase === \"results\";\n+  return {\n+    matchId: state.matchId,\n+    roundNumber: state.roundNumber,\n+    phase: state.phase,\n+    ...(state.votingStage ? { votingStage: state.votingStage } : {}),\n+    participants: state.participants,\n+    category: state.round.category,\n+    clues,\n+    discussion: state.discussion,\n+    ...(reveal ? { voteTally: tally(state.round.votes.ai_detection) } : {}),\n+  };\n+}\n*** Add File: /home/agent/workspace/src/lib/game-state.test.ts\n+import { describe, expect, test } from \"bun:test\";\n+\n+import {\n+  createGame,\n+  GameStateError,\n+  publicViewFor,\n+  showResults,\n+  startCluePhase,\n+  startDiscussion,\n+  startVoting,\n+  submitClue,\n+  submitVote,\n+  viewFor,\n+} from \"./game-state\";\n+\n+const participants = [\n+  { id: \"p1\", alias: \"Luna\", avatar: \"a\", kind: \"player\" as const },\n+  { id: \"p2\", alias: \"Sol\", avatar: \"b\", kind: \"player\" as const },\n+  { id: \"p3\", alias: \"Rio\", avatar: \"c\", kind: \"player\" as const },\n+  { id: \"p4\", alias: \"Mar\", avatar: \"d\", kind: \"player\" as const },\n+  { id: \"agent\", alias: \"Nube\", avatar: \"e\", kind: \"agent\" as const },\n+];\n+\n+function readyGame() {\n+  return startCluePhase(\n+    createGame({\n+      matchId: \"match-1\",\n+      hostId: \"p1\",\n+      participants,\n+      category: \"Animales\",\n+      secretWord: \"zorro\",\n+      agentId: \"agent\",\n+      random: () => 0.2,\n+    }),\n+    \"p1\",\n+  );\n+}\n+\n+function allClues(state: ReturnType<typeof readyGame>) {\n+  return participants.reduce((current, participant) => submitClue(current, participant.id, `Pista ${participant.id}`), state);\n+}\n+\n+describe(\"server-authoritative game state\", () => {\n+  test(\"assigns exactly one independent Impostor and scopes secret information\", () => {\n+    const state = createGame({\n+      matchId: \"match-1\",\n+      hostId: \"p1\",\n+      participants,\n+      category: \"Animales\",\n+      secretWord: \"zorro\",\n+      agentId: \"agent\",\n+      random: () => 0.99,\n+    });\n+    const agent = viewFor(state, \"agent\");\n+    const impostor = viewFor(state, \"p4\");\n+    expect(agent.role).toBe(\"civilian\");\n+    expect(agent.secretWord).toBe(\"zorro\");\n+    expect(impostor.role).toBe(\"impostor\");\n+    expect(impostor.secretWord).toBeUndefined();\n+    expect(publicViewFor(state)).not.toHaveProperty(\"secretWord\");\n+  });\n+\n+  test(\"enforces phase transitions, authorization, and immutable clues\", () => {\n+    const state = readyGame();\n+    expect(() => submitClue(state, \"unknown\", \"x\")).toThrow(\"unauthorized\");\n+    const withClue = submitClue(state, \"p1\", \"  bosque  \");\n+    expect(viewFor(withClue, \"p1\").clues).toEqual([{ alias: \"Luna\", text: \"bosque\" }]);\n+    expect(() => submitClue(withClue, \"p1\", \"otra\")).toThrow(\"duplicate-clue\");\n+    expect(() => startDiscussion(withClue, \"p1\")).toThrow(\"clues-incomplete\");\n+    expect(() => startCluePhase(withClue, \"p2\")).toThrow(\"forbidden\");\n+  });\n+\n+  test(\"requires all clues and keeps votes private until reveal\", () => {\n+    let state = startDiscussion(allClues(readyGame()), \"p1\");\n+    state = startVoting(state, \"p1\", \"¿Quién parece sospechoso?\");\n+    for (const participant of participants.slice(0, -1)) state = submitVote(state, participant.id, \"p1\");\n+    expect(publicViewFor(state)).not.toHaveProperty(\"voteTally\");\n+    expect(viewFor(state, \"p1\").ownVotes.ai_detection).toBe(\"p1\");\n+    state = submitVote(state, \"agent\", \"p2\");\n+    expect(state.votingStage).toBe(\"impostor\");\n+    expect(() => submitVote(state, \"p1\", \"p1\")).not.toThrow();\n+    expect(() => submitVote(state, \"p1\", \"p2\")).toThrow(\"duplicate-vote\");\n+    for (const participant of participants.slice(1)) state = submitVote(state, participant.id, \"p1\");\n+    expect(state.phase).toBe(\"reveal\");\n+    expect(publicViewFor(state).voteTally).toEqual({ p1: 4, p2: 1 });\n+    expect(showResults(state, \"p1\").phase).toBe(\"results\");\n+  });\n+\n+  test(\"rejects invalid participant counts\", () => {\n+    expect(() => createGame({\n+      matchId: \"match-1\",\n+      hostId: \"p1\",\n+      participants: participants.slice(0, 4),\n+      category: \"Animales\",\n+      secretWord: \"zorro\",\n+      agentId: \"agent\",\n+    })).toThrow(new GameStateError(\"invalid-agent\"));\n+  });\n+});\n*** End Patch"})
The first implementation is in place, including a red-green-style test suite for role privacy, phase authorization, duplicate actions, and vote secrecy. I found one test fixture inconsistency around whether the Agent is the Impostor; I’m correcting that fixture and then running the focused tests/type checks to catch contract issues.
apply_patch({"patchText":"*** Begin Patch\n*** Update File: /home/agent/workspace/src/lib/game-state.ts\n@@\n export function viewFor(state: GameState, viewerId: string): PrivateGameView {\n   requireParticipant(state, viewerId);\n-  const participant = state.participants.find(({ id }) => id === viewerId);\n   const role: HiddenRole = viewerId === state.round.impostorId ? \"impostor\" : \"civilian\";\n*** Update File: /home/agent/workspace/src/lib/game-state.test.ts\n@@\n-import {\n-  createGame,\n-  GameStateError,\n+import {\n+  createGame,\n@@\n   test(\"assigns exactly one independent Impostor and scopes secret information\", () => {\n@@\n-      random: () => 0.99,\n+      random: () => 0.7,\n@@\n-    expect(agent.role).toBe(\"civilian\");\n+    expect(agent.role).toBe(\"civilian\");\n@@\n-    expect(impostor.role).toBe(\"impostor\");\n-    expect(impostor.secretWord).toBeUndefined();\n+    expect(impostor.role).toBe(\"impostor\");\n+    expect(impostor.secretWord).toBeUndefined();\n     expect(publicViewFor(state)).not.toHaveProperty(\"secretWord\");\n+\n+    const agentImpostor = createGame({\n+      matchId: \"match-2\",\n+      hostId: \"p1\",\n+      participants,\n+      category: \"Animales\",\n+      secretWord: \"zorro\",\n+      agentId: \"agent\",\n+      random: () => 0.99,\n+    });\n+    expect(viewFor(agentImpostor, \"agent\").role).toBe(\"impostor\");\n+    expect(viewFor(agentImpostor, \"agent\").secretWord).toBeUndefined();\n@@\n-    })).toThrow(new GameStateError(\"invalid-agent\"));\n+    })).toThrow(\"invalid-agent\");\n*** End Patch"})
bash(bun test src/lib/game-state.test.ts)
bash(bunx biome check src/lib/game-state.ts src/lib/game-state.test.ts)
bash(bun run typecheck)
apply_patch({"patchText":"*** Begin Patch\n*** Update File: /home/agent/workspace/src/lib/game-state.test.ts\n@@\n     expect(state.votingStage).toBe(\"impostor\");\n     expect(() => submitVote(state, \"p1\", \"p1\")).not.toThrow();\n     expect(() => submitVote(state, \"p1\", \"p2\")).toThrow(\"duplicate-vote\");\n-    for (const participant of participants.slice(1)) state = submitVote(state, participant.id, \"p1\");\n+    for (const participant of participants.slice(1))\n+      state = submitVote(state, participant.id, \"p1\");\n*** End Patch"})
bash(bunx biome format --write src/lib/game-state.ts src/lib/game-state.test.ts)
bash(bun test src/lib/game-state.test.ts)
bash(bunx biome check src/lib/game-state.ts src/lib/game-state.test.ts)
bash(bun run typecheck)
apply_patch({"patchText":"*** Begin Patch\n*** Update File: /home/agent/workspace/src/lib/game-state.test.ts\n@@\n-    expect(() => submitVote(state, \"p1\", \"p1\")).not.toThrow();\n+    state = submitVote(state, \"p1\", \"p1\");\n*** End Patch"})
bash(bun test src/lib/game-state.test.ts)
bash(bunx biome check src/lib/game-state.ts src/lib/game-state.test.ts)
Focused tests now pass. During the privacy review I identified that the public view was still exposing the internal `kind: "agent"` marker, which would reveal the Agent’s alias and violate the ADR; I’m removing that field from all client-facing views before full verification.
apply_patch({"patchText":"*** Begin Patch\n*** Update File: /home/agent/workspace/src/lib/game-state.ts\n@@\n export type Participant = {\n@@\n   kind: ParticipantKind;\n };\n+\n+export type PublicParticipant = Omit<Participant, \"kind\">;\n@@\n   votingStage?: VotingStage;\n-  participants: readonly Participant[];\n+  participants: readonly PublicParticipant[];\n@@\n export function publicViewFor(state: GameState): PublicGameView {\n+  const participants = state.participants.map(({ id, alias, avatar }) => ({\n+    id,\n+    alias,\n+    avatar,\n+  }));\n   const clues = [...state.round.clues].map(([id, text]) => ({\n@@\n-    participants: state.participants,\n+    participants,\n*** Update File: /home/agent/workspace/src/lib/game-state.test.ts\n@@\n     expect(impostor.role).toBe(\"impostor\");\n     expect(impostor.secretWord).toBeUndefined();\n     expect(publicViewFor(state)).not.toHaveProperty(\"secretWord\");\n+    expect(publicViewFor(state).participants[4]).not.toHaveProperty(\"kind\");\n*** End Patch"})
bash(bunx biome format --write src/lib/game-state.ts src/lib/game-state.test.ts)
todowrite({"todos":[{"content":"Inspect issue 5, branch state, context, ADRs, and existing tests","status":"completed","priority":"high"},{"content":"Implement roles, phases, clues, and private-information behavior with tests","status":"completed","priority":"high"},{"content":"Run focused tests and required verification commands","status":"in_progress","priority":"high"},{"content":"Review diff and commit issue 5 changes","status":"pending","priority":"high"}]})
The public projection now strips the internal Agent marker while preserving aliases, avatars, category, and public clues. I’m running the focused test plus all four required repository checks; afterward I’ll inspect only the issue-specific diff and commit those two new files without touching the pre-existing worktree changes.
bash(bun run test)
bash(bun run lint)
bash(bun run typecheck)
bash(bun run build)
read({"filePath":"/home/agent/workspace/src/lib/game-state.ts","offset":35,"limit":65})
apply_patch({"patchText":"*** Begin Patch\n*** Update File: /home/agent/workspace/src/lib/game-state.ts\n@@\n-  participants: readonly PublicParticipant[];\n+  participants: readonly Participant[];\n@@\n-  participants: readonly Participant[];\n+  participants: readonly PublicParticipant[];\n*** End Patch"})
bash(bun test src/lib/game-state.test.ts && bunx biome check src/lib/game-state.ts src/lib/game-state.test.ts)
bash(bun run typecheck)
Agent idle for 1 minute
bash(bun run build)
All focused checks, full tests, typecheck, and build pass. The required repository-wide lint command is blocked by 34 formatter diagnostics in pre-existing modified files outside this issue; the two issue files pass Biome directly. I’m reviewing the scoped diff and will commit only `game-state.ts` and its test.
bash(git diff -- src/lib/game-state.ts src/lib/game-state.test.ts)
read({"filePath":"/home/agent/workspace/src/lib/game-state.ts"})
read({"filePath":"/home/agent/workspace/src/lib/game-state.test.ts"})
bash(git status --short && git log --oneline -10)
apply_patch({"patchText":"*** Begin Patch\n*** Update File: /home/agent/workspace/src/lib/game-state.ts\n@@\n   discussion: string;\n   voteTally?: Readonly<Record<string, number>>;\n+  impostorVoteTally?: Readonly<Record<string, number>>;\n@@\n-    ...(reveal ? { voteTally: tally(state.round.votes.ai_detection) } : {}),\n+    ...(reveal\n+      ? {\n+          voteTally: tally(state.round.votes.ai_detection),\n+          impostorVoteTally: tally(state.round.votes.impostor),\n+        }\n+      : {}),\n*** Update File: /home/agent/workspace/src/lib/game-state.test.ts\n@@\n-    state = startVoting(state, \"p1\", \"¿Quién parece sospechoso?\");\n+    state = startVoting(state, \"p1\", \"Quien parece sospechoso?\");\n@@\n     expect(state.phase).toBe(\"reveal\");\n     expect(publicViewFor(state).voteTally).toEqual({ p1: 4, p2: 1 });\n+    expect(publicViewFor(state).impostorVoteTally).toEqual({ p1: 5 });\n*** End Patch"})
bash(bunx biome format --write src/lib/game-state.ts src/lib/game-state.test.ts && bun test src/lib/game-state.test.ts && bunx biome check src/lib/game-state.ts src/lib/game-state.test.ts && bun run typecheck)
bash(git add src/lib/game-state.ts src/lib/game-state.test.ts && git status --short && git diff --cached --stat && git diff --cached --check && git diff --cached -- src/lib/game-state.ts src/lib/game-state.test.ts)
bash(git commit -m "feat: implement authoritative game state")
The scoped diff is clean and only the two new game-state files are staged. The first commit attempt was blocked because this environment has no Git author identity configured; I’ll use the repository’s existing commit identity for this commit without changing Git configuration.
bash(git show -s --format='%an%n%ae' HEAD)
bash(GIT_AUTHOR_NAME='OpenCode' GIT_AUTHOR_EMAIL='opencode@users.noreply.github.com' GIT_COMMITTER_NAME='OpenCode' GIT_COMMITTER_EMAIL='opencode@users.noreply.github.com' git commit -m "feat: implement authoritative game state")
bash(git diff HEAD^ HEAD --check)
bash(git status --short --branch && git show --stat --oneline HEAD)
todowrite({"todos":[{"content":"Inspect issue 5, branch state, context, ADRs, and existing tests","status":"completed","priority":"high"},{"content":"Implement roles, phases, clues, and private-information behavior with tests","status":"completed","priority":"high"},{"content":"Run focused tests and required verification commands","status":"completed","priority":"high"},{"content":"Review diff and commit issue 5 changes","status":"completed","priority":"high"}]})
Implemented and committed issue 5 on `sandcastle/issue-5`.

- Added authoritative game state machine, roles, phases, clues, votes, and private views.
- Added acceptance tests for privacy, authorization, duplicate actions, and transitions.
- Tests, typecheck, build, and focused lint pass.
- Repository lint remains blocked by pre-existing formatting issues outside this change.
- Commit: `db155ee`

<promise>COMPLETE</promise>
Agent stopped
Syncing 1 commit to host
Syncing 1 commit to host done (0.0s)
Collecting commits
Collecting commits done (0.1s)
Agent signaled completion after 1 iteration(s).
Run complete: agent finished after 1 iteration(s).

--- Run started: 2026-08-08T14:24:49.038Z ---
Iteration 1/100
Setting up sandbox
Setting up sandbox done (0.4s)
Agent started
I’ll inspect issue 5, the domain context/ADRs, and existing game-state tests before making focused changes on `sandcastle/issue-5`.
todowrite({"todos":[{"content":"Read issue 5, context, ADRs, and repository status","status":"in_progress","priority":"high"},{"content":"Explore existing game-state implementation and tests","status":"pending","priority":"high"},{"content":"Implement issue 5 with behavior-level tests","status":"pending","priority":"high"},{"content":"Run focused and required verification commands","status":"pending","priority":"high"},{"content":"Review diff and commit changes","status":"pending","priority":"high"}]})
bash(git status --short --branch)
read({"filePath":"/home/agent/workspace/CONTEXT.md"})
bash(gh issue view 5 --repo Atypical-Playworks/impostoi --comments)
glob({"pattern":"**/*test*","path":"/home/agent/workspace"})
glob({"pattern":"docs/adr/**/*","path":"/home/agent/workspace"})
read({"filePath":"/home/agent/workspace/package.json"})
read({"filePath":"/home/agent/workspace/src/lib/portal-room.test.ts"})
read({"filePath":"/home/agent/workspace/src/lib/game-state.ts"})
read({"filePath":"/home/agent/workspace/src/lib/portal-room.ts"})
read({"filePath":"/home/agent/workspace/src/lib/game-state.test.ts"})
read({"filePath":"/home/agent/workspace/docs/adr/0002-independent-hidden-roles.md"})
read({"filePath":"/home/agent/workspace/docs/adr/0001-live-game-authority.md"})
grep({"pattern":"startCluePhase|submitClue|viewFor|MATCH_ROUNDS|roundNumber|clue_phase","path":"/home/agent/workspace","include":"*.{ts,tsx,md}"})
bash(git log --oneline --all --decorate -12)
bash(gh issue view 5 --repo Atypical-Playworks/impostoi --json number,title,body,state,comments,labels,assignees)
Issue 5 is closed upstream, but this branch contains its implementation plus a hardening commit. I’m treating the acceptance criteria as the source of truth and checking for remaining state-machine/privacy gaps rather than changing unrelated worktree edits.
read({"filePath":"/home/agent/workspace/docs/adr/0004-agent-runtime-and-benchmarking.md"})
read({"filePath":"/home/agent/workspace/docs/agents/domain.md"})
bash(git diff -- src/lib/game-state.ts src/lib/game-state.test.ts)
bash(git show --stat --oneline db155ee && git show --stat --oneline cedb830)
todowrite({"todos":[{"content":"Read issue 5, context, ADRs, and repository status","status":"completed","priority":"high"},{"content":"Explore existing game-state implementation and tests","status":"completed","priority":"high"},{"content":"Implement issue 5 with behavior-level tests","status":"in_progress","priority":"high"},{"content":"Run focused and required verification commands","status":"pending","priority":"high"},{"content":"Review diff and commit changes","status":"pending","priority":"high"}]})
bash(bun test src/lib/game-state.test.ts)
bash(git diff --stat main...HEAD && git diff -- src/lib/game-state.ts src/lib/game-state.test.ts | wc -l)
The state machine already covers the core role, phase, clue, and vote contracts. I found one boundary gap in the constructor: it accepts an empty Match identifier, which undermines the server-authoritative room/state identity. I’ll add a focused failing test and validation without expanding the round model beyond issue 5’s stated contract.
apply_patch({"patchText":"*** Begin Patch\n*** Update File: /home/agent/workspace/src/lib/game-state.test.ts\n@@\n   test(\"rejects malformed authority and participant inputs\", () => {\n+    expect(() =>\n+      createGame({\n+        matchId: \"   \",\n+        hostId: \"p1\",\n+        participants,\n+        category: \"Animales\",\n+        secretWord: \"zorro\",\n+        agentId: \"agent\",\n+      }),\n+    ).toThrow(\"invalid-match\");\n+\n     expect(() =>\n       createGame({\n*** Update File: /home/agent/workspace/src/lib/game-state.ts\n@@\n export function createGame(input: CreateGameInput): GameState {\n+  if (!input.matchId.trim()) {\n+    throw new GameStateError(\"invalid-match\");\n+  }\n   const players = input.participants.filter(({ kind }) => kind === \"player\");\n*** End Patch"})
bash(bun test src/lib/game-state.test.ts)
todowrite({"todos":[{"content":"Read issue 5, context, ADRs, and repository status","status":"completed","priority":"high"},{"content":"Explore existing game-state implementation and tests","status":"completed","priority":"high"},{"content":"Implement issue 5 with behavior-level tests","status":"completed","priority":"high"},{"content":"Run focused and required verification commands","status":"in_progress","priority":"high"},{"content":"Review diff and commit changes","status":"pending","priority":"high"}]})
The focused game-state suite passes with the new boundary test. I’m running the full required test, lint, typecheck, and build commands now; afterward I’ll stage only the two game-state files and inspect the commit diff.
bash(bun run test)
bash(bun run lint)
bash(bun run typecheck)
Agent idle for 1 minute
bash(bun run build)
bash(git diff --check -- src/lib/game-state.ts src/lib/game-state.test.ts)
bash(git diff --numstat -- src/lib/game-state.ts src/lib/game-state.test.ts && git diff --ignore-space-at-eol -- src/lib/game-state.ts src/lib/game-state.test.ts)
bash(bunx biome check src/lib/game-state.ts src/lib/game-state.test.ts)
The required checks found a repository-wide pre-existing formatting failure: 36 files use the wrong line-ending format, including these files before my change. Tests, typecheck, and build pass. I’m preserving that unrelated state and staging only the semantic validation/test additions, not the line-ending churn.
bash(git diff --ignore-space-at-eol -- src/lib/game-state.ts src/lib/game-state.test.ts | git apply --cached --ignore-whitespace)
bash(git diff --cached --check)
bash(git diff --cached --stat && git diff --cached -- src/lib/game-state.ts src/lib/game-state.test.ts)
bash(git status --short)
bash(git diff --name-only | wc -l)
bash(git log --oneline -10)
bash(git commit -m "fix: validate game match identity")
bash(git show -s --format='%an <%ae>' HEAD)
bash(GIT_AUTHOR_NAME='OpenCode' GIT_AUTHOR_EMAIL='opencode@users.noreply.github.com' GIT_COMMITTER_NAME='OpenCode' GIT_COMMITTER_EMAIL='opencode@users.noreply.github.com' git commit -m "fix: validate game match identity")
bash(git show --stat --oneline HEAD && git show --check --oneline HEAD)
bash(git status --short --branch)
todowrite({"todos":[{"content":"Read issue 5, context, ADRs, and repository status","status":"completed","priority":"high"},{"content":"Explore existing game-state implementation and tests","status":"completed","priority":"high"},{"content":"Implement issue 5 with behavior-level tests","status":"completed","priority":"high"},{"content":"Run focused and required verification commands","status":"completed","priority":"high"},{"content":"Review diff and commit changes","status":"completed","priority":"high"}]})
Implemented and committed on `sandcastle/issue-5`.

- Added Match ID validation and test coverage.
- Tests: passed
- Typecheck: passed
- Build: passed
- Lint: blocked by pre-existing line-ending issues across 36 files.
- Commit: `e8de088`

<promise>COMPLETE</promise>
Agent stopped
Syncing 1 commit to host
Syncing 1 commit to host done (0.0s)
Collecting commits
Collecting commits done (0.1s)
Agent signaled completion after 1 iteration(s).
Run complete: agent finished after 1 iteration(s).
