
--- Run started: 2026-08-08T14:32:28.934Z ---
Iteration 1/1
Setting up sandbox
Setting up sandbox done (0.3s)
Agent started
I’ll inspect the target branch history and working tree, then compare its changes against the domain contracts and coding standards before deciding whether fixes are required.
todowrite({"todos":[{"content":"Inspect branch commits, diff, and repository guidance","status":"in_progress","priority":"high"},{"content":"Review changed code for correctness, security, and coverage","status":"pending","priority":"high"},{"content":"Apply focused fixes and tests if needed","status":"pending","priority":"high"},{"content":"Run verification and commit any required improvements","status":"pending","priority":"high"}]})
glob({"pattern":"docs/adr/*","path":"/home/agent/workspace"})
e/agent/workspace"})
bash(git status --short --branch)
read({"filePath":"/home/agent/workspace/CONTEXT.md"})
bash(git diff --name-only main...HEAD)
bash(git diff --stat main...HEAD)
read({"filePath":"/home/agent/workspace/.sandcastle/CODING_STANDARDS.md"})
read({"filePath":"/home/agent/workspace/docs/adr/0001-live-game-authority.md"})
read({"filePath":"/home/agent/workspace/docs/adr/0002-independent-hidden-roles.md"})
read({"filePath":"/home/agent/workspace/docs/adr/0003-pseudonymous-progress.md"})
read({"filePath":"/home/agent/workspace/docs/adr/0004-agent-runtime-and-benchmarking.md"})
read({"filePath":"/home/agent/workspace/docs/adr/0005-deployment-and-migrations.md"})
bash(git diff --stat)
read({"filePath":"/home/agent/workspace/src/app/page.tsx"})
read({"filePath":"/home/agent/workspace/src/lib/round-ui.ts"})
read({"filePath":"/home/agent/workspace/src/app/round-room.tsx"})
read({"filePath":"/home/agent/workspace/src/lib/round-ui.test.ts"})
read({"filePath":"/home/agent/workspace/src/app/globals.css","offset":1,"limit":260})
bash(git show --stat --oneline HEAD && git show --format=fuller --no-ext-diff --find-renames HEAD -- src/app/page.tsx src/app/round-room.tsx src/lib/round-ui.ts src/lib/round-ui.test.ts)
The branch adds a fully local, hard-coded round simulator rather than rendering Portal state: it exposes a fixed secret word in the client and lets the client advance phases, submit clues, and record votes. I’m checking the existing authoritative APIs and test/build results now to distinguish intentional UI scaffolding from contract-breaking behavior and identify the smallest safe correction.
glob({"pattern":"src/app/api/**/*.ts","path":"/home/agent/workspace"})
grep({"pattern":"submitClue|vote|phase|portal|Portal","path":"/home/agent/workspace/src","include":"*.ts*"})
read({"filePath":"/home/agent/workspace/src/lib/game-state.ts","offset":1,"limit":260})
read({"filePath":"/home/agent/workspace/src/lib/portal-room.ts","offset":1,"limit":260})
bash(bun run test)
bash(bun run typecheck)
read({"filePath":"/home/agent/workspace/package.json"})
read({"filePath":"/home/agent/workspace/portal.config.ts"})
read({"filePath":"/home/agent/workspace/src/lib/game-state.ts","offset":258,"limit":60})
read({"filePath":"/home/agent/workspace/src/app/api/portal/token/route.ts"})
bash(git diff main...HEAD -- src/app/globals.css | diffstat)
glob({"pattern":"node_modules/@portalsdk/react/**/*","path":"/home/agent/workspace"})
grep({"pattern":"usePortal|PortalProvider|createChannel|useChannel","path":"/home/agent/workspace/node_modules/@portalsdk","include":"*.d.ts"})
bash(bun run lint)
Agent idle for 1 minute
bash(bun run build)
read({"filePath":"/home/agent/workspace/node_modules/@portalsdk/react/dist/index.d.ts"})
grep({"pattern":"createPortal|new Portal|class Portal","path":"/home/agent/workspace/node_modules/@portalsdk/core/dist","include":"*.d.ts"})
read({"filePath":"/home/agent/workspace/node_modules/@portalsdk/core/dist/index.d.ts","offset":440,"limit":80})
The existing server domain already enforces duplicate actions, host-only transitions, complete submissions, and private views, but the new component bypasses all of it. I’m applying a narrow safety correction within this UI change: remove hidden role/word fixtures from the browser bundle and stop presenting the local simulator as a live Portal room; the authoritative wiring remains a required follow-up rather than being invented in this issue.
apply_patch({"patchText":"*** Begin Patch\n*** Update File: /home/agent/workspace/src/app/round-room.tsx\n@@\n-  { id: \"agent\", alias: \"Nube\", avatar: \"#10B981\", activity: \"clue\" },\n+  { id: \"p5\", alias: \"Nube\", avatar: \"#10B981\", activity: \"clue\" },\n@@\n         <div className=\"round-brand\">\n           impostoi <span>ROOM IMPOST</span>\n         </div>\n         <div className=\"connection-status\">\n-          <i /> Portal conectado\n+          <i /> Vista de demostracion\n@@\n       <div className=\"word-card\">\n         <span>Categoria</span>\n         <strong>Animales</strong>\n         <div className=\"secret-word\">\n-          <span>Tu palabra secreta</span>\n-          <b>zorro</b>\n+          <span>Palabra privada</span>\n+          <b>No disponible en la demo</b>\n@@\n function Reveal({ onResults }: { onResults: () => void }) {\n@@\n       </span>\n       <p className=\"eyebrow\">Votacion cerrada</p>\n-      <h2>La IA era Nube</h2>\n-      <p>\n-        Y el impostor de esta ronda era <strong>Rio Turbo</strong>.\n-      </p>\n+      <h2>Roles revelados</h2>\n+      <p>La sala ya puede mostrar el resultado de la ronda.</p>\n       <div className=\"reveal-roles\">\n         <span>\n           <b>IA</b>\n-          <small>Nube</small>\n+          <small>Resultado privado</small>\n         </span>\n         <span>\n           <b>IMPOSTOR</b>\n-          <small>Rio Turbo</small>\n+          <small>Resultado privado</small>\n*** End Patch"})
bash(git diff --check -- src/app/round-room.tsx)
bash(git diff -- src/app/round-room.tsx)
bash(bunx biome check src/app/round-room.tsx src/lib/round-ui.ts src/lib/round-ui.test.ts)
Agent idle for 1 minute
bash(bun run test && bun run typecheck && bun run build)
todowrite({"todos":[{"content":"Inspect branch commits, diff, and repository guidance","status":"completed","priority":"high"},{"content":"Review changed code for correctness, security, and coverage","status":"completed","priority":"high"},{"content":"Apply focused fixes and tests if needed","status":"completed","priority":"high"},{"content":"Run verification and commit any required improvements","status":"in_progress","priority":"high"}]})
Verification passes for the reviewed files and the application build. The repository-wide lint command is still blocked by pre-existing line-ending/formatting changes across many unrelated files in the worktree, so I’m staging only the targeted safety correction and preserving all other modifications.
grep({"pattern":"zorro|id: \"agent\"|Portal conectado","path":"/home/agent/workspace/src/app/round-room.tsx"})
bash(git log --oneline -10)
bash(git status --short --branch)
bash(git diff --stat && git diff -- src/app/round-room.tsx)
bash(git add -- src/app/round-room.tsx && git commit -m "fix: remove hidden fixtures from round demo")
bash(git -c user.name="OpenCode" -c user.email="opencode@users.noreply.github.com" commit -m "fix: remove hidden fixtures from round demo")
bash(git diff HEAD -- src/app/round-room.tsx)
bash(git log --oneline -3)
bash(git status --short --branch)
todowrite({"todos":[{"content":"Inspect branch commits, diff, and repository guidance","status":"completed","priority":"high"},{"content":"Review changed code for correctness, security, and coverage","status":"completed","priority":"high"},{"content":"Apply focused fixes and tests if needed","status":"completed","priority":"high"},{"content":"Run verification and commit any required improvements","status":"completed","priority":"high"}]})
Review complete.

- Removed hard-coded secret word and role fixtures from the client UI.
- Changed misleading “Portal conectado” status to demo wording.
- Commit: `20687ee`
- Passed: tests, typecheck, build, targeted Biome check.
- Full lint remains blocked by unrelated pre-existing worktree formatting changes.
- The round UI is still a local demo and does not yet use Portal authority; production wiring is required before shipping.

<promise>COMPLETE</promise>
Agent stopped
Syncing 1 commit to host
Syncing 1 commit to host done (0.0s)
Collecting commits
Collecting commits done (0.1s)
Agent signaled completion after 1 iteration(s).
Run complete: agent finished after 1 iteration(s).

--- Run started: 2026-08-08T14:50:17.796Z ---
Iteration 1/1
Setting up sandbox
Setting up sandbox done (0.4s)
Agent started
I’ll inspect the target branch’s commits and diff against its base, then verify the relevant domain contracts and test coverage before making any narrowly scoped fixes.
todowrite({"todos":[{"content":"Inspect branch commits, diff, and worktree state","status":"in_progress","priority":"high"},{"content":"Read CONTEXT, ADRs, and coding standards relevant to changes","status":"pending","priority":"high"},{"content":"Review implementation for security, authority, races, and scope","status":"pending","priority":"high"},{"content":"Apply required fixes and add behavior tests","status":"pending","priority":"high"},{"content":"Run verification commands and commit fixes if needed","status":"pending","priority":"high"}]})
glob({"pattern":"**/*","path":"/home/agent/workspace"})
bash(git branch --all --verbose --no-abbrev)
bash(git status --short --branch && git log --oneline --decorate -10)
glob({"pattern":"docs/adr/*.md","path":"/home/agent/workspace"})
read({"filePath":"/home/agent/workspace/CONTEXT.md"})
read({"filePath":"/home/agent/workspace/.sandcastle/CODING_STANDARDS.md"})
bash(git log --oneline --reverse 062266c..HEAD && git diff --stat 062266c..HEAD)
bash(git diff --stat && git diff -- src/app/page.tsx src/app/round-room.tsx src/lib/round-ui.ts src/lib/round-ui.test.ts)
read({"filePath":"/home/agent/workspace/src/app/round-room.tsx"})
read({"filePath":"/home/agent/workspace/src/lib/round-ui.ts"})
read({"filePath":"/home/agent/workspace/src/lib/round-ui.test.ts"})
read({"filePath":"/home/agent/workspace/docs/adr/0001-live-game-authority.md"})
read({"filePath":"/home/agent/workspace/docs/adr/0004-agent-runtime-and-benchmarking.md"})
read({"filePath":"/home/agent/workspace/docs/adr/0002-independent-hidden-roles.md"})
bash(git diff --find-renames --ignore-space-at-eol 062266c..HEAD -- src/app/round-room.tsx src/lib/round-ui.ts src/lib/round-ui.test.ts src/app/page.tsx | diff --stat -)
read({"filePath":"/home/agent/workspace/src/lib/game-state.ts"})
read({"filePath":"/home/agent/workspace/src/lib/game-state.test.ts"})
grep({"pattern":"RoundRoom|round-ui|Vista de demostracion|agentAlias|impostorAlias|starterClues","path":"/home/agent/workspace","include":"*.{ts,tsx,md}"})
bash(git show --stat --oneline 5749119 && git show --stat --oneline 20687ee && git show --stat --oneline 3b89649 && git show --format=fuller --no-patch 062266c 5749119 20687ee 3b89649)
read({"filePath":"/home/agent/workspace/package.json"})
read({"filePath":"/home/agent/workspace/docs/adr/0005-deployment-and-migrations.md"})
read({"filePath":"/home/agent/workspace/docs/agents/domain.md"})
bash(git diff --name-status 062266c..HEAD)
bash(git show --format=fuller --find-renames 20687ee -- src/app/round-room.tsx && git show --format=fuller --find-renames 3b89649 -- src/app/round-room.tsx src/lib/round-ui.ts)
The branch adds a client-only “demo” room rather than wiring the existing authoritative game-state/Portal path. I’m checking whether that is explicitly the issue’s intended scope; independently, the round timer and reveal flow currently allow local state to stand in for server outcomes, which is a likely contract violation.
bash(git diff --check 062266c..HEAD && git status --short)
bash(git log --all --oneline --decorate --grep='issue-7\|round UI\|playable round' -20)
bash(gh issue view 7 --json number,title,body,state,labels 2>/dev/null)
read({"filePath":"/home/agent/workspace/src/lib/portal-room.ts"})
todowrite({"todos":[{"content":"Inspect branch commits, diff, and worktree state","status":"completed","priority":"high"},{"content":"Read CONTEXT, ADRs, and coding standards relevant to changes","status":"completed","priority":"high"},{"content":"Review implementation for security, authority, races, and scope","status":"in_progress","priority":"high"},{"content":"Apply required fixes and add behavior tests","status":"pending","priority":"high"},{"content":"Run verification commands and commit fixes if needed","status":"pending","priority":"high"}]})
bash(bun run test)
bash(bun run lint)
bash(bun run typecheck)
Agent idle for 1 minute
bash(bun run build)
Verification shows tests, typecheck, and build pass, but lint is already blocked by repository-wide CRLF/formatter drift in unrelated files. I found two branch-local correctness issues worth fixing: the UI advances to discussion before all participants’ clues exist, and the client bundle contains a fixed Agent/Impostor assignment despite the demo’s privacy claim. I’ll correct both without touching the pre-existing formatting drift.
apply_patch({"patchText":"*** Begin Patch\n*** Update File: /home/agent/workspace/src/lib/round-ui.ts\n@@\n export function canSubmitClue(clue: string, submitted: boolean): boolean {\n   return !submitted && clue.trim().length > 0;\n }\n+\n+export function canAdvanceToDiscussion(\n+  clueCount: number,\n+  participantCount: number,\n+  secondsLeft: number | null,\n+): boolean {\n+  return clueCount >= participantCount || secondsLeft === 0;\n+}\n*** Update File: /home/agent/workspace/src/lib/round-ui.test.ts\n@@\n import {\n+  canAdvanceToDiscussion,\n   canSubmitClue,\n@@\n   test(\"never allows an empty or already submitted clue\", () => {\n@@\n   });\n+\n+  test(\"waits for all clues or the clue timer to expire before discussion\", () => {\n+    expect(canAdvanceToDiscussion(4, 5, 10)).toBe(false);\n+    expect(canAdvanceToDiscussion(5, 5, 10)).toBe(true);\n+    expect(canAdvanceToDiscussion(4, 5, 0)).toBe(true);\n+    expect(canAdvanceToDiscussion(4, 5, null)).toBe(false);\n+  });\n*** Update File: /home/agent/workspace/src/app/round-room.tsx\n@@\n   canSubmitClue,\n+  canAdvanceToDiscussion,\n@@\n               clues={clues}\n               submittedClue={submittedClue}\n+              secondsLeft={secondsLeft}\n@@\n             <Reveal\n-              agentAlias=\"Nube\"\n-              impostorAlias=\"Rio Turbo\"\n               onResults={() => setPhase(\"results\")}\n@@\n   clues,\n   submittedClue,\n+  secondsLeft,\n@@\n   clues: { alias: string; text: string }[];\n   submittedClue: string | null;\n+  secondsLeft: number | null;\n@@\n-          {clues.length >= 5 || submittedClue ? (\n+          {canAdvanceToDiscussion(\n+            clues.length,\n+            participants.length,\n+            secondsLeft,\n+          ) ? (\n@@\n function Reveal({\n-  agentAlias,\n-  impostorAlias,\n   onResults,\n }: {\n-  agentAlias: string;\n-  impostorAlias: string;\n   onResults: () => void;\n@@\n         <span>\n           <b>IA</b>\n-          <small>{agentAlias}</small>\n+          <small>Resultado de Portal</small>\n         </span>\n         <span>\n           <b>IMPOSTOR</b>\n-          <small>{impostorAlias}</small>\n+          <small>Resultado de Portal</small>\n*** End Patch"})
apply_patch({"patchText":"*** Begin Patch\n*** Update File: /home/agent/workspace/src/app/round-room.tsx\n@@\n   const voteSubmitted = Boolean(votes[votingStage]);\n   const submitClue = () => {\n-    if (!canSubmitClue(clue, submittedClue !== null)) return;\n+    if (\n+      secondsLeft === 0 ||\n+      !canSubmitClue(clue, submittedClue !== null)\n+    )\n+      return;\n@@\n           value={clue}\n-          disabled={submittedClue !== null}\n+          disabled={submittedClue !== null || secondsLeft === 0}\n@@\n-              disabled={!canSubmitClue(clue, false)}\n+              disabled={\n+                secondsLeft === 0 || !canSubmitClue(clue, false)\n+              }\n*** End Patch"})
bash(git diff -- src/app/round-room.tsx src/lib/round-ui.ts src/lib/round-ui.test.ts)
bash(bunx biome check src/app/round-room.tsx src/lib/round-ui.ts src/lib/round-ui.test.ts)
bash(bun test src/lib/round-ui.test.ts && bun run typecheck)
apply_patch({"patchText":"*** Begin Patch\n*** Update File: /home/agent/workspace/src/app/round-room.tsx\n@@\n import type { MatchPhase, VotingStage } from \"@/lib/game-state\";\n import {\n-  canSubmitClue,\n   canAdvanceToDiscussion,\n+  canSubmitClue,\n@@\n   const voteSubmitted = Boolean(votes[votingStage]);\n   const submitClue = () => {\n-    if (\n-      secondsLeft === 0 ||\n-      !canSubmitClue(clue, submittedClue !== null)\n-    )\n-      return;\n+    if (secondsLeft === 0 || !canSubmitClue(clue, submittedClue !== null))\n+      return;\n@@\n           {phase === \"reveal\" ? (\n-            <Reveal\n-              onResults={() => setPhase(\"results\")}\n-            />\n+            <Reveal onResults={() => setPhase(\"results\")} />\n@@\n-              disabled={\n-                secondsLeft === 0 || !canSubmitClue(clue, false)\n-              }\n+              disabled={secondsLeft === 0 || !canSubmitClue(clue, false)}\n@@\n-function Reveal({\n-  onResults,\n-}: {\n-  onResults: () => void;\n-}) {\n+function Reveal({ onResults }: { onResults: () => void }) {\n*** End Patch"})
todowrite({"todos":[{"content":"Inspect branch commits, diff, and worktree state","status":"completed","priority":"high"},{"content":"Read CONTEXT, ADRs, and coding standards relevant to changes","status":"completed","priority":"high"},{"content":"Review implementation for security, authority, races, and scope","status":"completed","priority":"high"},{"content":"Apply required fixes and add behavior tests","status":"completed","priority":"high"},{"content":"Run verification commands and commit fixes if needed","status":"in_progress","priority":"high"}]})
The fixes now gate discussion until all five visible participants have submitted or the clue timer expires, reject clue submission after expiry, and remove the client-side fixed role assignment from the reveal. I’m running focused formatting/tests plus the full suite, then I’ll commit only these three branch-local files.
bash(bunx biome check src/app/round-room.tsx src/lib/round-ui.ts src/lib/round-ui.test.ts && git diff --check -- src/app/round-room.tsx src/lib/round-ui.ts src/lib/round-ui.test.ts)
bash(bun run test)
bash(bun run typecheck)
Agent idle for 1 minute
bash(bun run build)
bash(git log --oneline -10)
bash(git diff -- src/app/round-room.tsx src/lib/round-ui.ts src/lib/round-ui.test.ts)
bash(git status --short --branch)
bash(git add src/app/round-room.tsx src/lib/round-ui.ts src/lib/round-ui.test.ts && git commit -m "fix: guard demo round transitions")
All targeted verification passes. The commit was blocked only because this checkout has no Git author identity configured; I’ll commit with temporary command-scoped author metadata and leave the unrelated pre-existing worktree changes untouched.
bash(GIT_AUTHOR_NAME="OpenCode" GIT_AUTHOR_EMAIL="opencode@users.noreply.github.com" GIT_COMMITTER_NAME="OpenCode" GIT_COMMITTER_EMAIL="opencode@users.noreply.github.com" git commit -m "fix: guard demo round transitions")
bash(git show --stat --oneline --decorate HEAD)
bash(git status --short --branch)
todowrite({"todos":[{"content":"Inspect branch commits, diff, and worktree state","status":"completed","priority":"high"},{"content":"Read CONTEXT, ADRs, and coding standards relevant to changes","status":"completed","priority":"high"},{"content":"Review implementation for security, authority, races, and scope","status":"completed","priority":"high"},{"content":"Apply required fixes and add behavior tests","status":"completed","priority":"high"},{"content":"Run verification commands and commit fixes if needed","status":"completed","priority":"high"}]})
Reviewed and fixed branch `sandcastle/issue-7`.

- Prevented premature discussion transitions.
- Blocked clue submission after timeout.
- Removed client-side hardcoded role assignments.
- Added behavior tests.
- Tests, typecheck, build, and targeted lint pass.
- Full lint remains blocked by pre-existing repository-wide CRLF formatting drift.
- Committed as `4db8b39`.

<promise>COMPLETE</promise>
Agent stopped
Syncing 1 commit to host
Syncing 1 commit to host done (0.0s)
Collecting commits
Collecting commits done (0.1s)
Agent signaled completion after 1 iteration(s).
Run complete: agent finished after 1 iteration(s).
